<html>
<body>
<pre>
<h1>µVision Build Log</h1>
<h2>Tool Versions:</h2>
IDE-Version: ¦ÌVision V5.42.0.0
Copyright (C) 2025 ARM Ltd and ARM Germany GmbH. All rights reserved.
License Information: drinker ., HITSZ, LIC=2TTQ1-CSQVV-AWE2F-6UCA2-5YISU-TIV4A
 
Tool Versions:
Toolchain:       MDK-ARM Professional  Version: 5.42.0.0
Toolchain Path:  D:\Keil_v5\ARM\ARMCOMPLIER506\Bin
C Compiler:      Armcc.exe V5.06 update 7 (build 960)
Assembler:       Armasm.exe V5.06 update 7 (build 960)
Linker/Locator:  ArmLink.exe V5.06 update 7 (build 960)
Library Manager: ArmAr.exe V5.06 update 7 (build 960)
Hex Converter:   FromElf.exe V5.06 update 7 (build 960)
CPU DLL:         SARMCM3.DLL V5.42.0.0
Dialog DLL:      DCM.DLL V1.17.5.0
Target DLL:      STLink\ST-LINKIII-KEIL_SWO.dll V3.3.0.0
Dialog DLL:      TCM.DLL V1.56.6.0
 
<h2>Project:</h2>
D:\Project\Real_Project\2025_QianCompitition\Project_code\2025_QianCompetition_GreenAwnDream\ESP8266.uvprojx
Project File Date:  07/07/2025

<h2>Output:</h2>
*** Using Compiler 'V5.06 update 7 (build 960)', folder: 'D:\Keil_v5\ARM\ARMCOMPLIER506\Bin'
Rebuild target 'Target_1'
assembling startup_stm32f40_41xxx.s...
compiling system_stm32f4xx.c...
compiling misc.c...
compiling stm32f4xx_cryp_aes.c...
compiling stm32f4xx_dac.c...
compiling stm32f4xx_cryp.c...
compiling stm32f4xx_adc.c...
compiling stm32f4xx_dfsdm.c...
compiling stm32f4xx_can.c...
compiling stm32f4xx_crc.c...
compiling stm32f4xx_cryp_tdes.c...
compiling stm32f4xx_dbgmcu.c...
compiling stm32f4xx_dcmi.c...
compiling stm32f4xx_dma.c...
compiling stm32f4xx_cec.c...
compiling stm32f4xx_dma2d.c...
compiling stm32f4xx_cryp_des.c...
compiling stm32f4xx_dsi.c...
compiling stm32f4xx_exti.c...
compiling stm32f4xx_flash.c...
compiling stm32f4xx_flash_ramfunc.c...
compiling stm32f4xx_fmpi2c.c...
compiling stm32f4xx_fsmc.c...
compiling stm32f4xx_gpio.c...
compiling stm32f4xx_hash.c...
compiling stm32f4xx_hash_md5.c...
compiling stm32f4xx_hash_sha1.c...
compiling stm32f4xx_i2c.c...
compiling stm32f4xx_lptim.c...
compiling stm32f4xx_iwdg.c...
compiling stm32f4xx_qspi.c...
compiling stm32f4xx_pwr.c...
compiling stm32f4xx_ltdc.c...
compiling stm32f4xx_rcc.c...
compiling stm32f4xx_rng.c...
compiling stm32f4xx_sai.c...
compiling stm32f4xx_rtc.c...
compiling stm32f4xx_sdio.c...
compiling stm32f4xx_spdifrx.c...
compiling stm32f4xx_spi.c...
compiling stm32f4xx_syscfg.c...
compiling stm32f4xx_tim.c...
compiling stm32f4xx_usart.c...
compiling stm32f4xx_wwdg.c...
compiling stm32f4xx_it.c...
compiling main.c...
compiling ESP8266.c...
Hardware\ESP8266.c(36): warning:  #167-D: argument of type "uint8_t *" is incompatible with parameter of type "const char *"
  	 if(strcmp(ESP8266_ReceiveCmd,"Request for Communication Protocol\r\n")==0){
Hardware\ESP8266.c: 1 warning, 0 errors
compiling brushlessMotor.c...
compiling encoder.c...
compiling Modbus.c...
compiling RGB.c...
compiling tracking.c...
compiling OLED_Data.c...
compiling usartx.c...
compiling Timer.c...
compiling delay.c...
compiling sys.c...
compiling usart.c...
compiling balance.c...
Balance\balance.c(188): warning:  #177-D: variable "V_offset"  was declared but never referenced
      float V_offset = 0.5f;
Balance\balance.c: 1 warning, 0 errors
compiling robot_select_init.c...
compiling system.c...
compiling OLED.c...
linking...
Program Size: Code=20194 RO-data=2598 RW-data=424 ZI-data=8640  
FromELF: creating hex file...
".\Objects\ESP8266.axf" - 0 Error(s), 2 Warning(s).

<h2>Software Packages used:</h2>

Package Vendor: Keil
                https://www.keil.com/pack/Keil.STM32F4xx_DFP.3.0.0.pack
                Keil::STM32F4xx_DFP@3.0.0
                STMicroelectronics STM32F4 Series Device Support

<h2>Collection of Component include folders:</h2>

<h2>Collection of Component Files used:</h2>
Build Time Elapsed:  00:00:08
</pre>
</body>
</html>
