<html>
<body>
<pre>
<h1>µVision Build Log</h1>
<h2>Tool Versions:</h2>
IDE-Version: ¦ÌVision V5.42.0.0
Copyright (C) 2025 ARM Ltd and ARM Germany GmbH. All rights reserved.
License Information: drinker ., HITSZ, LIC=2TTQ1-CSQVV-AWE2F-6UCA2-5YISU-TIV4A
 
Tool Versions:
Toolchain:       MDK-ARM Professional  Version: 5.42.0.0
Toolchain Path:  D:\Keil_v5\ARM\ARMCOMPLIER506\Bin
C Compiler:      Armcc.exe V5.06 update 7 (build 960)
Assembler:       Armasm.exe V5.06 update 7 (build 960)
Linker/Locator:  ArmLink.exe V5.06 update 7 (build 960)
Library Manager: ArmAr.exe V5.06 update 7 (build 960)
Hex Converter:   FromElf.exe V5.06 update 7 (build 960)
CPU DLL:         SARMCM3.DLL V5.42.0.0
Dialog DLL:      DCM.DLL V1.17.5.0
Target DLL:      STLink\ST-LINKIII-KEIL_SWO.dll V3.3.0.0
Dialog DLL:      TCM.DLL V1.56.6.0
 
<h2>Project:</h2>
C:\Project\Real_Project\2025_QianCompitition\Project_code\2025_QianCompetition_GreenAwnDream\USER\WHEELTEC.uvprojx
Project File Date:  05/29/2025

<h2>Output:</h2>
*** Using Compiler 'V5.06 update 7 (build 960)', folder: 'D:\Keil_v5\ARM\ARMCOMPLIER506\Bin'
Build target 'FreeRTOS'
compiling system.c...
compiling main.c...
compiling encoder.c...
compiling usartx.c...
compiling oled.c...
compiling show.c...
compiling tracking.c...
compiling key.c...
compiling robot_select_init.c...
compiling balance.c...
..\BALANCE\balance.c(913): warning:  #177-D: variable "Encoder_C_pr"  was declared but never referenced
  		float Encoder_A_pr,Encoder_B_pr,Encoder_C_pr,Encoder_D_pr; 
..\BALANCE\balance.c(913): warning:  #177-D: variable "Encoder_D_pr"  was declared but never referenced
  		float Encoder_A_pr,Encoder_B_pr,Encoder_C_pr,Encoder_D_pr; 
..\BALANCE\balance.c: 2 warnings, 0 errors
compiling LED.C...
compiling brushlessMotor.c...
compiling adc.c...
compiling pstwo.c...
compiling timer.c...
compiling can.c...
compiling MPU6050.c...
compiling I2C.c...
linking...
Program Size: Code=36806 RO-data=7450 RW-data=616 ZI-data=25984  
FromELF: creating hex file...
"..\OBJ\WHEELTEC.axf" - 0 Error(s), 2 Warning(s).

<h2>Software Packages used:</h2>

Package Vendor: Keil
                https://www.keil.com/pack/Keil.STM32F4xx_DFP.3.0.0.pack
                Keil::STM32F4xx_DFP@3.0.0
                STMicroelectronics STM32F4 Series Device Support

<h2>Collection of Component include folders:</h2>

<h2>Collection of Component Files used:</h2>
Build Time Elapsed:  00:00:02
</pre>
</body>
</html>
