Component: ARM Compiler 5.06 update 7 (build 960) Tool: armlink [4d3601]

==============================================================================

Section Cross References

    startup_stm32f40_41xxx.o(STACK) refers (Special) to heapauxi.o(.text) for __use_two_region_memory
    startup_stm32f40_41xxx.o(HEAP) refers (Special) to heapauxi.o(.text) for __use_two_region_memory
    startup_stm32f40_41xxx.o(RESET) refers (Special) to heapauxi.o(.text) for __use_two_region_memory
    startup_stm32f40_41xxx.o(RESET) refers to startup_stm32f40_41xxx.o(STACK) for __initial_sp
    startup_stm32f40_41xxx.o(RESET) refers to startup_stm32f40_41xxx.o(.text) for Reset_Handler
    startup_stm32f40_41xxx.o(RESET) refers to stm32f4xx_it.o(i.NMI_Handler) for NMI_Handler
    startup_stm32f40_41xxx.o(RESET) refers to stm32f4xx_it.o(i.HardFault_Handler) for HardFault_Handler
    startup_stm32f40_41xxx.o(RESET) refers to stm32f4xx_it.o(i.MemManage_Handler) for MemManage_Handler
    startup_stm32f40_41xxx.o(RESET) refers to stm32f4xx_it.o(i.BusFault_Handler) for BusFault_Handler
    startup_stm32f40_41xxx.o(RESET) refers to stm32f4xx_it.o(i.UsageFault_Handler) for UsageFault_Handler
    startup_stm32f40_41xxx.o(RESET) refers to stm32f4xx_it.o(i.SVC_Handler) for SVC_Handler
    startup_stm32f40_41xxx.o(RESET) refers to stm32f4xx_it.o(i.DebugMon_Handler) for DebugMon_Handler
    startup_stm32f40_41xxx.o(RESET) refers to stm32f4xx_it.o(i.PendSV_Handler) for PendSV_Handler
    startup_stm32f40_41xxx.o(RESET) refers to stm32f4xx_it.o(i.SysTick_Handler) for SysTick_Handler
    startup_stm32f40_41xxx.o(RESET) refers to encoder.o(i.EXTI0_IRQHandler) for EXTI0_IRQHandler
    startup_stm32f40_41xxx.o(RESET) refers to encoder.o(i.EXTI2_IRQHandler) for EXTI2_IRQHandler
    startup_stm32f40_41xxx.o(RESET) refers to encoder.o(i.TIM2_IRQHandler) for TIM2_IRQHandler
    startup_stm32f40_41xxx.o(RESET) refers to encoder.o(i.TIM3_IRQHandler) for TIM3_IRQHandler
    startup_stm32f40_41xxx.o(RESET) refers to modbus.o(i.USART2_IRQHandler) for USART2_IRQHandler
    startup_stm32f40_41xxx.o(RESET) refers to esp8266.o(i.USART3_IRQHandler) for USART3_IRQHandler
    startup_stm32f40_41xxx.o(RESET) refers to tracking.o(i.UART5_IRQHandler) for UART5_IRQHandler
    startup_stm32f40_41xxx.o(RESET) refers to timer.o(i.TIM7_IRQHandler) for TIM7_IRQHandler
    startup_stm32f40_41xxx.o(.text) refers (Special) to heapauxi.o(.text) for __use_two_region_memory
    startup_stm32f40_41xxx.o(.text) refers to system_stm32f4xx.o(i.SystemInit) for SystemInit
    startup_stm32f40_41xxx.o(.text) refers to __main.o(!!!main) for __main
    startup_stm32f40_41xxx.o(.text) refers to startup_stm32f40_41xxx.o(HEAP) for Heap_Mem
    startup_stm32f40_41xxx.o(.text) refers to startup_stm32f40_41xxx.o(STACK) for Stack_Mem
    system_stm32f4xx.o(i.SystemCoreClockUpdate) refers to system_stm32f4xx.o(.data) for SystemCoreClock
    system_stm32f4xx.o(i.SystemInit) refers to system_stm32f4xx.o(i.SetSysClock) for SetSysClock
    stm32f4xx_adc.o(i.ADC_DeInit) refers to stm32f4xx_rcc.o(i.RCC_APB2PeriphResetCmd) for RCC_APB2PeriphResetCmd
    stm32f4xx_can.o(i.CAN_DeInit) refers to stm32f4xx_rcc.o(i.RCC_APB1PeriphResetCmd) for RCC_APB1PeriphResetCmd
    stm32f4xx_can.o(i.CAN_GetITStatus) refers to stm32f4xx_can.o(i.CheckITStatus) for CheckITStatus
    stm32f4xx_cryp.o(i.CRYP_DeInit) refers to stm32f4xx_rcc.o(i.RCC_AHB2PeriphResetCmd) for RCC_AHB2PeriphResetCmd
    stm32f4xx_cryp_aes.o(i.CRYP_AES_CBC) refers to stm32f4xx_cryp.o(i.CRYP_KeyStructInit) for CRYP_KeyStructInit
    stm32f4xx_cryp_aes.o(i.CRYP_AES_CBC) refers to stm32f4xx_cryp.o(i.CRYP_FIFOFlush) for CRYP_FIFOFlush
    stm32f4xx_cryp_aes.o(i.CRYP_AES_CBC) refers to stm32f4xx_cryp.o(i.CRYP_Init) for CRYP_Init
    stm32f4xx_cryp_aes.o(i.CRYP_AES_CBC) refers to stm32f4xx_cryp.o(i.CRYP_KeyInit) for CRYP_KeyInit
    stm32f4xx_cryp_aes.o(i.CRYP_AES_CBC) refers to stm32f4xx_cryp.o(i.CRYP_Cmd) for CRYP_Cmd
    stm32f4xx_cryp_aes.o(i.CRYP_AES_CBC) refers to stm32f4xx_cryp.o(i.CRYP_GetFlagStatus) for CRYP_GetFlagStatus
    stm32f4xx_cryp_aes.o(i.CRYP_AES_CBC) refers to stm32f4xx_cryp.o(i.CRYP_IVInit) for CRYP_IVInit
    stm32f4xx_cryp_aes.o(i.CRYP_AES_CBC) refers to stm32f4xx_cryp.o(i.CRYP_GetCmdStatus) for CRYP_GetCmdStatus
    stm32f4xx_cryp_aes.o(i.CRYP_AES_CBC) refers to stm32f4xx_cryp.o(i.CRYP_DataIn) for CRYP_DataIn
    stm32f4xx_cryp_aes.o(i.CRYP_AES_CBC) refers to stm32f4xx_cryp.o(i.CRYP_DataOut) for CRYP_DataOut
    stm32f4xx_cryp_aes.o(i.CRYP_AES_CCM) refers to stm32f4xx_cryp.o(i.CRYP_KeyStructInit) for CRYP_KeyStructInit
    stm32f4xx_cryp_aes.o(i.CRYP_AES_CCM) refers to stm32f4xx_cryp.o(i.CRYP_FIFOFlush) for CRYP_FIFOFlush
    stm32f4xx_cryp_aes.o(i.CRYP_AES_CCM) refers to stm32f4xx_cryp.o(i.CRYP_KeyInit) for CRYP_KeyInit
    stm32f4xx_cryp_aes.o(i.CRYP_AES_CCM) refers to stm32f4xx_cryp.o(i.CRYP_IVInit) for CRYP_IVInit
    stm32f4xx_cryp_aes.o(i.CRYP_AES_CCM) refers to stm32f4xx_cryp.o(i.CRYP_Init) for CRYP_Init
[...]
    i.RCC_APB1PeriphClockCmd                 0x08001324   Section        0  stm32f4xx_rcc.o(i.RCC_APB1PeriphClockCmd)
    i.RCC_APB2PeriphClockCmd                 0x08001344   Section        0  stm32f4xx_rcc.o(i.RCC_APB2PeriphClockCmd)
    i.RCC_GetClocksFreq                      0x08001364   Section        0  stm32f4xx_rcc.o(i.RCC_GetClocksFreq)
    i.Read_Encoder                           0x0800144c   Section        0  encoder.o(i.Read_Encoder)
    i.RegToFloat                             0x08001484   Section        0  modbus.o(i.RegToFloat)
    RegToFloat                               0x08001485   Thumb Code    38  modbus.o(i.RegToFloat)
    i.Robot_Init                             0x080014b0   Section        0  robot_select_init.o(i.Robot_Init)
    i.Robot_Select                           0x0800156c   Section        0  robot_select_init.o(i.Robot_Select)
    i.SVC_Handler                            0x080015f8   Section        0  stm32f4xx_it.o(i.SVC_Handler)
    i.SetSysClock                            0x080015fc   Section        0  system_stm32f4xx.o(i.SetSysClock)
    SetSysClock                              0x080015fd   Thumb Code   220  system_stm32f4xx.o(i.SetSysClock)
    i.Set_Pwm                                0x080016e8   Section        0  balance.o(i.Set_Pwm)
    i.SysTick_Handler                        0x08001738   Section        0  stm32f4xx_it.o(i.SysTick_Handler)
    i.SystemInit                             0x0800173c   Section        0  system_stm32f4xx.o(i.SystemInit)
    i.TI1_Config                             0x080017a4   Section        0  stm32f4xx_tim.o(i.TI1_Config)
    TI1_Config                               0x080017a5   Thumb Code    58  stm32f4xx_tim.o(i.TI1_Config)
    i.TI2_Config                             0x080017de   Section        0  stm32f4xx_tim.o(i.TI2_Config)
    TI2_Config                               0x080017df   Thumb Code    80  stm32f4xx_tim.o(i.TI2_Config)
    i.TI3_Config                             0x0800182e   Section        0  stm32f4xx_tim.o(i.TI3_Config)
    TI3_Config                               0x0800182f   Thumb Code    72  stm32f4xx_tim.o(i.TI3_Config)
    i.TI4_Config                             0x08001876   Section        0  stm32f4xx_tim.o(i.TI4_Config)
    TI4_Config                               0x08001877   Thumb Code    80  stm32f4xx_tim.o(i.TI4_Config)
    i.TIM2_IRQHandler                        0x080018c6   Section        0  encoder.o(i.TIM2_IRQHandler)
    i.TIM3_IRQHandler                        0x080018e0   Section        0  encoder.o(i.TIM3_IRQHandler)
    i.TIM4_Init                              0x080018f8   Section        0  brushlessmotor.o(i.TIM4_Init)
    i.TIM7_IRQHandler                        0x080019dc   Section        0  timer.o(i.TIM7_IRQHandler)
    i.TIM7_Init                              0x080019fc   Section        0  timer.o(i.TIM7_Init)
    i.TIM8_Init                              0x08001a74   Section        0  brushlessmotor.o(i.TIM8_Init)
    i.TIM_ARRPreloadConfig                   0x08001bbc   Section        0  stm32f4xx_tim.o(i.TIM_ARRPreloadConfig)
    i.TIM_BDTRConfig                         0x08001bd4   Section        0  stm32f4xx_tim.o(i.TIM_BDTRConfig)
    i.TIM_BDTRStructInit                     0x08001bf4   Section        0  stm32f4xx_tim.o(i.TIM_BDTRStructInit)
    i.TIM_ClearFlag                          0x08001c06   Section        0  stm32f4xx_tim.o(i.TIM_ClearFlag)
    i.TIM_ClearITPendingBit                  0x08001c0c   Section        0  stm32f4xx_tim.o(i.TIM_ClearITPendingBit)
    i.TIM_Cmd                                0x08001c12   Section        0  stm32f4xx_tim.o(i.TIM_Cmd)
    i.TIM_CtrlPWMOutputs                     0x08001c2a   Section        0  stm32f4xx_tim.o(i.TIM_CtrlPWMOutputs)
    i.TIM_EncoderInterfaceConfig             0x08001c48   Section        0  stm32f4xx_tim.o(i.TIM_EncoderInterfaceConfig)
    i.TIM_GetITStatus                        0x08001c8a   Section        0  stm32f4xx_tim.o(i.TIM_GetITStatus)
    i.TIM_ICInit                             0x08001cac   Section        0  stm32f4xx_tim.o(i.TIM_ICInit)
    i.TIM_ICStructInit                       0x08001d1a   Section        0  stm32f4xx_tim.o(i.TIM_ICStructInit)
    i.TIM_ITConfig                           0x08001d2c   Section        0  stm32f4xx_tim.o(i.TIM_ITConfig)
    i.TIM_InternalClockConfig                0x08001d3e   Section        0  stm32f4xx_tim.o(i.TIM_InternalClockConfig)
    i.TIM_OC1Init                            0x08001d4c   Section        0  stm32f4xx_tim.o(i.TIM_OC1Init)
    i.TIM_OC1PreloadConfig                   0x08001dc8   Section        0  stm32f4xx_tim.o(i.TIM_OC1PreloadConfig)
    i.TIM_OC2Init                            0x08001ddc   Section        0  stm32f4xx_tim.o(i.TIM_OC2Init)
    i.TIM_OC2PreloadConfig                   0x08001e80   Section        0  stm32f4xx_tim.o(i.TIM_OC2PreloadConfig)
    i.TIM_OC3Init                            0x08001e9c   Section        0  stm32f4xx_tim.o(i.TIM_OC3Init)
    i.TIM_OC3PreloadConfig                   0x08001f3c   Section        0  stm32f4xx_tim.o(i.TIM_OC3PreloadConfig)
    i.TIM_OC4Init                            0x08001f50   Section        0  stm32f4xx_tim.o(i.TIM_OC4Init)
    i.TIM_OC4PreloadConfig                   0x08001fc8   Section        0  stm32f4xx_tim.o(i.TIM_OC4PreloadConfig)
    i.TIM_SetCompare1                        0x08001fe2   Section        0  stm32f4xx_tim.o(i.TIM_SetCompare1)
    i.TIM_SetCompare2                        0x08001fe6   Section        0  stm32f4xx_tim.o(i.TIM_SetCompare2)
    i.TIM_SetCompare3                        0x08001fea   Section        0  stm32f4xx_tim.o(i.TIM_SetCompare3)
    i.TIM_SetCompare4                        0x08001fee   Section        0  stm32f4xx_tim.o(i.TIM_SetCompare4)
    i.TIM_SetCounter                         0x08001ff2   Section        0  stm32f4xx_tim.o(i.TIM_SetCounter)
    i.TIM_SetIC1Prescaler                    0x08001ff6   Section        0  stm32f4xx_tim.o(i.TIM_SetIC1Prescaler)
    i.TIM_SetIC2Prescaler                    0x08002008   Section        0  stm32f4xx_tim.o(i.TIM_SetIC2Prescaler)
    i.TIM_SetIC3Prescaler                    0x08002022   Section        0  stm32f4xx_tim.o(i.TIM_SetIC3Prescaler)
    i.TIM_SetIC4Prescaler                    0x08002034   Section        0  stm32f4xx_tim.o(i.TIM_SetIC4Prescaler)
    i.TIM_TimeBaseInit                       0x08002050   Section        0  stm32f4xx_tim.o(i.TIM_TimeBaseInit)
    i.TIM_TimeBaseStructInit                 0x080020d4   Section        0  stm32f4xx_tim.o(i.TIM_TimeBaseStructInit)
    i.Tracking_Init                          0x080020e8   Section        0  tracking.o(i.Tracking_Init)
    i.Tracking_task                          0x08002114   Section        0  tracking.o(i.Tracking_task)
    i.UART5_IRQHandler                       0x0800214c   Section        0  tracking.o(i.UART5_IRQHandler)
    i.USART2_IRQHandler                      0x0800218c   Section        0  modbus.o(i.USART2_IRQHandler)
    i.USART3_IRQHandler                      0x080021d4   Section        0  esp8266.o(i.USART3_IRQHandler)
    i.USART3_SendChar                        0x08002200   Section        0  esp8266.o(i.USART3_SendChar)
    i.USART3_SendString                      0x08002220   Section        0  esp8266.o(i.USART3_SendString)
    i.USART5_SEND                            0x08002236   Section        0  tracking.o(i.USART5_SEND)
    i.USART_ClearITPendingBit                0x08002252   Section        0  stm32f4xx_usart.o(i.USART_ClearITPendingBit)
    i.USART_Cmd                              0x08002270   Section        0  stm32f4xx_usart.o(i.USART_Cmd)
    i.USART_GetFlagStatus                    0x08002288   Section        0  stm32f4xx_usart.o(i.USART_GetFlagStatus)
    i.USART_GetITStatus                      0x080022a2   Section        0  stm32f4xx_usart.o(i.USART_GetITStatus)
    i.USART_ITConfig                         0x080022f6   Section        0  stm32f4xx_usart.o(i.USART_ITConfig)
    i.USART_Init                             0x08002340   Section        0  stm32f4xx_usart.o(i.USART_Init)
    i.USART_ReceiveData                      0x08002414   Section        0  stm32f4xx_usart.o(i.USART_ReceiveData)
    i.USART_SendData                         0x0800241e   Section        0  stm32f4xx_usart.o(i.USART_SendData)
    i.UsageFault_Handler                     0x08002426   Section        0  stm32f4xx_it.o(i.UsageFault_Handler)
    i.__ARM_fpclassifyf                      0x0800242a   Section        0  fpclassifyf.o(i.__ARM_fpclassifyf)
    i.__hardfp_fmaxf                         0x08002450   Section        0  fmaxf.o(i.__hardfp_fmaxf)
    i.__hardfp_fminf                         0x08002498   Section        0  fminf.o(i.__hardfp_fminf)
    i.__hardfp_fmodf                         0x080024e0   Section        0  fmodf.o(i.__hardfp_fmodf)
    i.__hardfp_sinf                          0x08002590   Section        0  sinf.o(i.__hardfp_sinf)
    i.__mathlib_flt_infnan                   0x08002720   Section        0  funder.o(i.__mathlib_flt_infnan)
    i.__mathlib_flt_invalid                  0x08002728   Section        0  funder.o(i.__mathlib_flt_invalid)
    i.__mathlib_flt_underflow                0x08002738   Section        0  funder.o(i.__mathlib_flt_underflow)
    i.__mathlib_rredf2                       0x08002748   Section        0  rredf.o(i.__mathlib_rredf2)
    i._sys_exit                              0x0800289c   Section        0  usart.o(i._sys_exit)
    i.delay_ms                               0x080028a0   Section        0  delay.o(i.delay_ms)
    i.delay_us                               0x080028b8   Section        0  delay.o(i.delay_us)
    i.fputc                                  0x080028e4   Section        0  usart.o(i.fputc)
    i.main                                   0x08002900   Section        0  main.o(i.main)
    i.systemInit                             0x08002910   Section        0  system.o(i.systemInit)
    i.target_limit_float                     0x08002948   Section        0  balance.o(i.target_limit_float)
    i.uart2_init                             0x08002974   Section        0  usartx.o(i.uart2_init)
    i.uart3_init                             0x08002a24   Section        0  esp8266.o(i.uart3_init)
    i.uart5_init                             0x08002ad4   Section        0  tracking.o(i.uart5_init)
    i.usart5_send                            0x08002bb4   Section        0  tracking.o(i.usart5_send)
    x$fpl$d2f                                0x08002bcc   Section       98  d2f.o(x$fpl$d2f)
    $v0                                      0x08002bcc   Number         0  d2f.o(x$fpl$d2f)
    x$fpl$dnaninf                            0x08002c2e   Section      156  dnaninf.o(x$fpl$dnaninf)
    $v0                                      0x08002c2e   Number         0  dnaninf.o(x$fpl$dnaninf)
    x$fpl$fcmp4                              0x08002ccc   Section       82  fcmp4.o(x$fpl$fcmp4)
    $v0                                      0x08002ccc   Number         0  fcmp4.o(x$fpl$fcmp4)
    x$fpl$fcmpinf                            0x08002d1e   Section       24  fcmpi.o(x$fpl$fcmpinf)
    $v0                                      0x08002d1e   Number         0  fcmpi.o(x$fpl$fcmpinf)
    x$fpl$fnaninf                            0x08002d36   Section      140  fnaninf.o(x$fpl$fnaninf)
    $v0                                      0x08002d36   Number         0  fnaninf.o(x$fpl$fnaninf)
    x$fpl$fpinit                             0x08002dc2   Section       10  fpinit.o(x$fpl$fpinit)
    $v0                                      0x08002dc2   Number         0  fpinit.o(x$fpl$fpinit)
    x$fpl$frem                               0x08002dcc   Section      244  frem_clz.o(x$fpl$frem)
    $v0                                      0x08002dcc   Number         0  frem_clz.o(x$fpl$frem)
    x$fpl$fretinf                            0x08002ec0   Section       10  fretinf.o(x$fpl$fretinf)
    $v0                                      0x08002ec0   Number         0  fretinf.o(x$fpl$fretinf)
    .constdata                               0x08002eca   Section       32  modbus.o(.constdata)
    x$fpl$usenofp                            0x08002eca   Section        0  usenofp.o(x$fpl$usenofp)
    crc16_table                              0x08002eca   Data          32  modbus.o(.constdata)
    .constdata                               0x08002eec   Section       32  tracking.o(.constdata)
    .constdata                               0x08002f0c   Section       32  rredf.o(.constdata)
    twooverpi                                0x08002f0c   Data          32  rredf.o(.constdata)
    .data                                    0x20000000   Section       16  stm32f4xx_rcc.o(.data)
    APBAHBPrescTable                         0x20000000   Data          16  stm32f4xx_rcc.o(.data)
    .data                                    0x20000010   Section      146  esp8266.o(.data)
    pReceiveBuf2                             0x200000a0   Data           2  esp8266.o(.data)
    .data                                    0x200000a2   Section       13  modbus.o(.data)
    txBuffer                                 0x200000a2   Data           8  modbus.o(.data)
    dataAddr                                 0x200000aa   Data           2  modbus.o(.data)
    lastAddr                                 0x200000ac   Data           2  modbus.o(.data)
    rx_index                                 0x200000ae   Data           1  modbus.o(.data)
    .data                                    0x200000af   Section       11  tracking.o(.data)
    g_start                                  0x200000b8   Data           1  tracking.o(.data)
    step                                     0x200000b9   Data           1  tracking.o(.data)
    .data                                    0x200000bc   Section        6  usart.o(.data)
    .data                                    0x200000c4   Section       48  balance.o(.data)
    Phase_Left                               0x200000d4   Data           4  balance.o(.data)
    Phase_Right                              0x200000d8   Data           4  balance.o(.data)
    Bias                                     0x200000dc   Data           4  balance.o(.data)
    ElecFreq                                 0x200000e0   Data           4  balance.o(.data)
    Last_bias                                0x200000e4   Data           4  balance.o(.data)
    Bias                                     0x200000e8   Data           4  balance.o(.data)
    ElecFreq                                 0x200000ec   Data           4  balance.o(.data)
    Last_bias                                0x200000f0   Data           4  balance.o(.data)
    .data                                    0x200000f4   Section      176  system.o(.data)
    .bss                                     0x200001a4   Section     4000  esp8266.o(.bss)
    .bss                                     0x20001144   Section       72  modbus.o(.bss)
    rxBuffer                                 0x20001144   Data           9  modbus.o(.bss)
    .bss                                     0x2000118c   Section      200  tracking.o(.bss)
    .bss                                     0x20001254   Section     1468  balance.o(.bss)
    SinTable                                 0x20001254   Data        1440  balance.o(.bss)
    .bss                                     0x20001810   Section      216  system.o(.bss)
    .bss                                     0x200018e8   Section       24  robot_select_init.o(.bss)
    .bss                                     0x20001900   Section       96  libspace.o(.bss)
    HEAP                                     0x20001960   Section      512  startup_stm32f40_41xxx.o(HEAP)
    Heap_Mem                                 0x20001960   Data         512  startup_stm32f40_41xxx.o(HEAP)
    STACK                                    0x20001b60   Section     1024  startup_stm32f40_41xxx.o(STACK)
    Stack_Mem                                0x20001b60   Data        1024  startup_stm32f40_41xxx.o(STACK)
    __initial_sp                             0x20001f60   Data           0  startup_stm32f40_41xxx.o(STACK)

    Global Symbols

    Symbol Name                              Value     Ov Type        Size  Object(Section)

    BuildAttributes$$THM_ISAv4$E$P$D$K$B$S$7EM$VFPi3$EXTD16$VFPS$VFMA$PE$A:L22UL41UL21$X:L11$S22US41US21$IEEE1$IW$USESV6$~STKCKD$USESV7$~SHL$OTIME$ROPI$IEEEX$EBA8$UX$STANDARDLIB$REQ8$PRES8$EABIv2 0x00000000   Number         0  anon$$obj.o ABSOLUTE
    __ARM_use_no_argv                        0x00000000   Number         0  main.o ABSOLUTE
    __ARM_exceptions_init                     - Undefined Weak Reference
    __alloca_initialize                       - Undefined Weak Reference
    __arm_fini_                               - Undefined Weak Reference
    __arm_preinit_                            - Undefined Weak Reference
    __cpp_initialize__aeabi_                  - Undefined Weak Reference
    __cxa_finalize                            - Undefined Weak Reference
    __rt_locale                               - Undefined Weak Reference
    __sigvec_lookup                           - Undefined Weak Reference
    _atexit_init                              - Undefined Weak Reference
    _call_atexit_fns                          - Undefined Weak Reference
    _clock_init                               - Undefined Weak Reference
    _fp_trap_init                             - Undefined Weak Reference
    _fp_trap_shutdown                         - Undefined Weak Reference
    _get_lc_collate                           - Undefined Weak Reference
    _get_lc_ctype                             - Undefined Weak Reference
    _get_lc_monetary                          - Undefined Weak Reference
    _get_lc_numeric                           - Undefined Weak Reference
    _get_lc_time                              - Undefined Weak Reference
    _getenv_init                              - Undefined Weak Reference
    _handle_redirection                       - Undefined Weak Reference
    _init_alloc                               - Undefined Weak Reference
    _init_user_alloc                          - Undefined Weak Reference
    _initio                                   - Undefined Weak Reference
    _mutex_acquire                            - Undefined Weak Reference
    _mutex_release                            - Undefined Weak Reference
    _printf_mbtowc                            - Undefined Weak Reference
    _printf_post_padding                      - Undefined Weak Reference
    _printf_pre_padding                       - Undefined Weak Reference
    _rand_init                                - Undefined Weak Reference
    _signal_finish                            - Undefined Weak Reference
    _signal_init                              - Undefined Weak Reference
    _terminate_alloc                          - Undefined Weak Reference
    _terminate_user_alloc                     - Undefined Weak Reference
    _terminateio                              - Undefined Weak Reference
    __Vectors_Size                           0x00000188   Number         0  startup_stm32f40_41xxx.o ABSOLUTE
    __Vectors                                0x08000000   Data           4  startup_stm32f40_41xxx.o(RESET)
    __Vectors_End                            0x08000188   Data           0  startup_stm32f40_41xxx.o(RESET)
    __main                                   0x08000189   Thumb Code     8  __main.o(!!!main)
    __scatterload                            0x08000191   Thumb Code     0  __scatter.o(!!!scatter)
    __scatterload_rt2                        0x08000191   Thumb Code    44  __scatter.o(!!!scatter)
    __scatterload_rt2_thumb_only             0x08000191   Thumb Code     0  __scatter.o(!!!scatter)
    __scatterload_null                       0x0800019f   Thumb Code     0  __scatter.o(!!!scatter)
    __decompress                             0x080001c5   Thumb Code    90  __dczerorl2.o(!!dczerorl2)
    __decompress1                            0x080001c5   Thumb Code     0  __dczerorl2.o(!!dczerorl2)
    __scatterload_zeroinit                   0x08000221   Thumb Code    28  __scatter_zi.o(!!handler_zi)
    _printf_percent                          0x0800023d   Thumb Code     0  _printf_percent.o(.ARM.Collect$$_printf_percent$$00000000)
    _printf_s                                0x0800023d   Thumb Code     0  _printf_s.o(.ARM.Collect$$_printf_percent$$00000014)
    _printf_percent_end                      0x08000243   Thumb Code     0  _printf_percent_end.o(.ARM.Collect$$_printf_percent$$00000017)
    __rt_lib_init                            0x08000247   Thumb Code     0  libinit.o(.ARM.Collect$$libinit$$00000000)
    __rt_lib_init_fp_1                       0x08000249   Thumb Code     0  libinit2.o(.ARM.Collect$$libinit$$00000001)
    __rt_lib_init_alloca_1                   0x0800024d   Thumb Code     0  libinit2.o(.ARM.Collect$$libinit$$0000002E)
    __rt_lib_init_argv_1                     0x0800024d   Thumb Code     0  libinit2.o(.ARM.Collect$$libinit$$0000002C)
    __rt_lib_init_atexit_1                   0x0800024d   Thumb Code     0  libinit2.o(.ARM.Collect$$libinit$$0000001B)
    __rt_lib_init_clock_1                    0x0800024d   Thumb Code     0  libinit2.o(.ARM.Collect$$libinit$$00000021)
    __rt_lib_init_cpp_1                      0x0800024d   Thumb Code     0  libinit2.o(.ARM.Collect$$libinit$$00000032)
    __rt_lib_init_exceptions_1               0x0800024d   Thumb Code     0  libinit2.o(.ARM.Collect$$libinit$$00000030)
    __rt_lib_init_fp_trap_1                  0x0800024d   Thumb Code     0  libinit2.o(.ARM.Collect$$libinit$$0000001F)
    __rt_lib_init_getenv_1                   0x0800024d   Thumb Code     0  libinit2.o(.ARM.Collect$$libinit$$00000023)
    __rt_lib_init_heap_1                     0x0800024d   Thumb Code     0  libinit2.o(.ARM.Collect$$libinit$$0000000A)
    __rt_lib_init_lc_collate_1               0x0800024d   Thumb Code     0  libinit2.o(.ARM.Collect$$libinit$$00000011)
    __rt_lib_init_lc_ctype_1                 0x0800024d   Thumb Code     0  libinit2.o(.ARM.Collect$$libinit$$00000013)
    __rt_lib_init_lc_monetary_1              0x0800024d   Thumb Code     0  libinit2.o(.ARM.Collect$$libinit$$00000015)
    __rt_lib_init_lc_numeric_1               0x0800024d   Thumb Code     0  libinit2.o(.ARM.Collect$$libinit$$00000017)
    __rt_lib_init_lc_time_1                  0x0800024d   Thumb Code     0  libinit2.o(.ARM.Collect$$libinit$$00000019)
    __rt_lib_init_preinit_1                  0x0800024d   Thumb Code     0  libinit2.o(.ARM.Collect$$libinit$$00000004)
    __rt_lib_init_rand_1                     0x0800024d   Thumb Code     0  libinit2.o(.ARM.Collect$$libinit$$0000000E)
    __rt_lib_init_return                     0x0800024d   Thumb Code     0  libinit2.o(.ARM.Collect$$libinit$$00000033)
    __rt_lib_init_signal_1                   0x0800024d   Thumb Code     0  libinit2.o(.ARM.Collect$$libinit$$0000001D)
    __rt_lib_init_stdio_1                    0x0800024d   Thumb Code     0  libinit2.o(.ARM.Collect$$libinit$$00000025)
    __rt_lib_init_user_alloc_1               0x0800024d   Thumb Code     0  libinit2.o(.ARM.Collect$$libinit$$0000000C)
    __rt_lib_shutdown                        0x0800024f   Thumb Code     0  libshutdown.o(.ARM.Collect$$libshutdown$$00000000)
    __rt_lib_shutdown_cpp_1                  0x08000251   Thumb Code     0  libshutdown2.o(.ARM.Collect$$libshutdown$$00000004)
    __rt_lib_shutdown_fini_1                 0x08000251   Thumb Code     0  libshutdown2.o(.ARM.Collect$$libshutdown$$00000002)
    __rt_lib_shutdown_fp_trap_1              0x08000251   Thumb Code     0  libshutdown2.o(.ARM.Collect$$libshutdown$$00000009)
    __rt_lib_shutdown_heap_1                 0x08000251   Thumb Code     0  libshutdown2.o(.ARM.Collect$$libshutdown$$00000011)
    __rt_lib_shutdown_return                 0x08000251   Thumb Code     0  libshutdown2.o(.ARM.Collect$$libshutdown$$00000012)
    __rt_lib_shutdown_signal_1               0x08000251   Thumb Code     0  libshutdown2.o(.ARM.Collect$$libshutdown$$0000000C)
    __rt_lib_shutdown_stdio_1                0x08000251   Thumb Code     0  libshutdown2.o(.ARM.Collect$$libshutdown$$00000006)
    __rt_lib_shutdown_user_alloc_1           0x08000251   Thumb Code     0  libshutdown2.o(.ARM.Collect$$libshutdown$$0000000E)
    __rt_entry                               0x08000253   Thumb Code     0  __rtentry.o(.ARM.Collect$$rtentry$$00000000)
    __rt_entry_presh_1                       0x08000253   Thumb Code     0  __rtentry2.o(.ARM.Collect$$rtentry$$00000002)
    __rt_entry_sh                            0x08000253   Thumb Code     0  __rtentry4.o(.ARM.Collect$$rtentry$$00000004)
    __rt_entry_li                            0x08000259   Thumb Code     0  __rtentry2.o(.ARM.Collect$$rtentry$$0000000A)
    __rt_entry_postsh_1                      0x08000259   Thumb Code     0  __rtentry2.o(.ARM.Collect$$rtentry$$00000009)
    __rt_entry_main                          0x0800025d   Thumb Code     0  __rtentry2.o(.ARM.Collect$$rtentry$$0000000D)
    __rt_entry_postli_1                      0x0800025d   Thumb Code     0  __rtentry2.o(.ARM.Collect$$rtentry$$0000000C)
    __rt_exit                                0x08000265   Thumb Code     0  rtexit.o(.ARM.Collect$$rtexit$$00000000)
    __rt_exit_ls                             0x08000267   Thumb Code     0  rtexit2.o(.ARM.Collect$$rtexit$$00000003)
    __rt_exit_prels_1                        0x08000267   Thumb Code     0  rtexit2.o(.ARM.Collect$$rtexit$$00000002)
    __rt_exit_exit                           0x0800026b   Thumb Code     0  rtexit2.o(.ARM.Collect$$rtexit$$00000004)
    Reset_Handler                            0x08000271   Thumb Code     8  startup_stm32f40_41xxx.o(.text)
    ADC_IRQHandler                           0x0800028b   Thumb Code     0  startup_stm32f40_41xxx.o(.text)
    CAN1_RX0_IRQHandler                      0x0800028b   Thumb Code     0  startup_stm32f40_41xxx.o(.text)
    CAN1_RX1_IRQHandler                      0x0800028b   Thumb Code     0  startup_stm32f40_41xxx.o(.text)
    CAN1_SCE_IRQHandler                      0x0800028b   Thumb Code     0  startup_stm32f40_41xxx.o(.text)
    CAN1_TX_IRQHandler                       0x0800028b   Thumb Code     0  startup_stm32f40_41xxx.o(.text)
    CAN2_RX0_IRQHandler                      0x0800028b   Thumb Code     0  startup_stm32f40_41xxx.o(.text)
    CAN2_RX1_IRQHandler                      0x0800028b   Thumb Code     0  startup_stm32f40_41xxx.o(.text)
    CAN2_SCE_IRQHandler                      0x0800028b   Thumb Code     0  startup_stm32f40_41xxx.o(.text)
    CAN2_TX_IRQHandler                       0x0800028b   Thumb Code     0  startup_stm32f40_41xxx.o(.text)
    CRYP_IRQHandler                          0x0800028b   Thumb Code     0  startup_stm32f40_41xxx.o(.text)
    DCMI_IRQHandler                          0x0800028b   Thumb Code     0  startup_stm32f40_41xxx.o(.text)
    DMA1_Stream0_IRQHandler                  0x0800028b   Thumb Code     0  startup_stm32f40_41xxx.o(.text)
    DMA1_Stream1_IRQHandler                  0x0800028b   Thumb Code     0  startup_stm32f40_41xxx.o(.text)
    DMA1_Stream2_IRQHandler                  0x0800028b   Thumb Code     0  startup_stm32f40_41xxx.o(.text)
    DMA1_Stream3_IRQHandler                  0x0800028b   Thumb Code     0  startup_stm32f40_41xxx.o(.text)
    DMA1_Stream4_IRQHandler                  0x0800028b   Thumb Code     0  startup_stm32f40_41xxx.o(.text)
    DMA1_Stream5_IRQHandler                  0x0800028b   Thumb Code     0  startup_stm32f40_41xxx.o(.text)
    DMA1_Stream6_IRQHandler                  0x0800028b   Thumb Code     0  startup_stm32f40_41xxx.o(.text)
    DMA1_Stream7_IRQHandler                  0x0800028b   Thumb Code     0  startup_stm32f40_41xxx.o(.text)
    DMA2_Stream0_IRQHandler                  0x0800028b   Thumb Code     0  startup_stm32f40_41xxx.o(.text)
    DMA2_Stream1_IRQHandler                  0x0800028b   Thumb Code     0  startup_stm32f40_41xxx.o(.text)
    DMA2_Stream2_IRQHandler                  0x0800028b   Thumb Code     0  startup_stm32f40_41xxx.o(.text)
    DMA2_Stream3_IRQHandler                  0x0800028b   Thumb Code     0  startup_stm32f40_41xxx.o(.text)
    DMA2_Stream4_IRQHandler                  0x0800028b   Thumb Code     0  startup_stm32f40_41xxx.o(.text)
    DMA2_Stream5_IRQHandler                  0x0800028b   Thumb Code     0  startup_stm32f40_41xxx.o(.text)
    DMA2_Stream6_IRQHandler                  0x0800028b   Thumb Code     0  startup_stm32f40_41xxx.o(.text)
    DMA2_Stream7_IRQHandler                  0x0800028b   Thumb Code     0  startup_stm32f40_41xxx.o(.text)
    ETH_IRQHandler                           0x0800028b   Thumb Code     0  startup_stm32f40_41xxx.o(.text)
    ETH_WKUP_IRQHandler                      0x0800028b   Thumb Code     0  startup_stm32f40_41xxx.o(.text)
    EXTI15_10_IRQHandler                     0x0800028b   Thumb Code     0  startup_stm32f40_41xxx.o(.text)
    EXTI1_IRQHandler                         0x0800028b   Thumb Code     0  startup_stm32f40_41xxx.o(.text)
    EXTI3_IRQHandler                         0x0800028b   Thumb Code     0  startup_stm32f40_41xxx.o(.text)
    EXTI4_IRQHandler                         0x0800028b   Thumb Code     0  startup_stm32f40_41xxx.o(.text)
    EXTI9_5_IRQHandler                       0x0800028b   Thumb Code     0  startup_stm32f40_41xxx.o(.text)
    FLASH_IRQHandler                         0x0800028b   Thumb Code     0  startup_stm32f40_41xxx.o(.text)
    FPU_IRQHandler                           0x0800028b   Thumb Code     0  startup_stm32f40_41xxx.o(.text)
    FSMC_IRQHandler                          0x0800028b   Thumb Code     0  startup_stm32f40_41xxx.o(.text)
    HASH_RNG_IRQHandler                      0x0800028b   Thumb Code     0  startup_stm32f40_41xxx.o(.text)
    I2C1_ER_IRQHandler                       0x0800028b   Thumb Code     0  startup_stm32f40_41xxx.o(.text)
    I2C1_EV_IRQHandler                       0x0800028b   Thumb Code     0  startup_stm32f40_41xxx.o(.text)
    I2C2_ER_IRQHandler                       0x0800028b   Thumb Code     0  startup_stm32f40_41xxx.o(.text)
    I2C2_EV_IRQHandler                       0x0800028b   Thumb Code     0  startup_stm32f40_41xxx.o(.text)
    I2C3_ER_IRQHandler                       0x0800028b   Thumb Code     0  startup_stm32f40_41xxx.o(.text)
    I2C3_EV_IRQHandler                       0x0800028b   Thumb Code     0  startup_stm32f40_41xxx.o(.text)
    OTG_FS_IRQHandler                        0x0800028b   Thumb Code     0  startup_stm32f40_41xxx.o(.text)
    OTG_FS_WKUP_IRQHandler                   0x0800028b   Thumb Code     0  startup_stm32f40_41xxx.o(.text)
    OTG_HS_EP1_IN_IRQHandler                 0x0800028b   Thumb Code     0  startup_stm32f40_41xxx.o(.text)
    OTG_HS_EP1_OUT_IRQHandler                0x0800028b   Thumb Code     0  startup_stm32f40_41xxx.o(.text)
    OTG_HS_IRQHandler                        0x0800028b   Thumb Code     0  startup_stm32f40_41xxx.o(.text)
    OTG_HS_WKUP_IRQHandler                   0x0800028b   Thumb Code     0  startup_stm32f40_41xxx.o(.text)
    PVD_IRQHandler                           0x0800028b   Thumb Code     0  startup_stm32f40_41xxx.o(.text)
    RCC_IRQHandler                           0x0800028b   Thumb Code     0  startup_stm32f40_41xxx.o(.text)
    RTC_Alarm_IRQHandler                     0x0800028b   Thumb Code     0  startup_stm32f40_41xxx.o(.text)
    RTC_WKUP_IRQHandler                      0x0800028b   Thumb Code     0  startup_stm32f40_41xxx.o(.text)
    SDIO_IRQHandler                          0x0800028b   Thumb Code     0  startup_stm32f40_41xxx.o(.text)
    SPI1_IRQHandler                          0x0800028b   Thumb Code     0  startup_stm32f40_41xxx.o(.text)
    SPI2_IRQHandler                          0x0800028b   Thumb Code     0  startup_stm32f40_41xxx.o(.text)
    SPI3_IRQHandler                          0x0800028b   Thumb Code     0  startup_stm32f40_41xxx.o(.text)
    TAMP_STAMP_IRQHandler                    0x0800028b   Thumb Code     0  startup_stm32f40_41xxx.o(.text)
    TIM1_BRK_TIM9_IRQHandler                 0x0800028b   Thumb Code     0  startup_stm32f40_41xxx.o(.text)
    TIM1_CC_IRQHandler                       0x0800028b   Thumb Code     0  startup_stm32f40_41xxx.o(.text)
    TIM1_TRG_COM_TIM11_IRQHandler            0x0800028b   Thumb Code     0  startup_stm32f40_41xxx.o(.text)
    TIM1_UP_TIM10_IRQHandler                 0x0800028b   Thumb Code     0  startup_stm32f40_41xxx.o(.text)
    TIM4_IRQHandler                          0x0800028b   Thumb Code     0  startup_stm32f40_41xxx.o(.text)
    TIM5_IRQHandler                          0x0800028b   Thumb Code     0  startup_stm32f40_41xxx.o(.text)
    TIM6_DAC_IRQHandler                      0x0800028b   Thumb Code     0  startup_stm32f40_41xxx.o(.text)
    TIM8_BRK_TIM12_IRQHandler                0x0800028b   Thumb Code     0  startup_stm32f40_41xxx.o(.text)
    TIM8_CC_IRQHandler                       0x0800028b   Thumb Code     0  startup_stm32f40_41xxx.o(.text)
    TIM8_TRG_COM_TIM14_IRQHandler            0x0800028b   Thumb Code     0  startup_stm32f40_41xxx.o(.text)
    TIM8_UP_TIM13_IRQHandler                 0x0800028b   Thumb Code     0  startup_stm32f40_41xxx.o(.text)
    UART4_IRQHandler                         0x0800028b   Thumb Code     0  startup_stm32f40_41xxx.o(.text)
    USART1_IRQHandler                        0x0800028b   Thumb Code     0  startup_stm32f40_41xxx.o(.text)
    USART6_IRQHandler                        0x0800028b   Thumb Code     0  startup_stm32f40_41xxx.o(.text)
    WWDG_IRQHandler                          0x0800028b   Thumb Code     0  startup_stm32f40_41xxx.o(.text)
    __user_initial_stackheap                 0x0800028d   Thumb Code     0  startup_stm32f40_41xxx.o(.text)
    __use_no_semihosting                     0x080002b1   Thumb Code     2  use_no_semi_2.o(.text)
    __2printf                                0x080002b5   Thumb Code    20  noretval__2printf.o(.text)
    __printf                                 0x080002cd   Thumb Code   104  __printf.o(.text)
    _printf_str                              0x08000335   Thumb Code    82  _printf_str.o(.text)
    strlen                                   0x08000387   Thumb Code    62  strlen.o(.text)
    __aeabi_memcpy                           0x080003c5   Thumb Code     0  rt_memcpy_v6.o(.text)
    __rt_memcpy                              0x080003c5   Thumb Code   138  rt_memcpy_v6.o(.text)
    _memcpy_lastbytes                        0x0800042b   Thumb Code     0  rt_memcpy_v6.o(.text)
    __aeabi_memclr                           0x0800044f   Thumb Code     0  rt_memclr.o(.text)
    __rt_memclr                              0x0800044f   Thumb Code    68  rt_memclr.o(.text)
    _memset                                  0x08000453   Thumb Code     0  rt_memclr.o(.text)
    __aeabi_memclr4                          0x08000493   Thumb Code     0  rt_memclr_w.o(.text)
    __aeabi_memclr8                          0x08000493   Thumb Code     0  rt_memclr_w.o(.text)
    __rt_memclr_w                            0x08000493   Thumb Code    78  rt_memclr_w.o(.text)
    _memset_w                                0x08000497   Thumb Code     0  rt_memclr_w.o(.text)
    __use_two_region_memory                  0x080004e1   Thumb Code     2  heapauxi.o(.text)
    __rt_heap_escrow$2region                 0x080004e3   Thumb Code     2  heapauxi.o(.text)
    __rt_heap_expand$2region                 0x080004e5   Thumb Code     2  heapauxi.o(.text)
    __I$use$semihosting                      0x080004e7   Thumb Code     0  use_no_semi.o(.text)
    __use_no_semihosting_swi                 0x080004e7   Thumb Code     2  use_no_semi.o(.text)
    __read_errno                             0x080004e9   Thumb Code    10  _rserrno.o(.text)
    __set_errno                              0x080004f3   Thumb Code    12  _rserrno.o(.text)
    _printf_cs_common                        0x080004ff   Thumb Code    20  _printf_char.o(.text)
    _printf_char                             0x08000513   Thumb Code    16  _printf_char.o(.text)
    _printf_string                           0x08000523   Thumb Code     8  _printf_char.o(.text)
    _printf_char_file                        0x0800052d   Thumb Code    32  _printf_char_file.o(.text)
    __aeabi_memcpy4                          0x08000551   Thumb Code     0  rt_memcpy_w.o(.text)
    __aeabi_memcpy8                          0x08000551   Thumb Code     0  rt_memcpy_w.o(.text)
    __rt_memcpy_w                            0x08000551   Thumb Code   100  rt_memcpy_w.o(.text)
    _memcpy_lastbytes_aligned                0x08000599   Thumb Code     0  rt_memcpy_w.o(.text)
    __aeabi_errno_addr                       0x080005b5   Thumb Code     8  rt_errno_addr_intlibspace.o(.text)
    __errno$intlibspace                      0x080005b5   Thumb Code     0  rt_errno_addr_intlibspace.o(.text)
    __rt_errno_addr$intlibspace              0x080005b5   Thumb Code     0  rt_errno_addr_intlibspace.o(.text)
    _printf_char_common                      0x080005c7   Thumb Code    32  _printf_char_common.o(.text)
    ferror                                   0x080005ed   Thumb Code     8  ferror.o(.text)
    __user_libspace                          0x080005f5   Thumb Code     8  libspace.o(.text)
    __user_perproc_libspace                  0x080005f5   Thumb Code     0  libspace.o(.text)
    __user_perthread_libspace                0x080005f5   Thumb Code     0  libspace.o(.text)
    __user_setup_stackheap                   0x080005fd   Thumb Code    74  sys_stackheap_outer.o(.text)
    exit                                     0x08000647   Thumb Code    18  exit.o(.text)
    Balance_task                             0x08000659   Thumb Code   102  balance.o(i.Balance_task)
    BusFault_Handler                         0x080006dd   Thumb Code     4  stm32f4xx_it.o(i.BusFault_Handler)
    Calculate_Line_error                     0x080006e1   Thumb Code    74  tracking.o(i.Calculate_Line_error)
    Deal_IR_Usart                            0x08000739   Thumb Code   128  tracking.o(i.Deal_IR_Usart)
    Deal_Usart_Data                          0x080007cd   Thumb Code    46  tracking.o(i.Deal_Usart_Data)
    DebugMon_Handler                         0x08000809   Thumb Code     2  stm32f4xx_it.o(i.DebugMon_Handler)
    Drive_Motor                              0x0800080d   Thumb Code   164  balance.o(i.Drive_Motor)
    ESP8266_Command                          0x080008c5   Thumb Code    36  esp8266.o(i.ESP8266_Command)
    ESP8266_Init                             0x080008ed   Thumb Code    54  esp8266.o(i.ESP8266_Init)
    ESP8266_RxCpltCallback                   0x08000941   Thumb Code    76  esp8266.o(i.ESP8266_RxCpltCallback)
    EXTI0_IRQHandler                         0x08000999   Thumb Code    18  encoder.o(i.EXTI0_IRQHandler)
    EXTI2_IRQHandler                         0x080009ab   Thumb Code    20  encoder.o(i.EXTI2_IRQHandler)
    EXTI_ClearITPendingBit                   0x080009c1   Thumb Code     6  stm32f4xx_exti.o(i.EXTI_ClearITPendingBit)
    EXTI_GetITStatus                         0x080009cd   Thumb Code    20  stm32f4xx_exti.o(i.EXTI_GetITStatus)
    Encoder_Init_TIM2                        0x080009e5   Thumb Code   224  encoder.o(i.Encoder_Init_TIM2)
    Encoder_Init_TIM3                        0x08000acd   Thumb Code   180  encoder.o(i.Encoder_Init_TIM3)
    FOCLoop_task                             0x08000b89   Thumb Code    36  balance.o(i.FOCLoop_task)
    FOC_Init                                 0x08000bb5   Thumb Code    70  balance.o(i.FOC_Init)
    FOC_duty_Update                          0x08000c09   Thumb Code   702  balance.o(i.FOC_duty_Update)
    GPIO_Init                                0x08000eed   Thumb Code   144  stm32f4xx_gpio.o(i.GPIO_Init)
    GPIO_PinAFConfig                         0x08000f7d   Thumb Code    70  stm32f4xx_gpio.o(i.GPIO_PinAFConfig)
    Get_Velocity_Form_Encoder                0x08000fc5   Thumb Code   126  balance.o(i.Get_Velocity_Form_Encoder)
    HardFault_Handler                        0x0800105d   Thumb Code     4  stm32f4xx_it.o(i.HardFault_Handler)
    Incremental_PID_A                        0x08001061   Thumb Code   134  balance.o(i.Incremental_PID_A)
    Limit_Pwm                                0x08001105   Thumb Code    80  balance.o(i.Limit_Pwm)
    MemManage_Handler                        0x0800115d   Thumb Code     4  stm32f4xx_it.o(i.MemManage_Handler)
    ModbusCRC_CheckTable                     0x08001161   Thumb Code    42  modbus.o(i.ModbusCRC_CheckTable)
    NMI_Handler                              0x08001191   Thumb Code     2  stm32f4xx_it.o(i.NMI_Handler)
    NVIC_Init                                0x08001195   Thumb Code   106  misc.o(i.NVIC_Init)
    NVIC_PriorityGroupConfig                 0x0800120d   Thumb Code    10  misc.o(i.NVIC_PriorityGroupConfig)
    PendSV_Handler                           0x08001221   Thumb Code     2  stm32f4xx_it.o(i.PendSV_Handler)
    PowerMeter_DataAnalyse                   0x08001225   Thumb Code   196  modbus.o(i.PowerMeter_DataAnalyse)
    PowerMeter_StartReceive                  0x080012f5   Thumb Code    12  modbus.o(i.PowerMeter_StartReceive)
    RCC_AHB1PeriphClockCmd                   0x08001305   Thumb Code    26  stm32f4xx_rcc.o(i.RCC_AHB1PeriphClockCmd)
    RCC_APB1PeriphClockCmd                   0x08001325   Thumb Code    26  stm32f4xx_rcc.o(i.RCC_APB1PeriphClockCmd)
    RCC_APB2PeriphClockCmd                   0x08001345   Thumb Code    26  stm32f4xx_rcc.o(i.RCC_APB2PeriphClockCmd)
    RCC_GetClocksFreq                        0x08001365   Thumb Code   214  stm32f4xx_rcc.o(i.RCC_GetClocksFreq)
    Read_Encoder                             0x0800144d   Thumb Code    52  encoder.o(i.Read_Encoder)
    Robot_Init                               0x080014b1   Thumb Code   160  robot_select_init.o(i.Robot_Init)
    Robot_Select                             0x0800156d   Thumb Code    98  robot_select_init.o(i.Robot_Select)
    SVC_Handler                              0x080015f9   Thumb Code     2  stm32f4xx_it.o(i.SVC_Handler)
    Set_Pwm                                  0x080016e9   Thumb Code    64  balance.o(i.Set_Pwm)
    SysTick_Handler                          0x08001739   Thumb Code     2  stm32f4xx_it.o(i.SysTick_Handler)
    SystemInit                               0x0800173d   Thumb Code    88  system_stm32f4xx.o(i.SystemInit)
    TIM2_IRQHandler                          0x080018c7   Thumb Code    24  encoder.o(i.TIM2_IRQHandler)
    TIM3_IRQHandler                          0x080018e1   Thumb Code    18  encoder.o(i.TIM3_IRQHandler)
    TIM4_Init                                0x080018f9   Thumb Code   220  brushlessmotor.o(i.TIM4_Init)
    TIM7_IRQHandler                          0x080019dd   Thumb Code    28  timer.o(i.TIM7_IRQHandler)
    TIM7_Init                                0x080019fd   Thumb Code   116  timer.o(i.TIM7_Init)
    TIM8_Init                                0x08001a75   Thumb Code   320  brushlessmotor.o(i.TIM8_Init)
    TIM_ARRPreloadConfig                     0x08001bbd   Thumb Code    24  stm32f4xx_tim.o(i.TIM_ARRPreloadConfig)
    TIM_BDTRConfig                           0x08001bd5   Thumb Code    32  stm32f4xx_tim.o(i.TIM_BDTRConfig)
    TIM_BDTRStructInit                       0x08001bf5   Thumb Code    18  stm32f4xx_tim.o(i.TIM_BDTRStructInit)
    TIM_ClearFlag                            0x08001c07   Thumb Code     6  stm32f4xx_tim.o(i.TIM_ClearFlag)
    TIM_ClearITPendingBit                    0x08001c0d   Thumb Code     6  stm32f4xx_tim.o(i.TIM_ClearITPendingBit)
    TIM_Cmd                                  0x08001c13   Thumb Code    24  stm32f4xx_tim.o(i.TIM_Cmd)
    TIM_CtrlPWMOutputs                       0x08001c2b   Thumb Code    30  stm32f4xx_tim.o(i.TIM_CtrlPWMOutputs)
    TIM_EncoderInterfaceConfig               0x08001c49   Thumb Code    66  stm32f4xx_tim.o(i.TIM_EncoderInterfaceConfig)
    TIM_GetITStatus                          0x08001c8b   Thumb Code    34  stm32f4xx_tim.o(i.TIM_GetITStatus)
    TIM_ICInit                               0x08001cad   Thumb Code   110  stm32f4xx_tim.o(i.TIM_ICInit)
    TIM_ICStructInit                         0x08001d1b   Thumb Code    18  stm32f4xx_tim.o(i.TIM_ICStructInit)
    TIM_ITConfig                             0x08001d2d   Thumb Code    18  stm32f4xx_tim.o(i.TIM_ITConfig)
    TIM_InternalClockConfig                  0x08001d3f   Thumb Code    12  stm32f4xx_tim.o(i.TIM_InternalClockConfig)
    TIM_OC1Init                              0x08001d4d   Thumb Code   114  stm32f4xx_tim.o(i.TIM_OC1Init)
    TIM_OC1PreloadConfig                     0x08001dc9   Thumb Code    18  stm32f4xx_tim.o(i.TIM_OC1PreloadConfig)
    TIM_OC2Init                              0x08001ddd   Thumb Code   154  stm32f4xx_tim.o(i.TIM_OC2Init)
    TIM_OC2PreloadConfig                     0x08001e81   Thumb Code    26  stm32f4xx_tim.o(i.TIM_OC2PreloadConfig)
    TIM_OC3Init                              0x08001e9d   Thumb Code   150  stm32f4xx_tim.o(i.TIM_OC3Init)
    TIM_OC3PreloadConfig                     0x08001f3d   Thumb Code    18  stm32f4xx_tim.o(i.TIM_OC3PreloadConfig)
    TIM_OC4Init                              0x08001f51   Thumb Code   112  stm32f4xx_tim.o(i.TIM_OC4Init)
    TIM_OC4PreloadConfig                     0x08001fc9   Thumb Code    26  stm32f4xx_tim.o(i.TIM_OC4PreloadConfig)
    TIM_SetCompare1                          0x08001fe3   Thumb Code     4  stm32f4xx_tim.o(i.TIM_SetCompare1)
    TIM_SetCompare2                          0x08001fe7   Thumb Code     4  stm32f4xx_tim.o(i.TIM_SetCompare2)
    TIM_SetCompare3                          0x08001feb   Thumb Code     4  stm32f4xx_tim.o(i.TIM_SetCompare3)
    TIM_SetCompare4                          0x08001fef   Thumb Code     4  stm32f4xx_tim.o(i.TIM_SetCompare4)
    TIM_SetCounter                           0x08001ff3   Thumb Code     4  stm32f4xx_tim.o(i.TIM_SetCounter)
    TIM_SetIC1Prescaler                      0x08001ff7   Thumb Code    18  stm32f4xx_tim.o(i.TIM_SetIC1Prescaler)
    TIM_SetIC2Prescaler                      0x08002009   Thumb Code    26  stm32f4xx_tim.o(i.TIM_SetIC2Prescaler)
    TIM_SetIC3Prescaler                      0x08002023   Thumb Code    18  stm32f4xx_tim.o(i.TIM_SetIC3Prescaler)
    TIM_SetIC4Prescaler                      0x08002035   Thumb Code    26  stm32f4xx_tim.o(i.TIM_SetIC4Prescaler)
    TIM_TimeBaseInit                         0x08002051   Thumb Code   104  stm32f4xx_tim.o(i.TIM_TimeBaseInit)
    TIM_TimeBaseStructInit                   0x080020d5   Thumb Code    18  stm32f4xx_tim.o(i.TIM_TimeBaseStructInit)
    Tracking_Init                            0x080020e9   Thumb Code    36  tracking.o(i.Tracking_Init)
    Tracking_task                            0x08002115   Thumb Code    50  tracking.o(i.Tracking_task)
    UART5_IRQHandler                         0x0800214d   Thumb Code    56  tracking.o(i.UART5_IRQHandler)
    USART2_IRQHandler                        0x0800218d   Thumb Code    58  modbus.o(i.USART2_IRQHandler)
    USART3_IRQHandler                        0x080021d5   Thumb Code    40  esp8266.o(i.USART3_IRQHandler)
    USART3_SendChar                          0x08002201   Thumb Code    28  esp8266.o(i.USART3_SendChar)
    USART3_SendString                        0x08002221   Thumb Code    22  esp8266.o(i.USART3_SendString)
    USART5_SEND                              0x08002237   Thumb Code    28  tracking.o(i.USART5_SEND)
    USART_ClearITPendingBit                  0x08002253   Thumb Code    30  stm32f4xx_usart.o(i.USART_ClearITPendingBit)
    USART_Cmd                                0x08002271   Thumb Code    24  stm32f4xx_usart.o(i.USART_Cmd)
    USART_GetFlagStatus                      0x08002289   Thumb Code    26  stm32f4xx_usart.o(i.USART_GetFlagStatus)
    USART_GetITStatus                        0x080022a3   Thumb Code    84  stm32f4xx_usart.o(i.USART_GetITStatus)
    USART_ITConfig                           0x080022f7   Thumb Code    74  stm32f4xx_usart.o(i.USART_ITConfig)
    USART_Init                               0x08002341   Thumb Code   204  stm32f4xx_usart.o(i.USART_Init)
    USART_ReceiveData                        0x08002415   Thumb Code    10  stm32f4xx_usart.o(i.USART_ReceiveData)
    USART_SendData                           0x0800241f   Thumb Code     8  stm32f4xx_usart.o(i.USART_SendData)
    UsageFault_Handler                       0x08002427   Thumb Code     4  stm32f4xx_it.o(i.UsageFault_Handler)
    __ARM_fpclassifyf                        0x0800242b   Thumb Code    38  fpclassifyf.o(i.__ARM_fpclassifyf)
    __hardfp_fmaxf                           0x08002451   Thumb Code    72  fmaxf.o(i.__hardfp_fmaxf)
    __hardfp_fminf                           0x08002499   Thumb Code    72  fminf.o(i.__hardfp_fminf)
    __hardfp_fmodf                           0x080024e1   Thumb Code   176  fmodf.o(i.__hardfp_fmodf)
    __hardfp_sinf                            0x08002591   Thumb Code   344  sinf.o(i.__hardfp_sinf)
    __mathlib_flt_infnan                     0x08002721   Thumb Code     6  funder.o(i.__mathlib_flt_infnan)
    __mathlib_flt_invalid                    0x08002729   Thumb Code    10  funder.o(i.__mathlib_flt_invalid)
    __mathlib_flt_underflow                  0x08002739   Thumb Code    10  funder.o(i.__mathlib_flt_underflow)
    __mathlib_rredf2                         0x08002749   Thumb Code   316  rredf.o(i.__mathlib_rredf2)
    _sys_exit                                0x0800289d   Thumb Code     4  usart.o(i._sys_exit)
    delay_ms                                 0x080028a1   Thumb Code    24  delay.o(i.delay_ms)
    delay_us                                 0x080028b9   Thumb Code    44  delay.o(i.delay_us)
    fputc                                    0x080028e5   Thumb Code    24  usart.o(i.fputc)
    main                                     0x08002901   Thumb Code    16  main.o(i.main)
    systemInit                               0x08002911   Thumb Code    56  system.o(i.systemInit)
    target_limit_float                       0x08002949   Thumb Code    42  balance.o(i.target_limit_float)
    uart2_init                               0x08002975   Thumb Code   166  usartx.o(i.uart2_init)
    uart3_init                               0x08002a25   Thumb Code   168  esp8266.o(i.uart3_init)
    uart5_init                               0x08002ad5   Thumb Code   212  tracking.o(i.uart5_init)
    usart5_send                              0x08002bb5   Thumb Code    20  tracking.o(i.usart5_send)
    __aeabi_d2f                              0x08002bcd   Thumb Code     0  d2f.o(x$fpl$d2f)
    _d2f                                     0x08002bcd   Thumb Code    98  d2f.o(x$fpl$d2f)
    __fpl_dnaninf                            0x08002c2f   Thumb Code   156  dnaninf.o(x$fpl$dnaninf)
    __fcmp4                                  0x08002ccd   Thumb Code    24  fcmp4.o(x$fpl$fcmp4)
    __ARM_fcmp4                              0x08002ce5   Thumb Code     0  fcmp4.o(x$fpl$fcmp4)
    _fcmp4                                   0x08002ce5   Thumb Code    58  fcmp4.o(x$fpl$fcmp4)
    __fpl_fcmp_Inf                           0x08002d1f   Thumb Code    24  fcmpi.o(x$fpl$fcmpinf)
    __fpl_fnaninf                            0x08002d37   Thumb Code   140  fnaninf.o(x$fpl$fnaninf)
    _fp_init                                 0x08002dc3   Thumb Code    10  fpinit.o(x$fpl$fpinit)
    __fplib_config_fpu_vfp                   0x08002dcb   Thumb Code     0  fpinit.o(x$fpl$fpinit)
    __fplib_config_pureend_doubles           0x08002dcb   Thumb Code     0  fpinit.o(x$fpl$fpinit)
    _frem                                    0x08002dcd   Thumb Code   240  frem_clz.o(x$fpl$frem)
    __fpl_fretinf                            0x08002ec1   Thumb Code    10  fretinf.o(x$fpl$fretinf)
    __I$use$fp                               0x08002eca   Number         0  usenofp.o(x$fpl$usenofp)
    IR_Weights                               0x08002eec   Data          32  tracking.o(.constdata)
    Region$$Table$$Base                      0x08002f2c   Number         0  anon$$obj.o(Region$$Table)
    Region$$Table$$Limit                     0x08002f4c   Number         0  anon$$obj.o(Region$$Table)
    aRxBuffer                                0x20000010   Data           1  esp8266.o(.data)
    RST_Start                                0x20000011   Data           9  esp8266.o(.data)
    MODE_Start                               0x2000001a   Data          14  esp8266.o(.data)
    WIFI_Start                               0x20000028   Data          26  esp8266.o(.data)
    Connected_Start                          0x20000042   Data          14  esp8266.o(.data)
    TCP_Start                                0x20000050   Data          42  esp8266.o(.data)
    SeriaNet_Start                           0x2000007a   Data          15  esp8266.o(.data)
    SeriaNet_Exit                            0x20000089   Data           4  esp8266.o(.data)
    TX_Start                                 0x2000008d   Data          13  esp8266.o(.data)
    Type                                     0x2000009a   Data           5  esp8266.o(.data)
    Modbus_Type                              0x2000009f   Data           1  esp8266.o(.data)
    g_new_package_flag                       0x200000af   Data           1  tracking.o(.data)
    IR_Data_number                           0x200000b0   Data           8  tracking.o(.data)
    __stdout                                 0x200000bc   Data           4  usart.o(.data)
    USART_RX_STA                             0x200000c0   Data           2  usart.o(.data)
    Time_count                               0x200000c4   Data           4  balance.o(.data)
    Buzzer_count1                            0x200000c8   Data           4  balance.o(.data)
    robot_mode_check_flag                    0x200000cc   Data           4  balance.o(.data)
    test_num                                 0x200000d0   Data           2  balance.o(.data)
    command_lost_count                       0x200000d2   Data           1  balance.o(.data)
    Flag_Stop                                0x200000f4   Data           1  system.o(.data)
    Divisor_Mode                             0x200000f8   Data           4  system.o(.data)
    Car_Mode                                 0x200000fc   Data           1  system.o(.data)
    Servo                                    0x20000100   Data           4  system.o(.data)
    RC_Velocity                              0x20000104   Data           4  system.o(.data)
    Move_X                                   0x20000108   Data           4  system.o(.data)
    Move_Y                                   0x2000010c   Data           4  system.o(.data)
    Move_Z                                   0x20000110   Data           4  system.o(.data)
    Velocity_KP                              0x20000114   Data           4  system.o(.data)
    Velocity_KI                              0x20000118   Data           4  system.o(.data)
    Velocity_KD                              0x2000011c   Data           4  system.o(.data)
    Encoder_precision                        0x20000120   Data           4  system.o(.data)
    Wheel_perimeter                          0x20000124   Data           4  system.o(.data)
    Wheel_spacing                            0x20000128   Data           4  system.o(.data)
    Axle_spacing                             0x2000012c   Data           4  system.o(.data)
    Omni_turn_radiaus                        0x20000130   Data           4  system.o(.data)
    PS2_ON_Flag                              0x20000134   Data           1  system.o(.data)
    APP_ON_Flag                              0x20000135   Data           1  system.o(.data)
    Remote_ON_Flag                           0x20000136   Data           1  system.o(.data)
    CAN_ON_Flag                              0x20000137   Data           1  system.o(.data)
    Usart1_ON_Flag                           0x20000138   Data           1  system.o(.data)
    Usart5_ON_Flag                           0x20000139   Data           1  system.o(.data)
    Flag_Left                                0x2000013a   Data           1  system.o(.data)
    Flag_Right                               0x2000013b   Data           1  system.o(.data)
    Flag_Direction                           0x2000013c   Data           1  system.o(.data)
    Turn_Flag                                0x2000013d   Data           1  system.o(.data)
    PID_Send                                 0x2000013e   Data           1  system.o(.data)
    PS2_LX                                   0x20000140   Data           4  system.o(.data)
    PS2_LY                                   0x20000144   Data           4  system.o(.data)
    PS2_RX                                   0x20000148   Data           4  system.o(.data)
    PS2_RY                                   0x2000014c   Data           4  system.o(.data)
    PS2_KEY                                  0x20000150   Data           4  system.o(.data)
    Check                                    0x20000154   Data           4  system.o(.data)
    Checking                                 0x20000158   Data           4  system.o(.data)
    Checked                                  0x2000015c   Data           4  system.o(.data)
    CheckCount                               0x20000160   Data           4  system.o(.data)
    CheckPhrase1                             0x20000164   Data           4  system.o(.data)
    CheckPhrase2                             0x20000168   Data           4  system.o(.data)
    ErrorCode                                0x2000016c   Data           4  system.o(.data)
    Proc_Flag                                0x20000170   Data           1  system.o(.data)
    servo_pwm_count                          0x20000174   Data           4  system.o(.data)
    check_time_count_motor_forward           0x20000178   Data           4  system.o(.data)
    check_time_count_motor_retreat           0x2000017c   Data           4  system.o(.data)
    POT_val                                  0x20000180   Data           4  system.o(.data)
    Servo_Count                              0x20000184   Data          24  system.o(.data)
    uart3_send_flag                          0x2000019c   Data           1  system.o(.data)
    message_count                            0x2000019d   Data           1  system.o(.data)
    uart2_send_flag                          0x2000019e   Data           1  system.o(.data)
    app_count                                0x2000019f   Data           1  system.o(.data)
    Full_rotation                            0x200001a0   Data           4  system.o(.data)
    ESP8266_ReceiveBuf2                      0x200001a4   Data        2000  esp8266.o(.bss)
    ESP8266_ReceiveCmd                       0x20000974   Data        2000  esp8266.o(.bss)
    powerMeter                               0x20001150   Data          60  modbus.o(.bss)
    rx_buff                                  0x2000118c   Data         100  tracking.o(.bss)
    new_package                              0x200011f0   Data         100  tracking.o(.bss)
    cmd                                      0x200017f4   Data          12  balance.o(.bss)
    OriginalEncoder                          0x20001800   Data          16  balance.o(.bss)
    smooth_control                           0x20001810   Data          12  system.o(.bss)
    Motor_Left                               0x2000181c   Data          40  system.o(.bss)
    Motor_Right                              0x20001844   Data          40  system.o(.bss)
    servo_direction                          0x2000186c   Data          24  system.o(.bss)
    uart3_receive_message                    0x20001884   Data          50  system.o(.bss)
    uart2_receive_message                    0x200018b6   Data          50  system.o(.bss)
    Robot_Parament                           0x200018e8   Data          24  robot_select_init.o(.bss)
    __libspace_start                         0x20001900   Data          96  libspace.o(.bss)
    __temporary_stack_top$libspace           0x20001960   Data           0  libspace.o(.bss)



==============================================================================

Memory Map of the image

  Image Entry point : 0x08000189

  Load Region LR_IROM1 (Base: 0x08000000, Size: 0x000030f0, Max: 0x00080000, ABSOLUTE, COMPRESSED[0x00002fe8])

    Execution Region ER_IROM1 (Exec base: 0x08000000, Load base: 0x08000000, Size: 0x00002f4c, Max: 0x00080000, ABSOLUTE)

    Exec Addr    Load Addr    Size         Type   Attr      Idx    E Section Name        Object

    0x08000000   0x08000000   0x00000188   Data   RO            3    RESET               startup_stm32f40_41xxx.o
    0x08000188   0x08000188   0x00000008   Code   RO         6366  * !!!main             c_w.l(__main.o)
    0x08000190   0x08000190   0x00000034   Code   RO         6645    !!!scatter          c_w.l(__scatter.o)
    0x080001c4   0x080001c4   0x0000005a   Code   RO         6643    !!dczerorl2         c_w.l(__dczerorl2.o)
    0x0800021e   0x0800021e   0x00000002   PAD
    0x08000220   0x08000220   0x0000001c   Code   RO         6647    !!handler_zi        c_w.l(__scatter_zi.o)
    0x0800023c   0x0800023c   0x00000000   Code   RO         6355    .ARM.Collect$$_printf_percent$$00000000  c_w.l(_printf_percent.o)
    0x0800023c   0x0800023c   0x00000006   Code   RO         6354    .ARM.Collect$$_printf_percent$$00000014  c_w.l(_printf_s.o)
    0x08000242   0x08000242   0x00000004   Code   RO         6433    .ARM.Collect$$_printf_percent$$00000017  c_w.l(_printf_percent_end.o)
    0x08000246   0x08000246   0x00000002   Code   RO         6518    .ARM.Collect$$libinit$$00000000  c_w.l(libinit.o)
    0x08000248   0x08000248   0x00000004   Code   RO         6521    .ARM.Collect$$libinit$$00000001  c_w.l(libinit2.o)
    0x0800024c   0x0800024c   0x00000000   Code   RO         6524    .ARM.Collect$$libinit$$00000004  c_w.l(libinit2.o)
    0x0800024c   0x0800024c   0x00000000   Code   RO         6527    .ARM.Collect$$libinit$$0000000A  c_w.l(libinit2.o)
    0x0800024c   0x0800024c   0x00000000   Code   RO         6529    .ARM.Collect$$libinit$$0000000C  c_w.l(libinit2.o)
    0x0800024c   0x0800024c   0x00000000   Code   RO         6531    .ARM.Collect$$libinit$$0000000E  c_w.l(libinit2.o)
    0x0800024c   0x0800024c   0x00000000   Code   RO         6534    .ARM.Collect$$libinit$$00000011  c_w.l(libinit2.o)
    0x0800024c   0x0800024c   0x00000000   Code   RO         6536    .ARM.Collect$$libinit$$00000013  c_w.l(libinit2.o)
    0x0800024c   0x0800024c   0x00000000   Code   RO         6538    .ARM.Collect$$libinit$$00000015  c_w.l(libinit2.o)
    0x0800024c   0x0800024c   0x00000000   Code   RO         6540    .ARM.Collect$$libinit$$00000017  c_w.l(libinit2.o)
    0x0800024c   0x0800024c   0x00000000   Code   RO         6542    .ARM.Collect$$libinit$$00000019  c_w.l(libinit2.o)
    0x0800024c   0x0800024c   0x00000000   Code   RO         6544    .ARM.Collect$$libinit$$0000001B  c_w.l(libinit2.o)
    0x0800024c   0x0800024c   0x00000000   Code   RO         6546    .ARM.Collect$$libinit$$0000001D  c_w.l(libinit2.o)
    0x0800024c   0x0800024c   0x00000000   Code   RO         6548    .ARM.Collect$$libinit$$0000001F  c_w.l(libinit2.o)
    0x0800024c   0x0800024c   0x00000000   Code   RO         6550    .ARM.Collect$$libinit$$00000021  c_w.l(libinit2.o)
    0x0800024c   0x0800024c   0x00000000   Code   RO         6552    .ARM.Collect$$libinit$$00000023  c_w.l(libinit2.o)
    0x0800024c   0x0800024c   0x00000000   Code   RO         6554    .ARM.Collect$$libinit$$00000025  c_w.l(libinit2.o)
    0x0800024c   0x0800024c   0x00000000   Code   RO         6558    .ARM.Collect$$libinit$$0000002C  c_w.l(libinit2.o)
    0x0800024c   0x0800024c   0x00000000   Code   RO         6560    .ARM.Collect$$libinit$$0000002E  c_w.l(libinit2.o)
    0x0800024c   0x0800024c   0x00000000   Code   RO         6562    .ARM.Collect$$libinit$$00000030  c_w.l(libinit2.o)
    0x0800024c   0x0800024c   0x00000000   Code   RO         6564    .ARM.Collect$$libinit$$00000032  c_w.l(libinit2.o)
    0x0800024c   0x0800024c   0x00000002   Code   RO         6565    .ARM.Collect$$libinit$$00000033  c_w.l(libinit2.o)
    0x0800024e   0x0800024e   0x00000002   Code   RO         6583    .ARM.Collect$$libshutdown$$00000000  c_w.l(libshutdown.o)
    0x08000250   0x08000250   0x00000000   Code   RO         6593    .ARM.Collect$$libshutdown$$00000002  c_w.l(libshutdown2.o)
    0x08000250   0x08000250   0x00000000   Code   RO         6595    .ARM.Collect$$libshutdown$$00000004  c_w.l(libshutdown2.o)
    0x08000250   0x08000250   0x00000000   Code   RO         6597    .ARM.Collect$$libshutdown$$00000006  c_w.l(libshutdown2.o)
    0x08000250   0x08000250   0x00000000   Code   RO         6600    .ARM.Collect$$libshutdown$$00000009  c_w.l(libshutdown2.o)
    0x08000250   0x08000250   0x00000000   Code   RO         6603    .ARM.Collect$$libshutdown$$0000000C  c_w.l(libshutdown2.o)
    0x08000250   0x08000250   0x00000000   Code   RO         6605    .ARM.Collect$$libshutdown$$0000000E  c_w.l(libshutdown2.o)
    0x08000250   0x08000250   0x00000000   Code   RO         6608    .ARM.Collect$$libshutdown$$00000011  c_w.l(libshutdown2.o)
    0x08000250   0x08000250   0x00000002   Code   RO         6609    .ARM.Collect$$libshutdown$$00000012  c_w.l(libshutdown2.o)
    0x08000252   0x08000252   0x00000000   Code   RO         6426    .ARM.Collect$$rtentry$$00000000  c_w.l(__rtentry.o)
    0x08000252   0x08000252   0x00000000   Code   RO         6475    .ARM.Collect$$rtentry$$00000002  c_w.l(__rtentry2.o)
    0x08000252   0x08000252   0x00000006   Code   RO         6487    .ARM.Collect$$rtentry$$00000004  c_w.l(__rtentry4.o)
    0x08000258   0x08000258   0x00000000   Code   RO         6477    .ARM.Collect$$rtentry$$00000009  c_w.l(__rtentry2.o)
    0x08000258   0x08000258   0x00000004   Code   RO         6478    .ARM.Collect$$rtentry$$0000000A  c_w.l(__rtentry2.o)
    0x0800025c   0x0800025c   0x00000000   Code   RO         6480    .ARM.Collect$$rtentry$$0000000C  c_w.l(__rtentry2.o)
    0x0800025c   0x0800025c   0x00000008   Code   RO         6481    .ARM.Collect$$rtentry$$0000000D  c_w.l(__rtentry2.o)
    0x08000264   0x08000264   0x00000002   Code   RO         6519    .ARM.Collect$$rtexit$$00000000  c_w.l(rtexit.o)
    0x08000266   0x08000266   0x00000000   Code   RO         6567    .ARM.Collect$$rtexit$$00000002  c_w.l(rtexit2.o)
    0x08000266   0x08000266   0x00000004   Code   RO         6568    .ARM.Collect$$rtexit$$00000003  c_w.l(rtexit2.o)
    0x0800026a   0x0800026a   0x00000006   Code   RO         6569    .ARM.Collect$$rtexit$$00000004  c_w.l(rtexit2.o)
    0x08000270   0x08000270   0x00000040   Code   RO            4    .text               startup_stm32f40_41xxx.o
    0x080002b0   0x080002b0   0x00000002   Code   RO         6324    .text               c_w.l(use_no_semi_2.o)
    0x080002b2   0x080002b2   0x00000002   PAD
    0x080002b4   0x080002b4   0x00000018   Code   RO         6328    .text               c_w.l(noretval__2printf.o)
    0x080002cc   0x080002cc   0x00000068   Code   RO         6330    .text               c_w.l(__printf.o)
    0x08000334   0x08000334   0x00000052   Code   RO         6332    .text               c_w.l(_printf_str.o)
    0x08000386   0x08000386   0x0000003e   Code   RO         6356    .text               c_w.l(strlen.o)
    0x080003c4   0x080003c4   0x0000008a   Code   RO         6358    .text               c_w.l(rt_memcpy_v6.o)
    0x0800044e   0x0800044e   0x00000044   Code   RO         6360    .text               c_w.l(rt_memclr.o)
    0x08000492   0x08000492   0x0000004e   Code   RO         6362    .text               c_w.l(rt_memclr_w.o)
    0x080004e0   0x080004e0   0x00000006   Code   RO         6364    .text               c_w.l(heapauxi.o)
    0x080004e6   0x080004e6   0x00000002   Code   RO         6424    .text               c_w.l(use_no_semi.o)
    0x080004e8   0x080004e8   0x00000016   Code   RO         6427    .text               c_w.l(_rserrno.o)
    0x080004fe   0x080004fe   0x0000002c   Code   RO         6429    .text               c_w.l(_printf_char.o)
    0x0800052a   0x0800052a   0x00000002   PAD
    0x0800052c   0x0800052c   0x00000024   Code   RO         6431    .text               c_w.l(_printf_char_file.o)
    0x08000550   0x08000550   0x00000064   Code   RO         6434    .text               c_w.l(rt_memcpy_w.o)
    0x080005b4   0x080005b4   0x00000008   Code   RO         6492    .text               c_w.l(rt_errno_addr_intlibspace.o)
    0x080005bc   0x080005bc   0x00000030   Code   RO         6494    .text               c_w.l(_printf_char_common.o)
    0x080005ec   0x080005ec   0x00000008   Code   RO         6496    .text               c_w.l(ferror.o)
    0x080005f4   0x080005f4   0x00000008   Code   RO         6504    .text               c_w.l(libspace.o)
    0x080005fc   0x080005fc   0x0000004a   Code   RO         6507    .text               c_w.l(sys_stackheap_outer.o)
    0x08000646   0x08000646   0x00000012   Code   RO         6511    .text               c_w.l(exit.o)
    0x08000658   0x08000658   0x00000084   Code   RO         6125    i.Balance_task      balance.o
    0x080006dc   0x080006dc   0x00000004   Code   RO         5386    i.BusFault_Handler  stm32f4xx_it.o
    0x080006e0   0x080006e0   0x00000058   Code   RO         5832    i.Calculate_Line_error  tracking.o
    0x08000738   0x08000738   0x00000094   Code   RO         5833    i.Deal_IR_Usart     tracking.o
    0x080007cc   0x080007cc   0x0000003c   Code   RO         5834    i.Deal_Usart_Data   tracking.o
    0x08000808   0x08000808   0x00000002   Code   RO         5387    i.DebugMon_Handler  stm32f4xx_it.o
    0x0800080a   0x0800080a   0x00000002   PAD
    0x0800080c   0x0800080c   0x000000b8   Code   RO         6126    i.Drive_Motor       balance.o
    0x080008c4   0x080008c4   0x00000028   Code   RO         5591    i.ESP8266_Command   esp8266.o
    0x080008ec   0x080008ec   0x00000054   Code   RO         5592    i.ESP8266_Init      esp8266.o
    0x08000940   0x08000940   0x00000058   Code   RO         5593    i.ESP8266_RxCpltCallback  esp8266.o
    0x08000998   0x08000998   0x00000012   Code   RO         5522    i.EXTI0_IRQHandler  encoder.o
    0x080009aa   0x080009aa   0x00000014   Code   RO         5523    i.EXTI2_IRQHandler  encoder.o
    0x080009be   0x080009be   0x00000002   PAD
    0x080009c0   0x080009c0   0x0000000c   Code   RO         1592    i.EXTI_ClearITPendingBit  stm32f4xx_exti.o
    0x080009cc   0x080009cc   0x00000018   Code   RO         1596    i.EXTI_GetITStatus  stm32f4xx_exti.o
    0x080009e4   0x080009e4   0x000000e8   Code   RO         5524    i.Encoder_Init_TIM2  encoder.o
    0x08000acc   0x08000acc   0x000000bc   Code   RO         5525    i.Encoder_Init_TIM3  encoder.o
    0x08000b88   0x08000b88   0x0000002c   Code   RO         6127    i.FOCLoop_task      balance.o
    0x08000bb4   0x08000bb4   0x00000054   Code   RO         6128    i.FOC_Init          balance.o
    0x08000c08   0x08000c08   0x000002e4   Code   RO         6129    i.FOC_duty_Update   balance.o
    0x08000eec   0x08000eec   0x00000090   Code   RO         2114    i.GPIO_Init         stm32f4xx_gpio.o
    0x08000f7c   0x08000f7c   0x00000046   Code   RO         2115    i.GPIO_PinAFConfig  stm32f4xx_gpio.o
    0x08000fc2   0x08000fc2   0x00000002   PAD
    0x08000fc4   0x08000fc4   0x00000098   Code   RO         6131    i.Get_Velocity_Form_Encoder  balance.o
    0x0800105c   0x0800105c   0x00000004   Code   RO         5388    i.HardFault_Handler  stm32f4xx_it.o
    0x08001060   0x08001060   0x000000a4   Code   RO         6132    i.Incremental_PID_A  balance.o
    0x08001104   0x08001104   0x00000058   Code   RO         6134    i.Limit_Pwm         balance.o
    0x0800115c   0x0800115c   0x00000004   Code   RO         5389    i.MemManage_Handler  stm32f4xx_it.o
    0x08001160   0x08001160   0x00000030   Code   RO         5672    i.ModbusCRC_CheckTable  modbus.o
    0x08001190   0x08001190   0x00000002   Code   RO         5390    i.NMI_Handler       stm32f4xx_it.o
    0x08001192   0x08001192   0x00000002   PAD
    0x08001194   0x08001194   0x00000078   Code   RO          158    i.NVIC_Init         misc.o
    0x0800120c   0x0800120c   0x00000014   Code   RO          159    i.NVIC_PriorityGroupConfig  misc.o
    0x08001220   0x08001220   0x00000002   Code   RO         5391    i.PendSV_Handler    stm32f4xx_it.o
    0x08001222   0x08001222   0x00000002   PAD
    0x08001224   0x08001224   0x000000d0   Code   RO         5675    i.PowerMeter_DataAnalyse  modbus.o
    0x080012f4   0x080012f4   0x00000010   Code   RO         5677    i.PowerMeter_StartReceive  modbus.o
    0x08001304   0x08001304   0x00000020   Code   RO         3055    i.RCC_AHB1PeriphClockCmd  stm32f4xx_rcc.o
    0x08001324   0x08001324   0x00000020   Code   RO         3064    i.RCC_APB1PeriphClockCmd  stm32f4xx_rcc.o
    0x08001344   0x08001344   0x00000020   Code   RO         3067    i.RCC_APB2PeriphClockCmd  stm32f4xx_rcc.o
    0x08001364   0x08001364   0x000000e8   Code   RO         3076    i.RCC_GetClocksFreq  stm32f4xx_rcc.o
    0x0800144c   0x0800144c   0x00000038   Code   RO         5527    i.Read_Encoder      encoder.o
    0x08001484   0x08001484   0x0000002c   Code   RO         5678    i.RegToFloat        modbus.o
    0x080014b0   0x080014b0   0x000000bc   Code   RO         6292    i.Robot_Init        robot_select_init.o
    0x0800156c   0x0800156c   0x0000008c   Code   RO         6293    i.Robot_Select      robot_select_init.o
    0x080015f8   0x080015f8   0x00000002   Code   RO         5392    i.SVC_Handler       stm32f4xx_it.o
    0x080015fa   0x080015fa   0x00000002   PAD
    0x080015fc   0x080015fc   0x000000ec   Code   RO           13    i.SetSysClock       system_stm32f4xx.o
    0x080016e8   0x080016e8   0x00000050   Code   RO         6135    i.Set_Pwm           balance.o
    0x08001738   0x08001738   0x00000002   Code   RO         5393    i.SysTick_Handler   stm32f4xx_it.o
    0x0800173a   0x0800173a   0x00000002   PAD
    0x0800173c   0x0800173c   0x00000068   Code   RO           15    i.SystemInit        system_stm32f4xx.o
    0x080017a4   0x080017a4   0x0000003a   Code   RO         4450    i.TI1_Config        stm32f4xx_tim.o
    0x080017de   0x080017de   0x00000050   Code   RO         4451    i.TI2_Config        stm32f4xx_tim.o
    0x0800182e   0x0800182e   0x00000048   Code   RO         4452    i.TI3_Config        stm32f4xx_tim.o
    0x08001876   0x08001876   0x00000050   Code   RO         4453    i.TI4_Config        stm32f4xx_tim.o
    0x080018c6   0x080018c6   0x00000018   Code   RO         5528    i.TIM2_IRQHandler   encoder.o
    0x080018de   0x080018de   0x00000002   PAD
    0x080018e0   0x080018e0   0x00000018   Code   RO         5529    i.TIM3_IRQHandler   encoder.o
    0x080018f8   0x080018f8   0x000000e4   Code   RO         5465    i.TIM4_Init         brushlessmotor.o
    0x080019dc   0x080019dc   0x00000020   Code   RO         5962    i.TIM7_IRQHandler   timer.o
    0x080019fc   0x080019fc   0x00000078   Code   RO         5963    i.TIM7_Init         timer.o
    0x08001a74   0x08001a74   0x00000148   Code   RO         5466    i.TIM8_Init         brushlessmotor.o
    0x08001bbc   0x08001bbc   0x00000018   Code   RO         4454    i.TIM_ARRPreloadConfig  stm32f4xx_tim.o
    0x08001bd4   0x08001bd4   0x00000020   Code   RO         4455    i.TIM_BDTRConfig    stm32f4xx_tim.o
    0x08001bf4   0x08001bf4   0x00000012   Code   RO         4456    i.TIM_BDTRStructInit  stm32f4xx_tim.o
    0x08001c06   0x08001c06   0x00000006   Code   RO         4460    i.TIM_ClearFlag     stm32f4xx_tim.o
    0x08001c0c   0x08001c0c   0x00000006   Code   RO         4461    i.TIM_ClearITPendingBit  stm32f4xx_tim.o
    0x08001c12   0x08001c12   0x00000018   Code   RO         4466    i.TIM_Cmd           stm32f4xx_tim.o
    0x08001c2a   0x08001c2a   0x0000001e   Code   RO         4468    i.TIM_CtrlPWMOutputs  stm32f4xx_tim.o
    0x08001c48   0x08001c48   0x00000042   Code   RO         4475    i.TIM_EncoderInterfaceConfig  stm32f4xx_tim.o
    0x08001c8a   0x08001c8a   0x00000022   Code   RO         4487    i.TIM_GetITStatus   stm32f4xx_tim.o
    0x08001cac   0x08001cac   0x0000006e   Code   RO         4489    i.TIM_ICInit        stm32f4xx_tim.o
    0x08001d1a   0x08001d1a   0x00000012   Code   RO         4490    i.TIM_ICStructInit  stm32f4xx_tim.o
    0x08001d2c   0x08001d2c   0x00000012   Code   RO         4491    i.TIM_ITConfig      stm32f4xx_tim.o
    0x08001d3e   0x08001d3e   0x0000000c   Code   RO         4493    i.TIM_InternalClockConfig  stm32f4xx_tim.o
    0x08001d4a   0x08001d4a   0x00000002   PAD
    0x08001d4c   0x08001d4c   0x0000007c   Code   RO         4495    i.TIM_OC1Init       stm32f4xx_tim.o
    0x08001dc8   0x08001dc8   0x00000012   Code   RO         4498    i.TIM_OC1PreloadConfig  stm32f4xx_tim.o
    0x08001dda   0x08001dda   0x00000002   PAD
    0x08001ddc   0x08001ddc   0x000000a4   Code   RO         4500    i.TIM_OC2Init       stm32f4xx_tim.o
    0x08001e80   0x08001e80   0x0000001a   Code   RO         4503    i.TIM_OC2PreloadConfig  stm32f4xx_tim.o
    0x08001e9a   0x08001e9a   0x00000002   PAD
    0x08001e9c   0x08001e9c   0x000000a0   Code   RO         4505    i.TIM_OC3Init       stm32f4xx_tim.o
    0x08001f3c   0x08001f3c   0x00000012   Code   RO         4508    i.TIM_OC3PreloadConfig  stm32f4xx_tim.o
    0x08001f4e   0x08001f4e   0x00000002   PAD
    0x08001f50   0x08001f50   0x00000078   Code   RO         4510    i.TIM_OC4Init       stm32f4xx_tim.o
    0x08001fc8   0x08001fc8   0x0000001a   Code   RO         4512    i.TIM_OC4PreloadConfig  stm32f4xx_tim.o
    0x08001fe2   0x08001fe2   0x00000004   Code   RO         4528    i.TIM_SetCompare1   stm32f4xx_tim.o
    0x08001fe6   0x08001fe6   0x00000004   Code   RO         4529    i.TIM_SetCompare2   stm32f4xx_tim.o
    0x08001fea   0x08001fea   0x00000004   Code   RO         4530    i.TIM_SetCompare3   stm32f4xx_tim.o
    0x08001fee   0x08001fee   0x00000004   Code   RO         4531    i.TIM_SetCompare4   stm32f4xx_tim.o
    0x08001ff2   0x08001ff2   0x00000004   Code   RO         4532    i.TIM_SetCounter    stm32f4xx_tim.o
    0x08001ff6   0x08001ff6   0x00000012   Code   RO         4533    i.TIM_SetIC1Prescaler  stm32f4xx_tim.o
    0x08002008   0x08002008   0x0000001a   Code   RO         4534    i.TIM_SetIC2Prescaler  stm32f4xx_tim.o
    0x08002022   0x08002022   0x00000012   Code   RO         4535    i.TIM_SetIC3Prescaler  stm32f4xx_tim.o
    0x08002034   0x08002034   0x0000001a   Code   RO         4536    i.TIM_SetIC4Prescaler  stm32f4xx_tim.o
    0x0800204e   0x0800204e   0x00000002   PAD
    0x08002050   0x08002050   0x00000084   Code   RO         4538    i.TIM_TimeBaseInit  stm32f4xx_tim.o
    0x080020d4   0x080020d4   0x00000012   Code   RO         4539    i.TIM_TimeBaseStructInit  stm32f4xx_tim.o
    0x080020e6   0x080020e6   0x00000002   PAD
    0x080020e8   0x080020e8   0x0000002c   Code   RO         5836    i.Tracking_Init     tracking.o
    0x08002114   0x08002114   0x00000038   Code   RO         5837    i.Tracking_task     tracking.o
    0x0800214c   0x0800214c   0x00000040   Code   RO         5838    i.UART5_IRQHandler  tracking.o
    0x0800218c   0x0800218c   0x00000048   Code   RO         5679    i.USART2_IRQHandler  modbus.o
    0x080021d4   0x080021d4   0x0000002c   Code   RO         5595    i.USART3_IRQHandler  esp8266.o
    0x08002200   0x08002200   0x00000020   Code   RO         5597    i.USART3_SendChar   esp8266.o
    0x08002220   0x08002220   0x00000016   Code   RO         5598    i.USART3_SendString  esp8266.o
    0x08002236   0x08002236   0x0000001c   Code   RO         5839    i.USART5_SEND       tracking.o
    0x08002252   0x08002252   0x0000001e   Code   RO         5020    i.USART_ClearITPendingBit  stm32f4xx_usart.o
    0x08002270   0x08002270   0x00000018   Code   RO         5023    i.USART_Cmd         stm32f4xx_usart.o
    0x08002288   0x08002288   0x0000001a   Code   RO         5026    i.USART_GetFlagStatus  stm32f4xx_usart.o
    0x080022a2   0x080022a2   0x00000054   Code   RO         5027    i.USART_GetITStatus  stm32f4xx_usart.o
    0x080022f6   0x080022f6   0x0000004a   Code   RO         5029    i.USART_ITConfig    stm32f4xx_usart.o
    0x08002340   0x08002340   0x000000d4   Code   RO         5030    i.USART_Init        stm32f4xx_usart.o
    0x08002414   0x08002414   0x0000000a   Code   RO         5037    i.USART_ReceiveData  stm32f4xx_usart.o
    0x0800241e   0x0800241e   0x00000008   Code   RO         5040    i.USART_SendData    stm32f4xx_usart.o
    0x08002426   0x08002426   0x00000004   Code   RO         5394    i.UsageFault_Handler  stm32f4xx_it.o
    0x0800242a   0x0800242a   0x00000026   Code   RO         6455    i.__ARM_fpclassifyf  m_wm.l(fpclassifyf.o)
    0x08002450   0x08002450   0x00000048   Code   RO         6416    i.__hardfp_fmaxf    m_wm.l(fmaxf.o)
    0x08002498   0x08002498   0x00000048   Code   RO         6420    i.__hardfp_fminf    m_wm.l(fminf.o)
    0x080024e0   0x080024e0   0x000000b0   Code   RO         6380    i.__hardfp_fmodf    m_wm.l(fmodf.o)
    0x08002590   0x08002590   0x00000190   Code   RO         6392    i.__hardfp_sinf     m_wm.l(sinf.o)
    0x08002720   0x08002720   0x00000006   Code   RO         6458    i.__mathlib_flt_infnan  m_wm.l(funder.o)
    0x08002726   0x08002726   0x00000002   PAD
    0x08002728   0x08002728   0x00000010   Code   RO         6460    i.__mathlib_flt_invalid  m_wm.l(funder.o)
    0x08002738   0x08002738   0x00000010   Code   RO         6463    i.__mathlib_flt_underflow  m_wm.l(funder.o)
    0x08002748   0x08002748   0x00000154   Code   RO         6471    i.__mathlib_rredf2  m_wm.l(rredf.o)
    0x0800289c   0x0800289c   0x00000004   Code   RO         6059    i._sys_exit         usart.o
    0x080028a0   0x080028a0   0x00000018   Code   RO         5995    i.delay_ms          delay.o
    0x080028b8   0x080028b8   0x0000002c   Code   RO         5997    i.delay_us          delay.o
    0x080028e4   0x080028e4   0x0000001c   Code   RO         6060    i.fputc             usart.o
    0x08002900   0x08002900   0x00000010   Code   RO         5283    i.main              main.o
    0x08002910   0x08002910   0x00000038   Code   RO         6257    i.systemInit        system.o
    0x08002948   0x08002948   0x0000002a   Code   RO         6139    i.target_limit_float  balance.o
    0x08002972   0x08002972   0x00000002   PAD
    0x08002974   0x08002974   0x000000b0   Code   RO         5920    i.uart2_init        usartx.o
    0x08002a24   0x08002a24   0x000000b0   Code   RO         5599    i.uart3_init        esp8266.o
    0x08002ad4   0x08002ad4   0x000000e0   Code   RO         5840    i.uart5_init        tracking.o
    0x08002bb4   0x08002bb4   0x00000018   Code   RO         5841    i.usart5_send       tracking.o
    0x08002bcc   0x08002bcc   0x00000062   Code   RO         6368    x$fpl$d2f           fz_wm.l(d2f.o)
    0x08002c2e   0x08002c2e   0x0000009c   Code   RO         6438    x$fpl$dnaninf       fz_wm.l(dnaninf.o)
    0x08002cca   0x08002cca   0x00000002   PAD
    0x08002ccc   0x08002ccc   0x00000052   Code   RO         6444    x$fpl$fcmp4         fz_wm.l(fcmp4.o)
    0x08002d1e   0x08002d1e   0x00000018   Code   RO         6502    x$fpl$fcmpinf       fz_wm.l(fcmpi.o)
    0x08002d36   0x08002d36   0x0000008c   Code   RO         6448    x$fpl$fnaninf       fz_wm.l(fnaninf.o)
    0x08002dc2   0x08002dc2   0x0000000a   Code   RO         6575    x$fpl$fpinit        fz_wm.l(fpinit.o)
    0x08002dcc   0x08002dcc   0x000000f4   Code   RO         6450    x$fpl$frem          fz_wm.l(frem_clz.o)
    0x08002ec0   0x08002ec0   0x0000000a   Code   RO         6452    x$fpl$fretinf       fz_wm.l(fretinf.o)
    0x08002eca   0x08002eca   0x00000000   Code   RO         6454    x$fpl$usenofp       fz_wm.l(usenofp.o)
    0x08002eca   0x08002eca   0x00000020   Data   RO         5682    .constdata          modbus.o
    0x08002eea   0x08002eea   0x00000002   PAD
    0x08002eec   0x08002eec   0x00000020   Data   RO         5843    .constdata          tracking.o
    0x08002f0c   0x08002f0c   0x00000020   Data   RO         6472    .constdata          m_wm.l(rredf.o)
    0x08002f2c   0x08002f2c   0x00000020   Data   RO         6641    Region$$Table       anon$$obj.o


    Execution Region RW_IRAM1 (Exec base: 0x20000000, Load base: 0x08002f4c, Size: 0x00001f60, Max: 0x00020000, ABSOLUTE, COMPRESSED[0x0000009c])

    Exec Addr    Load Addr    Size         Type   Attr      Idx    E Section Name        Object

    0x20000000   COMPRESSED   0x00000010   Data   RW         3108    .data               stm32f4xx_rcc.o
    0x20000010   COMPRESSED   0x00000092   Data   RW         5601    .data               esp8266.o
    0x200000a2   COMPRESSED   0x0000000d   Data   RW         5683    .data               modbus.o
    0x200000af   COMPRESSED   0x0000000b   Data   RW         5844    .data               tracking.o
    0x200000ba   COMPRESSED   0x00000002   PAD
    0x200000bc   COMPRESSED   0x00000006   Data   RW         6063    .data               usart.o
    0x200000c2   COMPRESSED   0x00000002   PAD
    0x200000c4   COMPRESSED   0x00000030   Data   RW         6142    .data               balance.o
    0x200000f4   COMPRESSED   0x000000b0   Data   RW         6259    .data               system.o
    0x200001a4        -       0x00000fa0   Zero   RW         5600    .bss                esp8266.o
    0x20001144        -       0x00000048   Zero   RW         5681    .bss                modbus.o
    0x2000118c        -       0x000000c8   Zero   RW         5842    .bss                tracking.o
    0x20001254        -       0x000005bc   Zero   RW         6141    .bss                balance.o
    0x20001810        -       0x000000d8   Zero   RW         6258    .bss                system.o
    0x200018e8        -       0x00000018   Zero   RW         6294    .bss                robot_select_init.o
    0x20001900        -       0x00000060   Zero   RW         6505    .bss                c_w.l(libspace.o)
    0x20001960        -       0x00000200   Zero   RW            2    HEAP                startup_stm32f40_41xxx.o
    0x20001b60        -       0x00000400   Zero   RW            1    STACK               startup_stm32f40_41xxx.o


==============================================================================

Image component sizes


      Code (inc. data)   RO Data    RW Data    ZI Data      Debug   Object Name

      1710        190          0         48       1468      18090   balance.o
       556         16          0          0          0       1640   brushlessmotor.o
        68          0          0          0          0       1114   delay.o
       562         26          0          0          0       4257   encoder.o
       486         62          0        146       4000       5645   esp8266.o
        16          0          0          0          0     243985   main.o
       140         24          0          0          0     240951   misc.o
       388         42         32         13         72       5023   modbus.o
       328         70          0          0         24       1873   robot_select_init.o
        64         26        392          0       1536        896   startup_stm32f40_41xxx.o
         0          0          0          0          0      15408   stm32f4xx_dfsdm.o
        36         10          0          0          0       1192   stm32f4xx_exti.o
       214          0          0          0          0       9055   stm32f4xx_gpio.o
        26          0          0          0          0       4478   stm32f4xx_it.o
       328         36          0         16          0       4943   stm32f4xx_rcc.o
      1602         66          0          0          0      43885   stm32f4xx_tim.o
       468          8          0          0          0      12523   stm32f4xx_usart.o
        56          0          0        176        216       5019   system.o
       340         32          0          0          0      54561   system_stm32f4xx.o
       152          8          0          0          0       1166   timer.o
       736         86         32         11        200       6905   tracking.o
        32          4          0          6          0     240708   usart.o
       176         10          0          0          0        769   usartx.o

    ----------------------------------------------------------------------
      8514        716        490        420       7516     924086   Object Totals
         0          0         32          0          0          0   (incl. Generated)
        30          0          2          4          0          0   (incl. Padding)

    ----------------------------------------------------------------------

      Code (inc. data)   RO Data    RW Data    ZI Data      Debug   Library Member Name

        90          0          0          0          0          0   __dczerorl2.o
         8          0          0          0          0         68   __main.o
       104          0          0          0          0         84   __printf.o
         0          0          0          0          0          0   __rtentry.o
        12          0          0          0          0          0   __rtentry2.o
         6          0          0          0          0          0   __rtentry4.o
        52          8          0          0          0          0   __scatter.o
        28          0          0          0          0          0   __scatter_zi.o
        44          0          0          0          0        108   _printf_char.o
        48          6          0          0          0         96   _printf_char_common.o
        36          4          0          0          0         80   _printf_char_file.o
         0          0          0          0          0          0   _printf_percent.o
         4          0          0          0          0          0   _printf_percent_end.o
         6          0          0          0          0          0   _printf_s.o
        82          0          0          0          0         80   _printf_str.o
        22          0          0          0          0        100   _rserrno.o
        18          0          0          0          0         80   exit.o
         8          0          0          0          0         68   ferror.o
         6          0          0          0          0        152   heapauxi.o
         2          0          0          0          0          0   libinit.o
         6          0          0          0          0          0   libinit2.o
         2          0          0          0          0          0   libshutdown.o
         2          0          0          0          0          0   libshutdown2.o
         8          4          0          0         96         68   libspace.o
        24          4          0          0          0         84   noretval__2printf.o
         8          4          0          0          0         68   rt_errno_addr_intlibspace.o
        68          0          0          0          0         68   rt_memclr.o
        78          0          0          0          0         80   rt_memclr_w.o
       138          0          0          0          0         68   rt_memcpy_v6.o
       100          0          0          0          0         80   rt_memcpy_w.o
         2          0          0          0          0          0   rtexit.o
        10          0          0          0          0          0   rtexit2.o
        62          0          0          0          0         76   strlen.o
        74          0          0          0          0         80   sys_stackheap_outer.o
         2          0          0          0          0         68   use_no_semi.o
         2          0          0          0          0         68   use_no_semi_2.o
        98          4          0          0          0        140   d2f.o
       156          4          0          0          0        140   dnaninf.o
        82          4          0          0          0        160   fcmp4.o
        24          0          0          0          0        116   fcmpi.o
       140          4          0          0          0        132   fnaninf.o
        10          0          0          0          0        116   fpinit.o
       244          8          0          0          0        132   frem_clz.o
        10          0          0          0          0        116   fretinf.o
         0          0          0          0          0          0   usenofp.o
        72          0          0          0          0        148   fmaxf.o
        72          0          0          0          0        148   fminf.o
       176          0          0          0          0        168   fmodf.o
        38          0          0          0          0        116   fpclassifyf.o
        38         12          0          0          0        348   funder.o
       340         24         32          0          0        160   rredf.o
       400         56          0          0          0        212   sinf.o

    ----------------------------------------------------------------------
      3072        146         32          0         96       4076   Library Totals
        10          0          0          0          0          0   (incl. Padding)

    ----------------------------------------------------------------------

      Code (inc. data)   RO Data    RW Data    ZI Data      Debug   Library Name

      1162         30          0          0         96       1724   c_w.l
       764         24          0          0          0       1052   fz_wm.l
      1136         92         32          0          0       1300   m_wm.l

    ----------------------------------------------------------------------
      3072        146         32          0         96       4076   Library Totals

    ----------------------------------------------------------------------

==============================================================================


      Code (inc. data)   RO Data    RW Data    ZI Data      Debug   

     11586        862        522        420       7612     915178   Grand Totals
     11586        862        522        156       7612     915178   ELF Image Totals (compressed)
     11586        862        522        156          0          0   ROM Totals

==============================================================================

    Total RO  Size (Code + RO Data)                12108 (  11.82kB)
    Total RW  Size (RW Data + ZI Data)              8032 (   7.84kB)
    Total ROM Size (Code + RO Data + RW Data)      12264 (  11.98kB)

==============================================================================

