Component: ARM Compiler 5.06 update 7 (build 960) Tool: armlink [4d3601]

==============================================================================

Section Cross References

    startup_stm32f40_41xxx.o(STACK) refers (Special) to heapauxi.o(.text) for __use_two_region_memory
    startup_stm32f40_41xxx.o(HEAP) refers (Special) to heapauxi.o(.text) for __use_two_region_memory
    startup_stm32f40_41xxx.o(RESET) refers (Special) to heapauxi.o(.text) for __use_two_region_memory
    startup_stm32f40_41xxx.o(RESET) refers to startup_stm32f40_41xxx.o(STACK) for __initial_sp
    startup_stm32f40_41xxx.o(RESET) refers to startup_stm32f40_41xxx.o(.text) for Reset_Handler
    startup_stm32f40_41xxx.o(RESET) refers to stm32f4xx_it.o(i.NMI_Handler) for NMI_Handler
    startup_stm32f40_41xxx.o(RESET) refers to stm32f4xx_it.o(i.HardFault_Handler) for HardFault_Handler
    startup_stm32f40_41xxx.o(RESET) refers to stm32f4xx_it.o(i.MemManage_Handler) for MemManage_Handler
    startup_stm32f40_41xxx.o(RESET) refers to stm32f4xx_it.o(i.BusFault_Handler) for BusFault_Handler
    startup_stm32f40_41xxx.o(RESET) refers to stm32f4xx_it.o(i.UsageFault_Handler) for UsageFault_Handler
    startup_stm32f40_41xxx.o(RESET) refers to stm32f4xx_it.o(i.SVC_Handler) for SVC_Handler
    startup_stm32f40_41xxx.o(RESET) refers to stm32f4xx_it.o(i.DebugMon_Handler) for DebugMon_Handler
    startup_stm32f40_41xxx.o(RESET) refers to stm32f4xx_it.o(i.PendSV_Handler) for PendSV_Handler
    startup_stm32f40_41xxx.o(RESET) refers to stm32f4xx_it.o(i.SysTick_Handler) for SysTick_Handler
    startup_stm32f40_41xxx.o(RESET) refers to encoder.o(i.EXTI0_IRQHandler) for EXTI0_IRQHandler
    startup_stm32f40_41xxx.o(RESET) refers to encoder.o(i.EXTI2_IRQHandler) for EXTI2_IRQHandler
    startup_stm32f40_41xxx.o(RESET) refers to encoder.o(i.TIM2_IRQHandler) for TIM2_IRQHandler
    startup_stm32f40_41xxx.o(RESET) refers to encoder.o(i.TIM3_IRQHandler) for TIM3_IRQHandler
    startup_stm32f40_41xxx.o(RESET) refers to modbus.o(i.USART2_IRQHandler) for USART2_IRQHandler
    startup_stm32f40_41xxx.o(RESET) refers to esp8266.o(i.USART3_IRQHandler) for USART3_IRQHandler
    startup_stm32f40_41xxx.o(RESET) refers to key.o(i.EXTI15_10_IRQHandler) for EXTI15_10_IRQHandler
    startup_stm32f40_41xxx.o(RESET) refers to tracking.o(i.UART5_IRQHandler) for UART5_IRQHandler
    startup_stm32f40_41xxx.o(RESET) refers to timer.o(i.TIM7_IRQHandler) for TIM7_IRQHandler
    startup_stm32f40_41xxx.o(.text) refers (Special) to heapauxi.o(.text) for __use_two_region_memory
    startup_stm32f40_41xxx.o(.text) refers to system_stm32f4xx.o(i.SystemInit) for SystemInit
    startup_stm32f40_41xxx.o(.text) refers to __main.o(!!!main) for __main
    startup_stm32f40_41xxx.o(.text) refers to startup_stm32f40_41xxx.o(HEAP) for Heap_Mem
    startup_stm32f40_41xxx.o(.text) refers to startup_stm32f40_41xxx.o(STACK) for Stack_Mem
    system_stm32f4xx.o(i.SystemCoreClockUpdate) refers to system_stm32f4xx.o(.data) for SystemCoreClock
    system_stm32f4xx.o(i.SystemInit) refers to system_stm32f4xx.o(i.SetSysClock) for SetSysClock
    stm32f4xx_adc.o(i.ADC_DeInit) refers to stm32f4xx_rcc.o(i.RCC_APB2PeriphResetCmd) for RCC_APB2PeriphResetCmd
    stm32f4xx_can.o(i.CAN_DeInit) refers to stm32f4xx_rcc.o(i.RCC_APB1PeriphResetCmd) for RCC_APB1PeriphResetCmd
    stm32f4xx_can.o(i.CAN_GetITStatus) refers to stm32f4xx_can.o(i.CheckITStatus) for CheckITStatus
    stm32f4xx_cryp.o(i.CRYP_DeInit) refers to stm32f4xx_rcc.o(i.RCC_AHB2PeriphResetCmd) for RCC_AHB2PeriphResetCmd
    stm32f4xx_cryp_aes.o(i.CRYP_AES_CBC) refers to stm32f4xx_cryp.o(i.CRYP_KeyStructInit) for CRYP_KeyStructInit
    stm32f4xx_cryp_aes.o(i.CRYP_AES_CBC) refers to stm32f4xx_cryp.o(i.CRYP_FIFOFlush) for CRYP_FIFOFlush
    stm32f4xx_cryp_aes.o(i.CRYP_AES_CBC) refers to stm32f4xx_cryp.o(i.CRYP_Init) for CRYP_Init
    stm32f4xx_cryp_aes.o(i.CRYP_AES_CBC) refers to stm32f4xx_cryp.o(i.CRYP_KeyInit) for CRYP_KeyInit
    stm32f4xx_cryp_aes.o(i.CRYP_AES_CBC) refers to stm32f4xx_cryp.o(i.CRYP_Cmd) for CRYP_Cmd
    stm32f4xx_cryp_aes.o(i.CRYP_AES_CBC) refers to stm32f4xx_cryp.o(i.CRYP_GetFlagStatus) for CRYP_GetFlagStatus
    stm32f4xx_cryp_aes.o(i.CRYP_AES_CBC) refers to stm32f4xx_cryp.o(i.CRYP_IVInit) for CRYP_IVInit
    stm32f4xx_cryp_aes.o(i.CRYP_AES_CBC) refers to stm32f4xx_cryp.o(i.CRYP_GetCmdStatus) for CRYP_GetCmdStatus
    stm32f4xx_cryp_aes.o(i.CRYP_AES_CBC) refers to stm32f4xx_cryp.o(i.CRYP_DataIn) for CRYP_DataIn
    stm32f4xx_cryp_aes.o(i.CRYP_AES_CBC) refers to stm32f4xx_cryp.o(i.CRYP_DataOut) for CRYP_DataOut
    stm32f4xx_cryp_aes.o(i.CRYP_AES_CCM) refers to stm32f4xx_cryp.o(i.CRYP_KeyStructInit) for CRYP_KeyStructInit
    stm32f4xx_cryp_aes.o(i.CRYP_AES_CCM) refers to stm32f4xx_cryp.o(i.CRYP_FIFOFlush) for CRYP_FIFOFlush
    stm32f4xx_cryp_aes.o(i.CRYP_AES_CCM) refers to stm32f4xx_cryp.o(i.CRYP_KeyInit) for CRYP_KeyInit
    stm32f4xx_cryp_aes.o(i.CRYP_AES_CCM) refers to stm32f4xx_cryp.o(i.CRYP_IVInit) for CRYP_IVInit
[...]
    __rt_lib_shutdown_signal_1               0x080002f3   Thumb Code     0  libshutdown2.o(.ARM.Collect$$libshutdown$$0000000C)
    __rt_lib_shutdown_stdio_1                0x080002f3   Thumb Code     0  libshutdown2.o(.ARM.Collect$$libshutdown$$00000006)
    __rt_lib_shutdown_user_alloc_1           0x080002f3   Thumb Code     0  libshutdown2.o(.ARM.Collect$$libshutdown$$0000000E)
    __rt_entry                               0x080002f5   Thumb Code     0  __rtentry.o(.ARM.Collect$$rtentry$$00000000)
    __rt_entry_presh_1                       0x080002f5   Thumb Code     0  __rtentry2.o(.ARM.Collect$$rtentry$$00000002)
    __rt_entry_sh                            0x080002f5   Thumb Code     0  __rtentry4.o(.ARM.Collect$$rtentry$$00000004)
    __rt_entry_li                            0x080002fb   Thumb Code     0  __rtentry2.o(.ARM.Collect$$rtentry$$0000000A)
    __rt_entry_postsh_1                      0x080002fb   Thumb Code     0  __rtentry2.o(.ARM.Collect$$rtentry$$00000009)
    __rt_entry_main                          0x080002ff   Thumb Code     0  __rtentry2.o(.ARM.Collect$$rtentry$$0000000D)
    __rt_entry_postli_1                      0x080002ff   Thumb Code     0  __rtentry2.o(.ARM.Collect$$rtentry$$0000000C)
    __rt_exit                                0x08000307   Thumb Code     0  rtexit.o(.ARM.Collect$$rtexit$$00000000)
    __rt_exit_ls                             0x08000309   Thumb Code     0  rtexit2.o(.ARM.Collect$$rtexit$$00000003)
    __rt_exit_prels_1                        0x08000309   Thumb Code     0  rtexit2.o(.ARM.Collect$$rtexit$$00000002)
    __rt_exit_exit                           0x0800030d   Thumb Code     0  rtexit2.o(.ARM.Collect$$rtexit$$00000004)
    Reset_Handler                            0x08000315   Thumb Code     8  startup_stm32f40_41xxx.o(.text)
    ADC_IRQHandler                           0x0800032f   Thumb Code     0  startup_stm32f40_41xxx.o(.text)
    CAN1_RX0_IRQHandler                      0x0800032f   Thumb Code     0  startup_stm32f40_41xxx.o(.text)
    CAN1_RX1_IRQHandler                      0x0800032f   Thumb Code     0  startup_stm32f40_41xxx.o(.text)
    CAN1_SCE_IRQHandler                      0x0800032f   Thumb Code     0  startup_stm32f40_41xxx.o(.text)
    CAN1_TX_IRQHandler                       0x0800032f   Thumb Code     0  startup_stm32f40_41xxx.o(.text)
    CAN2_RX0_IRQHandler                      0x0800032f   Thumb Code     0  startup_stm32f40_41xxx.o(.text)
    CAN2_RX1_IRQHandler                      0x0800032f   Thumb Code     0  startup_stm32f40_41xxx.o(.text)
    CAN2_SCE_IRQHandler                      0x0800032f   Thumb Code     0  startup_stm32f40_41xxx.o(.text)
    CAN2_TX_IRQHandler                       0x0800032f   Thumb Code     0  startup_stm32f40_41xxx.o(.text)
    CRYP_IRQHandler                          0x0800032f   Thumb Code     0  startup_stm32f40_41xxx.o(.text)
    DCMI_IRQHandler                          0x0800032f   Thumb Code     0  startup_stm32f40_41xxx.o(.text)
    DMA1_Stream0_IRQHandler                  0x0800032f   Thumb Code     0  startup_stm32f40_41xxx.o(.text)
    DMA1_Stream1_IRQHandler                  0x0800032f   Thumb Code     0  startup_stm32f40_41xxx.o(.text)
    DMA1_Stream2_IRQHandler                  0x0800032f   Thumb Code     0  startup_stm32f40_41xxx.o(.text)
    DMA1_Stream3_IRQHandler                  0x0800032f   Thumb Code     0  startup_stm32f40_41xxx.o(.text)
    DMA1_Stream4_IRQHandler                  0x0800032f   Thumb Code     0  startup_stm32f40_41xxx.o(.text)
    DMA1_Stream5_IRQHandler                  0x0800032f   Thumb Code     0  startup_stm32f40_41xxx.o(.text)
    DMA1_Stream6_IRQHandler                  0x0800032f   Thumb Code     0  startup_stm32f40_41xxx.o(.text)
    DMA1_Stream7_IRQHandler                  0x0800032f   Thumb Code     0  startup_stm32f40_41xxx.o(.text)
    DMA2_Stream0_IRQHandler                  0x0800032f   Thumb Code     0  startup_stm32f40_41xxx.o(.text)
    DMA2_Stream1_IRQHandler                  0x0800032f   Thumb Code     0  startup_stm32f40_41xxx.o(.text)
    DMA2_Stream2_IRQHandler                  0x0800032f   Thumb Code     0  startup_stm32f40_41xxx.o(.text)
    DMA2_Stream3_IRQHandler                  0x0800032f   Thumb Code     0  startup_stm32f40_41xxx.o(.text)
    DMA2_Stream4_IRQHandler                  0x0800032f   Thumb Code     0  startup_stm32f40_41xxx.o(.text)
    DMA2_Stream5_IRQHandler                  0x0800032f   Thumb Code     0  startup_stm32f40_41xxx.o(.text)
    DMA2_Stream6_IRQHandler                  0x0800032f   Thumb Code     0  startup_stm32f40_41xxx.o(.text)
    DMA2_Stream7_IRQHandler                  0x0800032f   Thumb Code     0  startup_stm32f40_41xxx.o(.text)
    ETH_IRQHandler                           0x0800032f   Thumb Code     0  startup_stm32f40_41xxx.o(.text)
    ETH_WKUP_IRQHandler                      0x0800032f   Thumb Code     0  startup_stm32f40_41xxx.o(.text)
    EXTI1_IRQHandler                         0x0800032f   Thumb Code     0  startup_stm32f40_41xxx.o(.text)
    EXTI3_IRQHandler                         0x0800032f   Thumb Code     0  startup_stm32f40_41xxx.o(.text)
    EXTI4_IRQHandler                         0x0800032f   Thumb Code     0  startup_stm32f40_41xxx.o(.text)
    EXTI9_5_IRQHandler                       0x0800032f   Thumb Code     0  startup_stm32f40_41xxx.o(.text)
    FLASH_IRQHandler                         0x0800032f   Thumb Code     0  startup_stm32f40_41xxx.o(.text)
    FPU_IRQHandler                           0x0800032f   Thumb Code     0  startup_stm32f40_41xxx.o(.text)
    FSMC_IRQHandler                          0x0800032f   Thumb Code     0  startup_stm32f40_41xxx.o(.text)
    HASH_RNG_IRQHandler                      0x0800032f   Thumb Code     0  startup_stm32f40_41xxx.o(.text)
    I2C1_ER_IRQHandler                       0x0800032f   Thumb Code     0  startup_stm32f40_41xxx.o(.text)
    I2C1_EV_IRQHandler                       0x0800032f   Thumb Code     0  startup_stm32f40_41xxx.o(.text)
    I2C2_ER_IRQHandler                       0x0800032f   Thumb Code     0  startup_stm32f40_41xxx.o(.text)
    I2C2_EV_IRQHandler                       0x0800032f   Thumb Code     0  startup_stm32f40_41xxx.o(.text)
    I2C3_ER_IRQHandler                       0x0800032f   Thumb Code     0  startup_stm32f40_41xxx.o(.text)
    I2C3_EV_IRQHandler                       0x0800032f   Thumb Code     0  startup_stm32f40_41xxx.o(.text)
    OTG_FS_IRQHandler                        0x0800032f   Thumb Code     0  startup_stm32f40_41xxx.o(.text)
    OTG_FS_WKUP_IRQHandler                   0x0800032f   Thumb Code     0  startup_stm32f40_41xxx.o(.text)
    OTG_HS_EP1_IN_IRQHandler                 0x0800032f   Thumb Code     0  startup_stm32f40_41xxx.o(.text)
    OTG_HS_EP1_OUT_IRQHandler                0x0800032f   Thumb Code     0  startup_stm32f40_41xxx.o(.text)
    OTG_HS_IRQHandler                        0x0800032f   Thumb Code     0  startup_stm32f40_41xxx.o(.text)
    OTG_HS_WKUP_IRQHandler                   0x0800032f   Thumb Code     0  startup_stm32f40_41xxx.o(.text)
    PVD_IRQHandler                           0x0800032f   Thumb Code     0  startup_stm32f40_41xxx.o(.text)
    RCC_IRQHandler                           0x0800032f   Thumb Code     0  startup_stm32f40_41xxx.o(.text)
    RTC_Alarm_IRQHandler                     0x0800032f   Thumb Code     0  startup_stm32f40_41xxx.o(.text)
    RTC_WKUP_IRQHandler                      0x0800032f   Thumb Code     0  startup_stm32f40_41xxx.o(.text)
    SDIO_IRQHandler                          0x0800032f   Thumb Code     0  startup_stm32f40_41xxx.o(.text)
    SPI1_IRQHandler                          0x0800032f   Thumb Code     0  startup_stm32f40_41xxx.o(.text)
    SPI2_IRQHandler                          0x0800032f   Thumb Code     0  startup_stm32f40_41xxx.o(.text)
    SPI3_IRQHandler                          0x0800032f   Thumb Code     0  startup_stm32f40_41xxx.o(.text)
    TAMP_STAMP_IRQHandler                    0x0800032f   Thumb Code     0  startup_stm32f40_41xxx.o(.text)
    TIM1_BRK_TIM9_IRQHandler                 0x0800032f   Thumb Code     0  startup_stm32f40_41xxx.o(.text)
    TIM1_CC_IRQHandler                       0x0800032f   Thumb Code     0  startup_stm32f40_41xxx.o(.text)
    TIM1_TRG_COM_TIM11_IRQHandler            0x0800032f   Thumb Code     0  startup_stm32f40_41xxx.o(.text)
    TIM1_UP_TIM10_IRQHandler                 0x0800032f   Thumb Code     0  startup_stm32f40_41xxx.o(.text)
    TIM4_IRQHandler                          0x0800032f   Thumb Code     0  startup_stm32f40_41xxx.o(.text)
    TIM5_IRQHandler                          0x0800032f   Thumb Code     0  startup_stm32f40_41xxx.o(.text)
    TIM6_DAC_IRQHandler                      0x0800032f   Thumb Code     0  startup_stm32f40_41xxx.o(.text)
    TIM8_BRK_TIM12_IRQHandler                0x0800032f   Thumb Code     0  startup_stm32f40_41xxx.o(.text)
    TIM8_CC_IRQHandler                       0x0800032f   Thumb Code     0  startup_stm32f40_41xxx.o(.text)
    TIM8_TRG_COM_TIM14_IRQHandler            0x0800032f   Thumb Code     0  startup_stm32f40_41xxx.o(.text)
    TIM8_UP_TIM13_IRQHandler                 0x0800032f   Thumb Code     0  startup_stm32f40_41xxx.o(.text)
    UART4_IRQHandler                         0x0800032f   Thumb Code     0  startup_stm32f40_41xxx.o(.text)
    USART1_IRQHandler                        0x0800032f   Thumb Code     0  startup_stm32f40_41xxx.o(.text)
    USART6_IRQHandler                        0x0800032f   Thumb Code     0  startup_stm32f40_41xxx.o(.text)
    WWDG_IRQHandler                          0x0800032f   Thumb Code     0  startup_stm32f40_41xxx.o(.text)
    __user_initial_stackheap                 0x08000331   Thumb Code     0  startup_stm32f40_41xxx.o(.text)
    __use_no_semihosting                     0x08000355   Thumb Code     2  use_no_semi_2.o(.text)
    vsprintf                                 0x08000359   Thumb Code    32  vsprintf.o(.text)
    __2printf                                0x0800037d   Thumb Code    20  __2printf.o(.text)
    _printf_str                              0x08000395   Thumb Code    82  _printf_str.o(.text)
    __printf                                 0x080003e9   Thumb Code   388  __printf_flags_ss_wp.o(.text)
    strlen                                   0x08000571   Thumb Code    62  strlen.o(.text)
    __aeabi_memcpy                           0x080005af   Thumb Code     0  rt_memcpy_v6.o(.text)
    __rt_memcpy                              0x080005af   Thumb Code   138  rt_memcpy_v6.o(.text)
    _memcpy_lastbytes                        0x08000615   Thumb Code     0  rt_memcpy_v6.o(.text)
    __aeabi_memclr                           0x08000639   Thumb Code     0  rt_memclr.o(.text)
    __rt_memclr                              0x08000639   Thumb Code    68  rt_memclr.o(.text)
    _memset                                  0x0800063d   Thumb Code     0  rt_memclr.o(.text)
    __aeabi_memclr4                          0x0800067d   Thumb Code     0  rt_memclr_w.o(.text)
    __aeabi_memclr8                          0x0800067d   Thumb Code     0  rt_memclr_w.o(.text)
    __rt_memclr_w                            0x0800067d   Thumb Code    78  rt_memclr_w.o(.text)
    _memset_w                                0x08000681   Thumb Code     0  rt_memclr_w.o(.text)
    strcmp                                   0x080006cd   Thumb Code   128  strcmpv7m.o(.text)
    __use_two_region_memory                  0x0800074d   Thumb Code     2  heapauxi.o(.text)
    __rt_heap_escrow$2region                 0x0800074f   Thumb Code     2  heapauxi.o(.text)
    __rt_heap_expand$2region                 0x08000751   Thumb Code     2  heapauxi.o(.text)
    __I$use$semihosting                      0x08000753   Thumb Code     0  use_no_semi.o(.text)
    __use_no_semihosting_swi                 0x08000753   Thumb Code     2  use_no_semi.o(.text)
    __read_errno                             0x08000755   Thumb Code    10  _rserrno.o(.text)
    __set_errno                              0x0800075f   Thumb Code    12  _rserrno.o(.text)
    _printf_pre_padding                      0x0800076b   Thumb Code    44  _printf_pad.o(.text)
    _printf_post_padding                     0x08000797   Thumb Code    34  _printf_pad.o(.text)
    _printf_truncate_signed                  0x080007b9   Thumb Code    18  _printf_truncate.o(.text)
    _printf_truncate_unsigned                0x080007cb   Thumb Code    18  _printf_truncate.o(.text)
    _printf_int_dec                          0x080007dd   Thumb Code   104  _printf_dec.o(.text)
    _printf_charcount                        0x08000855   Thumb Code    40  _printf_charcount.o(.text)
    __lib_sel_fp_printf                      0x0800087d   Thumb Code     2  _printf_fp_dec.o(.text)
    _printf_fp_dec_real                      0x08000a2f   Thumb Code   620  _printf_fp_dec.o(.text)
    _printf_char_common                      0x08000ca7   Thumb Code    32  _printf_char_common.o(.text)
    _sputc                                   0x08000ccd   Thumb Code    10  _sputc.o(.text)
    _printf_cs_common                        0x08000cd7   Thumb Code    20  _printf_char.o(.text)
    _printf_char                             0x08000ceb   Thumb Code    16  _printf_char.o(.text)
    _printf_string                           0x08000cfb   Thumb Code     8  _printf_char.o(.text)
    _printf_char_file                        0x08000d05   Thumb Code    32  _printf_char_file.o(.text)
    _printf_wctomb                           0x08000d29   Thumb Code   182  _printf_wctomb.o(.text)
    _printf_longlong_dec                     0x08000de5   Thumb Code   108  _printf_longlong_dec.o(.text)
    _printf_longlong_oct                     0x08000e61   Thumb Code    66  _printf_oct_int_ll.o(.text)
    _printf_int_oct                          0x08000ea3   Thumb Code    24  _printf_oct_int_ll.o(.text)
    _printf_ll_oct                           0x08000ebb   Thumb Code    12  _printf_oct_int_ll.o(.text)
    _printf_longlong_hex                     0x08000ed1   Thumb Code    86  _printf_hex_int_ll_ptr.o(.text)
    _printf_int_hex                          0x08000f27   Thumb Code    28  _printf_hex_int_ll_ptr.o(.text)
    _printf_ll_hex                           0x08000f43   Thumb Code    12  _printf_hex_int_ll_ptr.o(.text)
    _printf_hex_ptr                          0x08000f4f   Thumb Code    18  _printf_hex_int_ll_ptr.o(.text)
    __aeabi_memcpy4                          0x08000f65   Thumb Code     0  rt_memcpy_w.o(.text)
    __aeabi_memcpy8                          0x08000f65   Thumb Code     0  rt_memcpy_w.o(.text)
    __rt_memcpy_w                            0x08000f65   Thumb Code   100  rt_memcpy_w.o(.text)
    _memcpy_lastbytes_aligned                0x08000fad   Thumb Code     0  rt_memcpy_w.o(.text)
    __rt_locale                              0x08000fc9   Thumb Code     8  rt_locale_intlibspace.o(.text)
    __aeabi_errno_addr                       0x08000fd1   Thumb Code     8  rt_errno_addr_intlibspace.o(.text)
    __errno$intlibspace                      0x08000fd1   Thumb Code     0  rt_errno_addr_intlibspace.o(.text)
    __rt_errno_addr$intlibspace              0x08000fd1   Thumb Code     0  rt_errno_addr_intlibspace.o(.text)
    _ll_udiv10                               0x08000fd9   Thumb Code   138  lludiv10.o(.text)
    _printf_int_common                       0x08001063   Thumb Code   178  _printf_intcommon.o(.text)
    _printf_fp_hex_real                      0x08001115   Thumb Code   756  _printf_fp_hex.o(.text)
    _printf_fp_infnan                        0x08001411   Thumb Code   112  _printf_fp_infnan.o(.text)
    _printf_lcs_common                       0x08001491   Thumb Code    20  _printf_wchar.o(.text)
    _printf_wchar                            0x080014a5   Thumb Code    16  _printf_wchar.o(.text)
    _printf_wstring                          0x080014b5   Thumb Code     8  _printf_wchar.o(.text)
    _btod_etento                             0x080014bd   Thumb Code   224  bigflt0.o(.text)
    ferror                                   0x080015a1   Thumb Code     8  ferror.o(.text)
    _wcrtomb                                 0x080015a9   Thumb Code    64  _wcrtomb.o(.text)
    __user_libspace                          0x080015e9   Thumb Code     8  libspace.o(.text)
    __user_perproc_libspace                  0x080015e9   Thumb Code     0  libspace.o(.text)
    __user_perthread_libspace                0x080015e9   Thumb Code     0  libspace.o(.text)
    __user_setup_stackheap                   0x080015f1   Thumb Code    74  sys_stackheap_outer.o(.text)
    __rt_ctype_table                         0x0800163d   Thumb Code    16  rt_ctype_table.o(.text)
    exit                                     0x0800164d   Thumb Code    18  exit.o(.text)
    _btod_d2e                                0x0800165f   Thumb Code    62  btod.o(CL$$btod_d2e)
    _d2e_denorm_low                          0x0800169d   Thumb Code    70  btod.o(CL$$btod_d2e_denorm_low)
    _d2e_norm_op1                            0x080016e3   Thumb Code    96  btod.o(CL$$btod_d2e_norm_op1)
    __btod_div_common                        0x08001743   Thumb Code   696  btod.o(CL$$btod_div_common)
    _e2e                                     0x08001a7b   Thumb Code   220  btod.o(CL$$btod_e2e)
    _btod_ediv                               0x08001b57   Thumb Code    42  btod.o(CL$$btod_ediv)
    _btod_emul                               0x08001b81   Thumb Code    42  btod.o(CL$$btod_emul)
    __btod_mult_common                       0x08001bab   Thumb Code   580  btod.o(CL$$btod_mult_common)
    Balance_task                             0x08001df1   Thumb Code   152  balance.o(i.Balance_task)
    BusFault_Handler                         0x08001eb9   Thumb Code     4  stm32f4xx_it.o(i.BusFault_Handler)
    Calculate_Line_error                     0x08001ebd   Thumb Code    74  tracking.o(i.Calculate_Line_error)
    Deal_IR_Usart                            0x08001f15   Thumb Code   128  tracking.o(i.Deal_IR_Usart)
    Deal_Usart_Data                          0x08001fa9   Thumb Code    46  tracking.o(i.Deal_Usart_Data)
    DebugMon_Handler                         0x08001fe5   Thumb Code     2  stm32f4xx_it.o(i.DebugMon_Handler)
    Drive_Motor                              0x08001fe9   Thumb Code   164  balance.o(i.Drive_Motor)
    ESP8266_Command                          0x080020a1   Thumb Code    36  esp8266.o(i.ESP8266_Command)
    ESP8266_Init                             0x080020c9   Thumb Code    46  esp8266.o(i.ESP8266_Init)
    ESP8266_RxCpltCallback                   0x08002115   Thumb Code    82  esp8266.o(i.ESP8266_RxCpltCallback)
    ESP8266_task                             0x08002179   Thumb Code   114  esp8266.o(i.ESP8266_task)
    EXTI0_IRQHandler                         0x08002231   Thumb Code    18  encoder.o(i.EXTI0_IRQHandler)
    EXTI15_10_IRQHandler                     0x08002245   Thumb Code    50  key.o(i.EXTI15_10_IRQHandler)
    EXTI2_IRQHandler                         0x0800227d   Thumb Code    20  encoder.o(i.EXTI2_IRQHandler)
    EXTI_ClearITPendingBit                   0x08002291   Thumb Code     6  stm32f4xx_exti.o(i.EXTI_ClearITPendingBit)
    EXTI_GetITStatus                         0x0800229d   Thumb Code    20  stm32f4xx_exti.o(i.EXTI_GetITStatus)
    EXTI_Init                                0x080022b5   Thumb Code   142  stm32f4xx_exti.o(i.EXTI_Init)
    Encoder_Init_TIM2                        0x08002349   Thumb Code   224  encoder.o(i.Encoder_Init_TIM2)
    Encoder_Init_TIM3                        0x08002431   Thumb Code   180  encoder.o(i.Encoder_Init_TIM3)
    FOCLoop_task                             0x080024ed   Thumb Code    36  balance.o(i.FOCLoop_task)
    FOC_Init                                 0x08002519   Thumb Code    70  balance.o(i.FOC_Init)
    FOC_duty_Update                          0x0800256d   Thumb Code   702  balance.o(i.FOC_duty_Update)
    GPIO_Init                                0x08002851   Thumb Code   144  stm32f4xx_gpio.o(i.GPIO_Init)
    GPIO_PinAFConfig                         0x080028e1   Thumb Code    70  stm32f4xx_gpio.o(i.GPIO_PinAFConfig)
    GPIO_ReadInputDataBit                    0x08002927   Thumb Code    18  stm32f4xx_gpio.o(i.GPIO_ReadInputDataBit)
    GPIO_ResetBits                           0x08002939   Thumb Code     6  stm32f4xx_gpio.o(i.GPIO_ResetBits)
    GPIO_SetBits                             0x0800293f   Thumb Code     4  stm32f4xx_gpio.o(i.GPIO_SetBits)
    Get_Velocity_Form_Encoder                0x08002945   Thumb Code   140  balance.o(i.Get_Velocity_Form_Encoder)
    HardFault_Handler                        0x080029e5   Thumb Code     4  stm32f4xx_it.o(i.HardFault_Handler)
    I2C_CheckEvent                           0x080029e9   Thumb Code    62  stm32f4xx_i2c.o(i.I2C_CheckEvent)
    I2C_Cmd                                  0x08002a27   Thumb Code    24  stm32f4xx_i2c.o(i.I2C_Cmd)
    I2C_GenerateSTART                        0x08002a3f   Thumb Code    24  stm32f4xx_i2c.o(i.I2C_GenerateSTART)
    I2C_GenerateSTOP                         0x08002a57   Thumb Code    24  stm32f4xx_i2c.o(i.I2C_GenerateSTOP)
    I2C_GetFlagStatus                        0x08002a6f   Thumb Code    58  stm32f4xx_i2c.o(i.I2C_GetFlagStatus)
    I2C_Init                                 0x08002aa9   Thumb Code   218  stm32f4xx_i2c.o(i.I2C_Init)
    I2C_Send7bitAddress                      0x08002b91   Thumb Code    16  stm32f4xx_i2c.o(i.I2C_Send7bitAddress)
    I2C_SendData                             0x08002ba1   Thumb Code     4  stm32f4xx_i2c.o(i.I2C_SendData)
    IIC_init                                 0x08002ba5   Thumb Code   134  oled.o(i.IIC_init)
    Key0_Init                                0x08002c39   Thumb Code   128  key.o(i.Key0_Init)
    Limit_Pwm                                0x08002cbd   Thumb Code    80  balance.o(i.Limit_Pwm)
    MemManage_Handler                        0x08002d15   Thumb Code     4  stm32f4xx_it.o(i.MemManage_Handler)
    ModbusCRC_CheckTable                     0x08002d19   Thumb Code    42  modbus.o(i.ModbusCRC_CheckTable)
    NMI_Handler                              0x08002d49   Thumb Code     2  stm32f4xx_it.o(i.NMI_Handler)
    NVIC_Init                                0x08002d4d   Thumb Code   106  misc.o(i.NVIC_Init)
    NVIC_PriorityGroupConfig                 0x08002dc5   Thumb Code    10  misc.o(i.NVIC_PriorityGroupConfig)
    OLED_ManualClear                         0x08002dd9   Thumb Code    44  oled.o(i.OLED_ManualClear)
    OLED_Printf                              0x08002e19   Thumb Code    56  oled.o(i.OLED_Printf)
    OLED_SetCursor                           0x08002e51   Thumb Code    38  oled.o(i.OLED_SetCursor)
    OLED_ShowChar                            0x08002e79   Thumb Code   338  oled.o(i.OLED_ShowChar)
    OLED_ShowString                          0x08002fd5   Thumb Code    42  oled.o(i.OLED_ShowString)
    OLED_Update                              0x08003001   Thumb Code   176  oled.o(i.OLED_Update)
    OLED_WriteCommand                        0x080030c1   Thumb Code   124  oled.o(i.OLED_WriteCommand)
    OLED_init                                0x08003149   Thumb Code   158  oled.o(i.OLED_init)
    PendSV_Handler                           0x080031e7   Thumb Code     2  stm32f4xx_it.o(i.PendSV_Handler)
    PowerMeter_DataAnalyse                   0x080031e9   Thumb Code   196  modbus.o(i.PowerMeter_DataAnalyse)
    PowerMeter_StartReceive                  0x080032b9   Thumb Code    12  modbus.o(i.PowerMeter_StartReceive)
    RCC_AHB1PeriphClockCmd                   0x080032c9   Thumb Code    26  stm32f4xx_rcc.o(i.RCC_AHB1PeriphClockCmd)
    RCC_APB1PeriphClockCmd                   0x080032e9   Thumb Code    26  stm32f4xx_rcc.o(i.RCC_APB1PeriphClockCmd)
    RCC_APB2PeriphClockCmd                   0x08003309   Thumb Code    26  stm32f4xx_rcc.o(i.RCC_APB2PeriphClockCmd)
    RCC_GetClocksFreq                        0x08003329   Thumb Code   214  stm32f4xx_rcc.o(i.RCC_GetClocksFreq)
    RGB_DeInit                               0x08003411   Thumb Code    28  rgb.o(i.RGB_DeInit)
    RGB_Init                                 0x08003431   Thumb Code    46  rgb.o(i.RGB_Init)
    RGB_SelectiveLight                       0x08003465   Thumb Code    50  rgb.o(i.RGB_SelectiveLight)
    Read_Encoder                             0x0800349d   Thumb Code    56  encoder.o(i.Read_Encoder)
    Robot_Init                               0x08003505   Thumb Code   160  robot_select_init.o(i.Robot_Init)
    Robot_Select                             0x080035c1   Thumb Code    98  robot_select_init.o(i.Robot_Select)
    SVC_Handler                              0x0800364d   Thumb Code     2  stm32f4xx_it.o(i.SVC_Handler)
    SYSCFG_EXTILineConfig                    0x08003651   Thumb Code    60  stm32f4xx_syscfg.o(i.SYSCFG_EXTILineConfig)
    Set_Pwm                                  0x0800377d   Thumb Code    64  balance.o(i.Set_Pwm)
    SysTick_Handler                          0x080037cd   Thumb Code     2  stm32f4xx_it.o(i.SysTick_Handler)
    SystemInit                               0x080037d1   Thumb Code    88  system_stm32f4xx.o(i.SystemInit)
    TIM2_IRQHandler                          0x0800395b   Thumb Code    24  encoder.o(i.TIM2_IRQHandler)
    TIM3_IRQHandler                          0x08003975   Thumb Code    18  encoder.o(i.TIM3_IRQHandler)
    TIM4_Init                                0x0800398d   Thumb Code   220  brushlessmotor.o(i.TIM4_Init)
    TIM7_IRQHandler                          0x08003a71   Thumb Code    32  timer.o(i.TIM7_IRQHandler)
    TIM7_Init                                0x08003a95   Thumb Code   116  timer.o(i.TIM7_Init)
    TIM8_Init                                0x08003b0d   Thumb Code   320  brushlessmotor.o(i.TIM8_Init)
    TIM_ARRPreloadConfig                     0x08003c55   Thumb Code    24  stm32f4xx_tim.o(i.TIM_ARRPreloadConfig)
    TIM_BDTRConfig                           0x08003c6d   Thumb Code    32  stm32f4xx_tim.o(i.TIM_BDTRConfig)
    TIM_BDTRStructInit                       0x08003c8d   Thumb Code    18  stm32f4xx_tim.o(i.TIM_BDTRStructInit)
    TIM_ClearFlag                            0x08003c9f   Thumb Code     6  stm32f4xx_tim.o(i.TIM_ClearFlag)
    TIM_ClearITPendingBit                    0x08003ca5   Thumb Code     6  stm32f4xx_tim.o(i.TIM_ClearITPendingBit)
    TIM_Cmd                                  0x08003cab   Thumb Code    24  stm32f4xx_tim.o(i.TIM_Cmd)
    TIM_CtrlPWMOutputs                       0x08003cc3   Thumb Code    30  stm32f4xx_tim.o(i.TIM_CtrlPWMOutputs)
    TIM_EncoderInterfaceConfig               0x08003ce1   Thumb Code    66  stm32f4xx_tim.o(i.TIM_EncoderInterfaceConfig)
    TIM_GetITStatus                          0x08003d23   Thumb Code    34  stm32f4xx_tim.o(i.TIM_GetITStatus)
    TIM_ICInit                               0x08003d45   Thumb Code   110  stm32f4xx_tim.o(i.TIM_ICInit)
    TIM_ICStructInit                         0x08003db3   Thumb Code    18  stm32f4xx_tim.o(i.TIM_ICStructInit)
    TIM_ITConfig                             0x08003dc5   Thumb Code    18  stm32f4xx_tim.o(i.TIM_ITConfig)
    TIM_InternalClockConfig                  0x08003dd7   Thumb Code    12  stm32f4xx_tim.o(i.TIM_InternalClockConfig)
    TIM_OC1Init                              0x08003de5   Thumb Code   114  stm32f4xx_tim.o(i.TIM_OC1Init)
    TIM_OC1PreloadConfig                     0x08003e61   Thumb Code    18  stm32f4xx_tim.o(i.TIM_OC1PreloadConfig)
    TIM_OC2Init                              0x08003e75   Thumb Code   154  stm32f4xx_tim.o(i.TIM_OC2Init)
    TIM_OC2PreloadConfig                     0x08003f19   Thumb Code    26  stm32f4xx_tim.o(i.TIM_OC2PreloadConfig)
    TIM_OC3Init                              0x08003f35   Thumb Code   150  stm32f4xx_tim.o(i.TIM_OC3Init)
    TIM_OC3PreloadConfig                     0x08003fd5   Thumb Code    18  stm32f4xx_tim.o(i.TIM_OC3PreloadConfig)
    TIM_OC4Init                              0x08003fe9   Thumb Code   112  stm32f4xx_tim.o(i.TIM_OC4Init)
    TIM_OC4PreloadConfig                     0x08004061   Thumb Code    26  stm32f4xx_tim.o(i.TIM_OC4PreloadConfig)
    TIM_SetCompare1                          0x0800407b   Thumb Code     4  stm32f4xx_tim.o(i.TIM_SetCompare1)
    TIM_SetCompare2                          0x0800407f   Thumb Code     4  stm32f4xx_tim.o(i.TIM_SetCompare2)
    TIM_SetCompare3                          0x08004083   Thumb Code     4  stm32f4xx_tim.o(i.TIM_SetCompare3)
    TIM_SetCompare4                          0x08004087   Thumb Code     4  stm32f4xx_tim.o(i.TIM_SetCompare4)
    TIM_SetCounter                           0x0800408b   Thumb Code     4  stm32f4xx_tim.o(i.TIM_SetCounter)
    TIM_SetIC1Prescaler                      0x0800408f   Thumb Code    18  stm32f4xx_tim.o(i.TIM_SetIC1Prescaler)
    TIM_SetIC2Prescaler                      0x080040a1   Thumb Code    26  stm32f4xx_tim.o(i.TIM_SetIC2Prescaler)
    TIM_SetIC3Prescaler                      0x080040bb   Thumb Code    18  stm32f4xx_tim.o(i.TIM_SetIC3Prescaler)
    TIM_SetIC4Prescaler                      0x080040cd   Thumb Code    26  stm32f4xx_tim.o(i.TIM_SetIC4Prescaler)
    TIM_TimeBaseInit                         0x080040e9   Thumb Code   104  stm32f4xx_tim.o(i.TIM_TimeBaseInit)
    TIM_TimeBaseStructInit                   0x0800416d   Thumb Code    18  stm32f4xx_tim.o(i.TIM_TimeBaseStructInit)
    Tracking_Init                            0x08004181   Thumb Code    36  tracking.o(i.Tracking_Init)
    Tracking_task                            0x080041ad   Thumb Code    50  tracking.o(i.Tracking_task)
    UART5_IRQHandler                         0x080041e5   Thumb Code    56  tracking.o(i.UART5_IRQHandler)
    USART2_IRQHandler                        0x08004225   Thumb Code    58  modbus.o(i.USART2_IRQHandler)
    USART3_IRQHandler                        0x0800426d   Thumb Code    42  esp8266.o(i.USART3_IRQHandler)
    USART3_SendChar                          0x0800429d   Thumb Code    28  esp8266.o(i.USART3_SendChar)
    USART3_SendString                        0x080042bd   Thumb Code    22  esp8266.o(i.USART3_SendString)
    USART5_SEND                              0x080042d3   Thumb Code    28  tracking.o(i.USART5_SEND)
    USART_ClearITPendingBit                  0x080042ef   Thumb Code    30  stm32f4xx_usart.o(i.USART_ClearITPendingBit)
    USART_Cmd                                0x0800430d   Thumb Code    24  stm32f4xx_usart.o(i.USART_Cmd)
    USART_GetFlagStatus                      0x08004325   Thumb Code    26  stm32f4xx_usart.o(i.USART_GetFlagStatus)
    USART_GetITStatus                        0x0800433f   Thumb Code    84  stm32f4xx_usart.o(i.USART_GetITStatus)
    USART_ITConfig                           0x08004393   Thumb Code    74  stm32f4xx_usart.o(i.USART_ITConfig)
    USART_Init                               0x080043dd   Thumb Code   204  stm32f4xx_usart.o(i.USART_Init)
    USART_ReceiveData                        0x080044b1   Thumb Code    10  stm32f4xx_usart.o(i.USART_ReceiveData)
    USART_SendData                           0x080044bb   Thumb Code     8  stm32f4xx_usart.o(i.USART_SendData)
    UsageFault_Handler                       0x080044c3   Thumb Code     4  stm32f4xx_it.o(i.UsageFault_Handler)
    __ARM_fpclassify                         0x080044c7   Thumb Code    48  fpclassify.o(i.__ARM_fpclassify)
    __ARM_fpclassifyf                        0x080044f7   Thumb Code    38  fpclassifyf.o(i.__ARM_fpclassifyf)
    __hardfp_fmaxf                           0x0800451d   Thumb Code    72  fmaxf.o(i.__hardfp_fmaxf)
    __hardfp_fminf                           0x08004565   Thumb Code    72  fminf.o(i.__hardfp_fminf)
    __hardfp_fmodf                           0x080045ad   Thumb Code   176  fmodf.o(i.__hardfp_fmodf)
    __hardfp_sinf                            0x0800465d   Thumb Code   344  sinf.o(i.__hardfp_sinf)
    __mathlib_flt_infnan                     0x080047ed   Thumb Code     6  funder.o(i.__mathlib_flt_infnan)
    __mathlib_flt_invalid                    0x080047f5   Thumb Code    10  funder.o(i.__mathlib_flt_invalid)
    __mathlib_flt_underflow                  0x08004805   Thumb Code    10  funder.o(i.__mathlib_flt_underflow)
    __mathlib_rredf2                         0x08004815   Thumb Code   316  rredf.o(i.__mathlib_rredf2)
    _is_digit                                0x08004969   Thumb Code    14  __printf_wp.o(i._is_digit)
    _sys_exit                                0x08004977   Thumb Code     4  usart.o(i._sys_exit)
    delay_ms                                 0x0800497b   Thumb Code    24  delay.o(i.delay_ms)
    delay_us                                 0x08004993   Thumb Code    44  delay.o(i.delay_us)
    fputc                                    0x080049c1   Thumb Code    24  usart.o(i.fputc)
    main                                     0x080049dd   Thumb Code    20  main.o(i.main)
    systemInit                               0x080049f1   Thumb Code    72  system.o(i.systemInit)
    target_limit_float                       0x08004a39   Thumb Code    42  balance.o(i.target_limit_float)
    uart2_init                               0x08004a65   Thumb Code   166  usartx.o(i.uart2_init)
    uart3_init                               0x08004b15   Thumb Code   168  esp8266.o(i.uart3_init)
    uart5_init                               0x08004bc5   Thumb Code   212  tracking.o(i.uart5_init)
    usart5_send                              0x08004ca5   Thumb Code    20  tracking.o(i.usart5_send)
    _get_lc_numeric                          0x08004cbd   Thumb Code    44  lc_numeric_c.o(locale$$code)
    _get_lc_ctype                            0x08004ce9   Thumb Code    44  lc_ctype_c.o(locale$$code)
    __aeabi_d2f                              0x08004d15   Thumb Code     0  d2f.o(x$fpl$d2f)
    _d2f                                     0x08004d15   Thumb Code    98  d2f.o(x$fpl$d2f)
    __fpl_dnaninf                            0x08004d77   Thumb Code   156  dnaninf.o(x$fpl$dnaninf)
    __fpl_dretinf                            0x08004e13   Thumb Code    12  dretinf.o(x$fpl$dretinf)
    __aeabi_f2d                              0x08004e21   Thumb Code     0  f2d.o(x$fpl$f2d)
    _f2d                                     0x08004e21   Thumb Code    86  f2d.o(x$fpl$f2d)
    __fcmp4                                  0x08004e79   Thumb Code    24  fcmp4.o(x$fpl$fcmp4)
    __ARM_fcmp4                              0x08004e91   Thumb Code     0  fcmp4.o(x$fpl$fcmp4)
    _fcmp4                                   0x08004e91   Thumb Code    58  fcmp4.o(x$fpl$fcmp4)
    __fpl_fcmp_Inf                           0x08004ecb   Thumb Code    24  fcmpi.o(x$fpl$fcmpinf)
    __fpl_fnaninf                            0x08004ee3   Thumb Code   140  fnaninf.o(x$fpl$fnaninf)
    _fp_init                                 0x08004f6f   Thumb Code    10  fpinit.o(x$fpl$fpinit)
    __fplib_config_fpu_vfp                   0x08004f77   Thumb Code     0  fpinit.o(x$fpl$fpinit)
    __fplib_config_pureend_doubles           0x08004f77   Thumb Code     0  fpinit.o(x$fpl$fpinit)
    _frem                                    0x08004f79   Thumb Code   240  frem_clz.o(x$fpl$frem)
    __fpl_fretinf                            0x0800506d   Thumb Code    10  fretinf.o(x$fpl$fretinf)
    _printf_fp_dec                           0x08005077   Thumb Code     4  printf1.o(x$fpl$printf1)
    _printf_fp_hex                           0x0800507b   Thumb Code     4  printf2.o(x$fpl$printf2)
    __I$use$fp                               0x0800507e   Number         0  usenofp.o(x$fpl$usenofp)
    IR_Weights                               0x080050a0   Data          32  tracking.o(.constdata)
    OLED_F8x16                               0x080050c0   Data        1520  oled_data.o(.constdata)
    Region$$Table$$Base                      0x080057d0   Number         0  anon$$obj.o(Region$$Table)
    Region$$Table$$Limit                     0x080057f0   Number         0  anon$$obj.o(Region$$Table)
    __ctype                                  0x08005819   Data           0  lc_ctype_c.o(locale$$data)
    aRxBuffer                                0x20000010   Data           1  esp8266.o(.data)
    RST_Start                                0x20000011   Data           9  esp8266.o(.data)
    MODE_Start                               0x2000001a   Data          14  esp8266.o(.data)
    WIFI_Start                               0x20000028   Data          26  esp8266.o(.data)
    Connected_Start                          0x20000042   Data          14  esp8266.o(.data)
    TCP_Start                                0x20000050   Data          42  esp8266.o(.data)
    SeriaNet_Start                           0x2000007a   Data          15  esp8266.o(.data)
    SeriaNet_Exit                            0x20000089   Data           4  esp8266.o(.data)
    TX_Start                                 0x2000008d   Data          13  esp8266.o(.data)
    Type                                     0x2000009a   Data           5  esp8266.o(.data)
    Modbus_Type                              0x2000009f   Data           1  esp8266.o(.data)
    ESP8266_ReceiveFlag                      0x200000a0   Data           1  esp8266.o(.data)
    Modbus_TestCmmunicationProtocol          0x200000a1   Data           1  esp8266.o(.data)
    g_new_package_flag                       0x200000b1   Data           1  tracking.o(.data)
    IR_Data_number                           0x200000b2   Data           8  tracking.o(.data)
    __stdout                                 0x200000bc   Data           4  usart.o(.data)
    USART_RX_STA                             0x200000c0   Data           2  usart.o(.data)
    Time_count                               0x200000c4   Data           4  balance.o(.data)
    Buzzer_count1                            0x200000c8   Data           4  balance.o(.data)
    robot_mode_check_flag                    0x200000cc   Data           4  balance.o(.data)
    test_num                                 0x200000d0   Data           2  balance.o(.data)
    command_lost_count                       0x200000d2   Data           1  balance.o(.data)
    Flag_Stop                                0x200000f4   Data           1  system.o(.data)
    Divisor_Mode                             0x200000f8   Data           4  system.o(.data)
    Car_Mode                                 0x200000fc   Data           1  system.o(.data)
    Servo                                    0x20000100   Data           4  system.o(.data)
    RC_Velocity                              0x20000104   Data           4  system.o(.data)
    Move_X                                   0x20000108   Data           4  system.o(.data)
    Move_Y                                   0x2000010c   Data           4  system.o(.data)
    Move_Z                                   0x20000110   Data           4  system.o(.data)
    Velocity_KP                              0x20000114   Data           4  system.o(.data)
    Velocity_KI                              0x20000118   Data           4  system.o(.data)
    Velocity_KD                              0x2000011c   Data           4  system.o(.data)
    Encoder_precision                        0x20000120   Data           4  system.o(.data)
    Wheel_perimeter                          0x20000124   Data           4  system.o(.data)
    Wheel_spacing                            0x20000128   Data           4  system.o(.data)
    Axle_spacing                             0x2000012c   Data           4  system.o(.data)
    Omni_turn_radiaus                        0x20000130   Data           4  system.o(.data)
    PS2_ON_Flag                              0x20000134   Data           1  system.o(.data)
    APP_ON_Flag                              0x20000135   Data           1  system.o(.data)
    Remote_ON_Flag                           0x20000136   Data           1  system.o(.data)
    CAN_ON_Flag                              0x20000137   Data           1  system.o(.data)
    Usart1_ON_Flag                           0x20000138   Data           1  system.o(.data)
    Usart5_ON_Flag                           0x20000139   Data           1  system.o(.data)
    Flag_Left                                0x2000013a   Data           1  system.o(.data)
    Flag_Right                               0x2000013b   Data           1  system.o(.data)
    Flag_Direction                           0x2000013c   Data           1  system.o(.data)
    Turn_Flag                                0x2000013d   Data           1  system.o(.data)
    PID_Send                                 0x2000013e   Data           1  system.o(.data)
    PS2_LX                                   0x20000140   Data           4  system.o(.data)
    PS2_LY                                   0x20000144   Data           4  system.o(.data)
    PS2_RX                                   0x20000148   Data           4  system.o(.data)
    PS2_RY                                   0x2000014c   Data           4  system.o(.data)
    PS2_KEY                                  0x20000150   Data           4  system.o(.data)
    Check                                    0x20000154   Data           4  system.o(.data)
    Checking                                 0x20000158   Data           4  system.o(.data)
    Checked                                  0x2000015c   Data           4  system.o(.data)
    CheckCount                               0x20000160   Data           4  system.o(.data)
    CheckPhrase1                             0x20000164   Data           4  system.o(.data)
    CheckPhrase2                             0x20000168   Data           4  system.o(.data)
    ErrorCode                                0x2000016c   Data           4  system.o(.data)
    Proc_Flag                                0x20000170   Data           1  system.o(.data)
    servo_pwm_count                          0x20000174   Data           4  system.o(.data)
    check_time_count_motor_forward           0x20000178   Data           4  system.o(.data)
    check_time_count_motor_retreat           0x2000017c   Data           4  system.o(.data)
    POT_val                                  0x20000180   Data           4  system.o(.data)
    Servo_Count                              0x20000184   Data          24  system.o(.data)
    uart3_send_flag                          0x2000019c   Data           1  system.o(.data)
    message_count                            0x2000019d   Data           1  system.o(.data)
    uart2_send_flag                          0x2000019e   Data           1  system.o(.data)
    app_count                                0x2000019f   Data           1  system.o(.data)
    Full_rotation                            0x200001a0   Data           4  system.o(.data)
    ESP8266_ReceiveBuf2                      0x200001a4   Data        2000  esp8266.o(.bss)
    ESP8266_ReceiveCmd                       0x20000974   Data        2000  esp8266.o(.bss)
    powerMeter                               0x20001150   Data          60  modbus.o(.bss)
    rx_buff                                  0x2000118c   Data         100  tracking.o(.bss)
    new_package                              0x200011f0   Data         100  tracking.o(.bss)
    cmd                                      0x200017f4   Data          12  balance.o(.bss)
    OriginalEncoder                          0x20001800   Data          16  balance.o(.bss)
    smooth_control                           0x20001810   Data          12  system.o(.bss)
    Motor_Left                               0x2000181c   Data          40  system.o(.bss)
    Motor_Right                              0x20001844   Data          40  system.o(.bss)
    servo_direction                          0x2000186c   Data          24  system.o(.bss)
    uart3_receive_message                    0x20001884   Data          50  system.o(.bss)
    uart2_receive_message                    0x200018b6   Data          50  system.o(.bss)
    Robot_Parament                           0x200018e8   Data          24  robot_select_init.o(.bss)
    OLED_DispalyBuf                          0x20001900   Data        1024  oled.o(.bss)
    __libspace_start                         0x20001d00   Data          96  libspace.o(.bss)
    __temporary_stack_top$libspace           0x20001d60   Data           0  libspace.o(.bss)



==============================================================================

Memory Map of the image

  Image Entry point : 0x08000189

  Load Region LR_IROM1 (Base: 0x08000000, Size: 0x00005ac0, Max: 0x00080000, ABSOLUTE, COMPRESSED[0x000059c0])

    Execution Region ER_IROM1 (Exec base: 0x08000000, Load base: 0x08000000, Size: 0x0000591c, Max: 0x00080000, ABSOLUTE)

    Exec Addr    Load Addr    Size         Type   Attr      Idx    E Section Name        Object

    0x08000000   0x08000000   0x00000188   Data   RO            3    RESET               startup_stm32f40_41xxx.o
    0x08000188   0x08000188   0x00000008   Code   RO         6546  * !!!main             c_w.l(__main.o)
    0x08000190   0x08000190   0x00000034   Code   RO         6952    !!!scatter          c_w.l(__scatter.o)
    0x080001c4   0x080001c4   0x0000005a   Code   RO         6950    !!dczerorl2         c_w.l(__dczerorl2.o)
    0x0800021e   0x0800021e   0x00000002   PAD
    0x08000220   0x08000220   0x0000001c   Code   RO         6954    !!handler_zi        c_w.l(__scatter_zi.o)
    0x0800023c   0x0800023c   0x00000000   Code   RO         6533    .ARM.Collect$$_printf_percent$$00000000  c_w.l(_printf_percent.o)
    0x0800023c   0x0800023c   0x00000006   Code   RO         6662    .ARM.Collect$$_printf_percent$$00000001  c_w.l(_printf_n.o)
    0x08000242   0x08000242   0x00000006   Code   RO         6664    .ARM.Collect$$_printf_percent$$00000002  c_w.l(_printf_p.o)
    0x08000248   0x08000248   0x00000006   Code   RO         6532    .ARM.Collect$$_printf_percent$$00000003  c_w.l(_printf_f.o)
    0x0800024e   0x0800024e   0x00000006   Code   RO         6669    .ARM.Collect$$_printf_percent$$00000004  c_w.l(_printf_e.o)
    0x08000254   0x08000254   0x00000006   Code   RO         6670    .ARM.Collect$$_printf_percent$$00000005  c_w.l(_printf_g.o)
    0x0800025a   0x0800025a   0x00000006   Code   RO         6671    .ARM.Collect$$_printf_percent$$00000006  c_w.l(_printf_a.o)
    0x08000260   0x08000260   0x0000000a   Code   RO         6676    .ARM.Collect$$_printf_percent$$00000007  c_w.l(_printf_ll.o)
    0x0800026a   0x0800026a   0x00000006   Code   RO         6666    .ARM.Collect$$_printf_percent$$00000008  c_w.l(_printf_i.o)
    0x08000270   0x08000270   0x00000006   Code   RO         6667    .ARM.Collect$$_printf_percent$$00000009  c_w.l(_printf_d.o)
    0x08000276   0x08000276   0x00000006   Code   RO         6668    .ARM.Collect$$_printf_percent$$0000000A  c_w.l(_printf_u.o)
    0x0800027c   0x0800027c   0x00000006   Code   RO         6665    .ARM.Collect$$_printf_percent$$0000000B  c_w.l(_printf_o.o)
    0x08000282   0x08000282   0x00000006   Code   RO         6663    .ARM.Collect$$_printf_percent$$0000000C  c_w.l(_printf_x.o)
    0x08000288   0x08000288   0x00000006   Code   RO         6673    .ARM.Collect$$_printf_percent$$0000000D  c_w.l(_printf_lli.o)
    0x0800028e   0x0800028e   0x00000006   Code   RO         6674    .ARM.Collect$$_printf_percent$$0000000E  c_w.l(_printf_lld.o)
    0x08000294   0x08000294   0x00000006   Code   RO         6675    .ARM.Collect$$_printf_percent$$0000000F  c_w.l(_printf_llu.o)
    0x0800029a   0x0800029a   0x00000006   Code   RO         6680    .ARM.Collect$$_printf_percent$$00000010  c_w.l(_printf_llo.o)
    0x080002a0   0x080002a0   0x00000006   Code   RO         6681    .ARM.Collect$$_printf_percent$$00000011  c_w.l(_printf_llx.o)
    0x080002a6   0x080002a6   0x0000000a   Code   RO         6677    .ARM.Collect$$_printf_percent$$00000012  c_w.l(_printf_l.o)
    0x080002b0   0x080002b0   0x00000006   Code   RO         6661    .ARM.Collect$$_printf_percent$$00000013  c_w.l(_printf_c.o)
    0x080002b6   0x080002b6   0x00000006   Code   RO         6531    .ARM.Collect$$_printf_percent$$00000014  c_w.l(_printf_s.o)
    0x080002bc   0x080002bc   0x00000006   Code   RO         6678    .ARM.Collect$$_printf_percent$$00000015  c_w.l(_printf_lc.o)
    0x080002c2   0x080002c2   0x00000006   Code   RO         6679    .ARM.Collect$$_printf_percent$$00000016  c_w.l(_printf_ls.o)
    0x080002c8   0x080002c8   0x00000004   Code   RO         6672    .ARM.Collect$$_printf_percent$$00000017  c_w.l(_printf_percent_end.o)
    0x080002cc   0x080002cc   0x00000002   Code   RO         6822    .ARM.Collect$$libinit$$00000000  c_w.l(libinit.o)
    0x080002ce   0x080002ce   0x00000004   Code   RO         6823    .ARM.Collect$$libinit$$00000001  c_w.l(libinit2.o)
    0x080002d2   0x080002d2   0x00000000   Code   RO         6826    .ARM.Collect$$libinit$$00000004  c_w.l(libinit2.o)
    0x080002d2   0x080002d2   0x00000000   Code   RO         6829    .ARM.Collect$$libinit$$0000000A  c_w.l(libinit2.o)
    0x080002d2   0x080002d2   0x00000000   Code   RO         6831    .ARM.Collect$$libinit$$0000000C  c_w.l(libinit2.o)
    0x080002d2   0x080002d2   0x00000000   Code   RO         6833    .ARM.Collect$$libinit$$0000000E  c_w.l(libinit2.o)
    0x080002d2   0x080002d2   0x00000006   Code   RO         6834    .ARM.Collect$$libinit$$0000000F  c_w.l(libinit2.o)
    0x080002d8   0x080002d8   0x00000000   Code   RO         6836    .ARM.Collect$$libinit$$00000011  c_w.l(libinit2.o)
    0x080002d8   0x080002d8   0x0000000c   Code   RO         6837    .ARM.Collect$$libinit$$00000012  c_w.l(libinit2.o)
    0x080002e4   0x080002e4   0x00000000   Code   RO         6838    .ARM.Collect$$libinit$$00000013  c_w.l(libinit2.o)
    0x080002e4   0x080002e4   0x00000000   Code   RO         6840    .ARM.Collect$$libinit$$00000015  c_w.l(libinit2.o)
    0x080002e4   0x080002e4   0x0000000a   Code   RO         6841    .ARM.Collect$$libinit$$00000016  c_w.l(libinit2.o)
    0x080002ee   0x080002ee   0x00000000   Code   RO         6842    .ARM.Collect$$libinit$$00000017  c_w.l(libinit2.o)
    0x080002ee   0x080002ee   0x00000000   Code   RO         6844    .ARM.Collect$$libinit$$00000019  c_w.l(libinit2.o)
    0x080002ee   0x080002ee   0x00000000   Code   RO         6846    .ARM.Collect$$libinit$$0000001B  c_w.l(libinit2.o)
    0x080002ee   0x080002ee   0x00000000   Code   RO         6848    .ARM.Collect$$libinit$$0000001D  c_w.l(libinit2.o)
    0x080002ee   0x080002ee   0x00000000   Code   RO         6850    .ARM.Collect$$libinit$$0000001F  c_w.l(libinit2.o)
    0x080002ee   0x080002ee   0x00000000   Code   RO         6852    .ARM.Collect$$libinit$$00000021  c_w.l(libinit2.o)
    0x080002ee   0x080002ee   0x00000000   Code   RO         6854    .ARM.Collect$$libinit$$00000023  c_w.l(libinit2.o)
    0x080002ee   0x080002ee   0x00000000   Code   RO         6856    .ARM.Collect$$libinit$$00000025  c_w.l(libinit2.o)
    0x080002ee   0x080002ee   0x00000000   Code   RO         6860    .ARM.Collect$$libinit$$0000002C  c_w.l(libinit2.o)
    0x080002ee   0x080002ee   0x00000000   Code   RO         6862    .ARM.Collect$$libinit$$0000002E  c_w.l(libinit2.o)
    0x080002ee   0x080002ee   0x00000000   Code   RO         6864    .ARM.Collect$$libinit$$00000030  c_w.l(libinit2.o)
    0x080002ee   0x080002ee   0x00000000   Code   RO         6866    .ARM.Collect$$libinit$$00000032  c_w.l(libinit2.o)
    0x080002ee   0x080002ee   0x00000002   Code   RO         6867    .ARM.Collect$$libinit$$00000033  c_w.l(libinit2.o)
    0x080002f0   0x080002f0   0x00000002   Code   RO         6898    .ARM.Collect$$libshutdown$$00000000  c_w.l(libshutdown.o)
    0x080002f2   0x080002f2   0x00000000   Code   RO         6907    .ARM.Collect$$libshutdown$$00000002  c_w.l(libshutdown2.o)
    0x080002f2   0x080002f2   0x00000000   Code   RO         6909    .ARM.Collect$$libshutdown$$00000004  c_w.l(libshutdown2.o)
    0x080002f2   0x080002f2   0x00000000   Code   RO         6911    .ARM.Collect$$libshutdown$$00000006  c_w.l(libshutdown2.o)
    0x080002f2   0x080002f2   0x00000000   Code   RO         6914    .ARM.Collect$$libshutdown$$00000009  c_w.l(libshutdown2.o)
    0x080002f2   0x080002f2   0x00000000   Code   RO         6917    .ARM.Collect$$libshutdown$$0000000C  c_w.l(libshutdown2.o)
    0x080002f2   0x080002f2   0x00000000   Code   RO         6919    .ARM.Collect$$libshutdown$$0000000E  c_w.l(libshutdown2.o)
    0x080002f2   0x080002f2   0x00000000   Code   RO         6922    .ARM.Collect$$libshutdown$$00000011  c_w.l(libshutdown2.o)
    0x080002f2   0x080002f2   0x00000002   Code   RO         6923    .ARM.Collect$$libshutdown$$00000012  c_w.l(libshutdown2.o)
    0x080002f4   0x080002f4   0x00000000   Code   RO         6608    .ARM.Collect$$rtentry$$00000000  c_w.l(__rtentry.o)
    0x080002f4   0x080002f4   0x00000000   Code   RO         6729    .ARM.Collect$$rtentry$$00000002  c_w.l(__rtentry2.o)
    0x080002f4   0x080002f4   0x00000006   Code   RO         6741    .ARM.Collect$$rtentry$$00000004  c_w.l(__rtentry4.o)
    0x080002fa   0x080002fa   0x00000000   Code   RO         6731    .ARM.Collect$$rtentry$$00000009  c_w.l(__rtentry2.o)
    0x080002fa   0x080002fa   0x00000004   Code   RO         6732    .ARM.Collect$$rtentry$$0000000A  c_w.l(__rtentry2.o)
    0x080002fe   0x080002fe   0x00000000   Code   RO         6734    .ARM.Collect$$rtentry$$0000000C  c_w.l(__rtentry2.o)
    0x080002fe   0x080002fe   0x00000008   Code   RO         6735    .ARM.Collect$$rtentry$$0000000D  c_w.l(__rtentry2.o)
    0x08000306   0x08000306   0x00000002   Code   RO         6868    .ARM.Collect$$rtexit$$00000000  c_w.l(rtexit.o)
    0x08000308   0x08000308   0x00000000   Code   RO         6878    .ARM.Collect$$rtexit$$00000002  c_w.l(rtexit2.o)
    0x08000308   0x08000308   0x00000004   Code   RO         6879    .ARM.Collect$$rtexit$$00000003  c_w.l(rtexit2.o)
    0x0800030c   0x0800030c   0x00000006   Code   RO         6880    .ARM.Collect$$rtexit$$00000004  c_w.l(rtexit2.o)
    0x08000312   0x08000312   0x00000002   PAD
    0x08000314   0x08000314   0x00000040   Code   RO            4    .text               startup_stm32f40_41xxx.o
    0x08000354   0x08000354   0x00000002   Code   RO         6499    .text               c_w.l(use_no_semi_2.o)
    0x08000356   0x08000356   0x00000002   PAD
    0x08000358   0x08000358   0x00000024   Code   RO         6501    .text               c_w.l(vsprintf.o)
    0x0800037c   0x0800037c   0x00000018   Code   RO         6503    .text               c_w.l(__2printf.o)
    0x08000394   0x08000394   0x00000052   Code   RO         6509    .text               c_w.l(_printf_str.o)
    0x080003e6   0x080003e6   0x00000002   PAD
    0x080003e8   0x080003e8   0x00000188   Code   RO         6528    .text               c_w.l(__printf_flags_ss_wp.o)
    0x08000570   0x08000570   0x0000003e   Code   RO         6534    .text               c_w.l(strlen.o)
    0x080005ae   0x080005ae   0x0000008a   Code   RO         6536    .text               c_w.l(rt_memcpy_v6.o)
    0x08000638   0x08000638   0x00000044   Code   RO         6538    .text               c_w.l(rt_memclr.o)
    0x0800067c   0x0800067c   0x0000004e   Code   RO         6540    .text               c_w.l(rt_memclr_w.o)
    0x080006ca   0x080006ca   0x00000002   PAD
    0x080006cc   0x080006cc   0x00000080   Code   RO         6542    .text               c_w.l(strcmpv7m.o)
    0x0800074c   0x0800074c   0x00000006   Code   RO         6544    .text               c_w.l(heapauxi.o)
    0x08000752   0x08000752   0x00000002   Code   RO         6606    .text               c_w.l(use_no_semi.o)
    0x08000754   0x08000754   0x00000016   Code   RO         6609    .text               c_w.l(_rserrno.o)
    0x0800076a   0x0800076a   0x0000004e   Code   RO         6611    .text               c_w.l(_printf_pad.o)
    0x080007b8   0x080007b8   0x00000024   Code   RO         6613    .text               c_w.l(_printf_truncate.o)
    0x080007dc   0x080007dc   0x00000078   Code   RO         6615    .text               c_w.l(_printf_dec.o)
    0x08000854   0x08000854   0x00000028   Code   RO         6617    .text               c_w.l(_printf_charcount.o)
    0x0800087c   0x0800087c   0x0000041e   Code   RO         6619    .text               c_w.l(_printf_fp_dec.o)
    0x08000c9a   0x08000c9a   0x00000002   PAD
    0x08000c9c   0x08000c9c   0x00000030   Code   RO         6621    .text               c_w.l(_printf_char_common.o)
    0x08000ccc   0x08000ccc   0x0000000a   Code   RO         6623    .text               c_w.l(_sputc.o)
    0x08000cd6   0x08000cd6   0x0000002c   Code   RO         6625    .text               c_w.l(_printf_char.o)
    0x08000d02   0x08000d02   0x00000002   PAD
    0x08000d04   0x08000d04   0x00000024   Code   RO         6627    .text               c_w.l(_printf_char_file.o)
    0x08000d28   0x08000d28   0x000000bc   Code   RO         6629    .text               c_w.l(_printf_wctomb.o)
    0x08000de4   0x08000de4   0x0000007c   Code   RO         6632    .text               c_w.l(_printf_longlong_dec.o)
    0x08000e60   0x08000e60   0x00000070   Code   RO         6638    .text               c_w.l(_printf_oct_int_ll.o)
    0x08000ed0   0x08000ed0   0x00000094   Code   RO         6658    .text               c_w.l(_printf_hex_int_ll_ptr.o)
    0x08000f64   0x08000f64   0x00000064   Code   RO         6682    .text               c_w.l(rt_memcpy_w.o)
    0x08000fc8   0x08000fc8   0x00000008   Code   RO         6746    .text               c_w.l(rt_locale_intlibspace.o)
    0x08000fd0   0x08000fd0   0x00000008   Code   RO         6751    .text               c_w.l(rt_errno_addr_intlibspace.o)
    0x08000fd8   0x08000fd8   0x0000008a   Code   RO         6753    .text               c_w.l(lludiv10.o)
    0x08001062   0x08001062   0x000000b2   Code   RO         6755    .text               c_w.l(_printf_intcommon.o)
    0x08001114   0x08001114   0x000002fc   Code   RO         6757    .text               c_w.l(_printf_fp_hex.o)
    0x08001410   0x08001410   0x00000080   Code   RO         6760    .text               c_w.l(_printf_fp_infnan.o)
    0x08001490   0x08001490   0x0000002c   Code   RO         6764    .text               c_w.l(_printf_wchar.o)
    0x080014bc   0x080014bc   0x000000e4   Code   RO         6766    .text               c_w.l(bigflt0.o)
    0x080015a0   0x080015a0   0x00000008   Code   RO         6791    .text               c_w.l(ferror.o)
    0x080015a8   0x080015a8   0x00000040   Code   RO         6795    .text               c_w.l(_wcrtomb.o)
    0x080015e8   0x080015e8   0x00000008   Code   RO         6808    .text               c_w.l(libspace.o)
    0x080015f0   0x080015f0   0x0000004a   Code   RO         6811    .text               c_w.l(sys_stackheap_outer.o)
    0x0800163a   0x0800163a   0x00000002   PAD
    0x0800163c   0x0800163c   0x00000010   Code   RO         6813    .text               c_w.l(rt_ctype_table.o)
    0x0800164c   0x0800164c   0x00000012   Code   RO         6815    .text               c_w.l(exit.o)
    0x0800165e   0x0800165e   0x0000003e   Code   RO         6769    CL$$btod_d2e        c_w.l(btod.o)
    0x0800169c   0x0800169c   0x00000046   Code   RO         6771    CL$$btod_d2e_denorm_low  c_w.l(btod.o)
    0x080016e2   0x080016e2   0x00000060   Code   RO         6770    CL$$btod_d2e_norm_op1  c_w.l(btod.o)
    0x08001742   0x08001742   0x00000338   Code   RO         6779    CL$$btod_div_common  c_w.l(btod.o)
    0x08001a7a   0x08001a7a   0x000000dc   Code   RO         6776    CL$$btod_e2e        c_w.l(btod.o)
    0x08001b56   0x08001b56   0x0000002a   Code   RO         6773    CL$$btod_ediv       c_w.l(btod.o)
    0x08001b80   0x08001b80   0x0000002a   Code   RO         6772    CL$$btod_emul       c_w.l(btod.o)
    0x08001baa   0x08001baa   0x00000244   Code   RO         6778    CL$$btod_mult_common  c_w.l(btod.o)
    0x08001dee   0x08001dee   0x00000002   PAD
    0x08001df0   0x08001df0   0x000000c8   Code   RO         6168    i.Balance_task      balance.o
    0x08001eb8   0x08001eb8   0x00000004   Code   RO         5396    i.BusFault_Handler  stm32f4xx_it.o
    0x08001ebc   0x08001ebc   0x00000058   Code   RO         5842    i.Calculate_Line_error  tracking.o
    0x08001f14   0x08001f14   0x00000094   Code   RO         5843    i.Deal_IR_Usart     tracking.o
    0x08001fa8   0x08001fa8   0x0000003c   Code   RO         5844    i.Deal_Usart_Data   tracking.o
    0x08001fe4   0x08001fe4   0x00000002   Code   RO         5397    i.DebugMon_Handler  stm32f4xx_it.o
    0x08001fe6   0x08001fe6   0x00000002   PAD
    0x08001fe8   0x08001fe8   0x000000b8   Code   RO         6169    i.Drive_Motor       balance.o
    0x080020a0   0x080020a0   0x00000028   Code   RO         5601    i.ESP8266_Command   esp8266.o
    0x080020c8   0x080020c8   0x0000004c   Code   RO         5602    i.ESP8266_Init      esp8266.o
    0x08002114   0x08002114   0x00000064   Code   RO         5603    i.ESP8266_RxCpltCallback  esp8266.o
    0x08002178   0x08002178   0x000000b8   Code   RO         5604    i.ESP8266_task      esp8266.o
    0x08002230   0x08002230   0x00000012   Code   RO         5532    i.EXTI0_IRQHandler  encoder.o
    0x08002242   0x08002242   0x00000002   PAD
    0x08002244   0x08002244   0x00000038   Code   RO         6005    i.EXTI15_10_IRQHandler  key.o
    0x0800227c   0x0800227c   0x00000014   Code   RO         5533    i.EXTI2_IRQHandler  encoder.o
    0x08002290   0x08002290   0x0000000c   Code   RO         1592    i.EXTI_ClearITPendingBit  stm32f4xx_exti.o
    0x0800229c   0x0800229c   0x00000018   Code   RO         1596    i.EXTI_GetITStatus  stm32f4xx_exti.o
    0x080022b4   0x080022b4   0x00000094   Code   RO         1597    i.EXTI_Init         stm32f4xx_exti.o
    0x08002348   0x08002348   0x000000e8   Code   RO         5534    i.Encoder_Init_TIM2  encoder.o
    0x08002430   0x08002430   0x000000bc   Code   RO         5535    i.Encoder_Init_TIM3  encoder.o
    0x080024ec   0x080024ec   0x0000002c   Code   RO         6170    i.FOCLoop_task      balance.o
    0x08002518   0x08002518   0x00000054   Code   RO         6171    i.FOC_Init          balance.o
    0x0800256c   0x0800256c   0x000002e4   Code   RO         6172    i.FOC_duty_Update   balance.o
    0x08002850   0x08002850   0x00000090   Code   RO         2114    i.GPIO_Init         stm32f4xx_gpio.o
    0x080028e0   0x080028e0   0x00000046   Code   RO         2115    i.GPIO_PinAFConfig  stm32f4xx_gpio.o
    0x08002926   0x08002926   0x00000012   Code   RO         2118    i.GPIO_ReadInputDataBit  stm32f4xx_gpio.o
    0x08002938   0x08002938   0x00000006   Code   RO         2121    i.GPIO_ResetBits    stm32f4xx_gpio.o
    0x0800293e   0x0800293e   0x00000004   Code   RO         2122    i.GPIO_SetBits      stm32f4xx_gpio.o
    0x08002942   0x08002942   0x00000002   PAD
    0x08002944   0x08002944   0x000000a0   Code   RO         6174    i.Get_Velocity_Form_Encoder  balance.o
    0x080029e4   0x080029e4   0x00000004   Code   RO         5398    i.HardFault_Handler  stm32f4xx_it.o
    0x080029e8   0x080029e8   0x0000003e   Code   RO         2411    i.I2C_CheckEvent    stm32f4xx_i2c.o
    0x08002a26   0x08002a26   0x00000018   Code   RO         2414    i.I2C_Cmd           stm32f4xx_i2c.o
    0x08002a3e   0x08002a3e   0x00000018   Code   RO         2422    i.I2C_GenerateSTART  stm32f4xx_i2c.o
    0x08002a56   0x08002a56   0x00000018   Code   RO         2423    i.I2C_GenerateSTOP  stm32f4xx_i2c.o
    0x08002a6e   0x08002a6e   0x0000003a   Code   RO         2424    i.I2C_GetFlagStatus  stm32f4xx_i2c.o
    0x08002aa8   0x08002aa8   0x000000e8   Code   RO         2429    i.I2C_Init          stm32f4xx_i2c.o
    0x08002b90   0x08002b90   0x00000010   Code   RO         2436    i.I2C_Send7bitAddress  stm32f4xx_i2c.o
    0x08002ba0   0x08002ba0   0x00000004   Code   RO         2437    i.I2C_SendData      stm32f4xx_i2c.o
    0x08002ba4   0x08002ba4   0x00000094   Code   RO         6368    i.IIC_init          oled.o
    0x08002c38   0x08002c38   0x00000084   Code   RO         6006    i.Key0_Init         key.o
    0x08002cbc   0x08002cbc   0x00000058   Code   RO         6177    i.Limit_Pwm         balance.o
    0x08002d14   0x08002d14   0x00000004   Code   RO         5399    i.MemManage_Handler  stm32f4xx_it.o
    0x08002d18   0x08002d18   0x00000030   Code   RO         5682    i.ModbusCRC_CheckTable  modbus.o
    0x08002d48   0x08002d48   0x00000002   Code   RO         5400    i.NMI_Handler       stm32f4xx_it.o
    0x08002d4a   0x08002d4a   0x00000002   PAD
    0x08002d4c   0x08002d4c   0x00000078   Code   RO          158    i.NVIC_Init         misc.o
    0x08002dc4   0x08002dc4   0x00000014   Code   RO          159    i.NVIC_PriorityGroupConfig  misc.o
    0x08002dd8   0x08002dd8   0x00000040   Code   RO         6373    i.OLED_ManualClear  oled.o
    0x08002e18   0x08002e18   0x00000038   Code   RO         6374    i.OLED_Printf       oled.o
    0x08002e50   0x08002e50   0x00000026   Code   RO         6375    i.OLED_SetCursor    oled.o
    0x08002e76   0x08002e76   0x00000002   PAD
    0x08002e78   0x08002e78   0x0000015c   Code   RO         6376    i.OLED_ShowChar     oled.o
    0x08002fd4   0x08002fd4   0x0000002a   Code   RO         6378    i.OLED_ShowString   oled.o
    0x08002ffe   0x08002ffe   0x00000002   PAD
    0x08003000   0x08003000   0x000000c0   Code   RO         6379    i.OLED_Update       oled.o
    0x080030c0   0x080030c0   0x00000088   Code   RO         6380    i.OLED_WriteCommand  oled.o
    0x08003148   0x08003148   0x0000009e   Code   RO         6382    i.OLED_init         oled.o
    0x080031e6   0x080031e6   0x00000002   Code   RO         5401    i.PendSV_Handler    stm32f4xx_it.o
    0x080031e8   0x080031e8   0x000000d0   Code   RO         5685    i.PowerMeter_DataAnalyse  modbus.o
    0x080032b8   0x080032b8   0x00000010   Code   RO         5687    i.PowerMeter_StartReceive  modbus.o
    0x080032c8   0x080032c8   0x00000020   Code   RO         3055    i.RCC_AHB1PeriphClockCmd  stm32f4xx_rcc.o
    0x080032e8   0x080032e8   0x00000020   Code   RO         3064    i.RCC_APB1PeriphClockCmd  stm32f4xx_rcc.o
    0x08003308   0x08003308   0x00000020   Code   RO         3067    i.RCC_APB2PeriphClockCmd  stm32f4xx_rcc.o
    0x08003328   0x08003328   0x000000e8   Code   RO         3076    i.RCC_GetClocksFreq  stm32f4xx_rcc.o
    0x08003410   0x08003410   0x00000020   Code   RO         5802    i.RGB_DeInit        rgb.o
    0x08003430   0x08003430   0x00000034   Code   RO         5803    i.RGB_Init          rgb.o
    0x08003464   0x08003464   0x00000038   Code   RO         5804    i.RGB_SelectiveLight  rgb.o
    0x0800349c   0x0800349c   0x0000003c   Code   RO         5537    i.Read_Encoder      encoder.o
    0x080034d8   0x080034d8   0x0000002c   Code   RO         5688    i.RegToFloat        modbus.o
    0x08003504   0x08003504   0x000000bc   Code   RO         6335    i.Robot_Init        robot_select_init.o
    0x080035c0   0x080035c0   0x0000008c   Code   RO         6336    i.Robot_Select      robot_select_init.o
    0x0800364c   0x0800364c   0x00000002   Code   RO         5402    i.SVC_Handler       stm32f4xx_it.o
    0x0800364e   0x0800364e   0x00000002   PAD
    0x08003650   0x08003650   0x00000040   Code   RO         4390    i.SYSCFG_EXTILineConfig  stm32f4xx_syscfg.o
    0x08003690   0x08003690   0x000000ec   Code   RO           13    i.SetSysClock       system_stm32f4xx.o
    0x0800377c   0x0800377c   0x00000050   Code   RO         6178    i.Set_Pwm           balance.o
    0x080037cc   0x080037cc   0x00000002   Code   RO         5403    i.SysTick_Handler   stm32f4xx_it.o
    0x080037ce   0x080037ce   0x00000002   PAD
    0x080037d0   0x080037d0   0x00000068   Code   RO           15    i.SystemInit        system_stm32f4xx.o
    0x08003838   0x08003838   0x0000003a   Code   RO         4450    i.TI1_Config        stm32f4xx_tim.o
    0x08003872   0x08003872   0x00000050   Code   RO         4451    i.TI2_Config        stm32f4xx_tim.o
    0x080038c2   0x080038c2   0x00000048   Code   RO         4452    i.TI3_Config        stm32f4xx_tim.o
    0x0800390a   0x0800390a   0x00000050   Code   RO         4453    i.TI4_Config        stm32f4xx_tim.o
    0x0800395a   0x0800395a   0x00000018   Code   RO         5538    i.TIM2_IRQHandler   encoder.o
    0x08003972   0x08003972   0x00000002   PAD
    0x08003974   0x08003974   0x00000018   Code   RO         5539    i.TIM3_IRQHandler   encoder.o
    0x0800398c   0x0800398c   0x000000e4   Code   RO         5475    i.TIM4_Init         brushlessmotor.o
    0x08003a70   0x08003a70   0x00000024   Code   RO         5972    i.TIM7_IRQHandler   timer.o
    0x08003a94   0x08003a94   0x00000078   Code   RO         5973    i.TIM7_Init         timer.o
    0x08003b0c   0x08003b0c   0x00000148   Code   RO         5476    i.TIM8_Init         brushlessmotor.o
    0x08003c54   0x08003c54   0x00000018   Code   RO         4454    i.TIM_ARRPreloadConfig  stm32f4xx_tim.o
    0x08003c6c   0x08003c6c   0x00000020   Code   RO         4455    i.TIM_BDTRConfig    stm32f4xx_tim.o
    0x08003c8c   0x08003c8c   0x00000012   Code   RO         4456    i.TIM_BDTRStructInit  stm32f4xx_tim.o
    0x08003c9e   0x08003c9e   0x00000006   Code   RO         4460    i.TIM_ClearFlag     stm32f4xx_tim.o
    0x08003ca4   0x08003ca4   0x00000006   Code   RO         4461    i.TIM_ClearITPendingBit  stm32f4xx_tim.o
    0x08003caa   0x08003caa   0x00000018   Code   RO         4466    i.TIM_Cmd           stm32f4xx_tim.o
    0x08003cc2   0x08003cc2   0x0000001e   Code   RO         4468    i.TIM_CtrlPWMOutputs  stm32f4xx_tim.o
    0x08003ce0   0x08003ce0   0x00000042   Code   RO         4475    i.TIM_EncoderInterfaceConfig  stm32f4xx_tim.o
    0x08003d22   0x08003d22   0x00000022   Code   RO         4487    i.TIM_GetITStatus   stm32f4xx_tim.o
    0x08003d44   0x08003d44   0x0000006e   Code   RO         4489    i.TIM_ICInit        stm32f4xx_tim.o
    0x08003db2   0x08003db2   0x00000012   Code   RO         4490    i.TIM_ICStructInit  stm32f4xx_tim.o
    0x08003dc4   0x08003dc4   0x00000012   Code   RO         4491    i.TIM_ITConfig      stm32f4xx_tim.o
    0x08003dd6   0x08003dd6   0x0000000c   Code   RO         4493    i.TIM_InternalClockConfig  stm32f4xx_tim.o
    0x08003de2   0x08003de2   0x00000002   PAD
    0x08003de4   0x08003de4   0x0000007c   Code   RO         4495    i.TIM_OC1Init       stm32f4xx_tim.o
    0x08003e60   0x08003e60   0x00000012   Code   RO         4498    i.TIM_OC1PreloadConfig  stm32f4xx_tim.o
    0x08003e72   0x08003e72   0x00000002   PAD
    0x08003e74   0x08003e74   0x000000a4   Code   RO         4500    i.TIM_OC2Init       stm32f4xx_tim.o
    0x08003f18   0x08003f18   0x0000001a   Code   RO         4503    i.TIM_OC2PreloadConfig  stm32f4xx_tim.o
    0x08003f32   0x08003f32   0x00000002   PAD
    0x08003f34   0x08003f34   0x000000a0   Code   RO         4505    i.TIM_OC3Init       stm32f4xx_tim.o
    0x08003fd4   0x08003fd4   0x00000012   Code   RO         4508    i.TIM_OC3PreloadConfig  stm32f4xx_tim.o
    0x08003fe6   0x08003fe6   0x00000002   PAD
    0x08003fe8   0x08003fe8   0x00000078   Code   RO         4510    i.TIM_OC4Init       stm32f4xx_tim.o
    0x08004060   0x08004060   0x0000001a   Code   RO         4512    i.TIM_OC4PreloadConfig  stm32f4xx_tim.o
    0x0800407a   0x0800407a   0x00000004   Code   RO         4528    i.TIM_SetCompare1   stm32f4xx_tim.o
    0x0800407e   0x0800407e   0x00000004   Code   RO         4529    i.TIM_SetCompare2   stm32f4xx_tim.o
    0x08004082   0x08004082   0x00000004   Code   RO         4530    i.TIM_SetCompare3   stm32f4xx_tim.o
    0x08004086   0x08004086   0x00000004   Code   RO         4531    i.TIM_SetCompare4   stm32f4xx_tim.o
    0x0800408a   0x0800408a   0x00000004   Code   RO         4532    i.TIM_SetCounter    stm32f4xx_tim.o
    0x0800408e   0x0800408e   0x00000012   Code   RO         4533    i.TIM_SetIC1Prescaler  stm32f4xx_tim.o
    0x080040a0   0x080040a0   0x0000001a   Code   RO         4534    i.TIM_SetIC2Prescaler  stm32f4xx_tim.o
    0x080040ba   0x080040ba   0x00000012   Code   RO         4535    i.TIM_SetIC3Prescaler  stm32f4xx_tim.o
    0x080040cc   0x080040cc   0x0000001a   Code   RO         4536    i.TIM_SetIC4Prescaler  stm32f4xx_tim.o
    0x080040e6   0x080040e6   0x00000002   PAD
    0x080040e8   0x080040e8   0x00000084   Code   RO         4538    i.TIM_TimeBaseInit  stm32f4xx_tim.o
    0x0800416c   0x0800416c   0x00000012   Code   RO         4539    i.TIM_TimeBaseStructInit  stm32f4xx_tim.o
    0x0800417e   0x0800417e   0x00000002   PAD
    0x08004180   0x08004180   0x0000002c   Code   RO         5846    i.Tracking_Init     tracking.o
    0x080041ac   0x080041ac   0x00000038   Code   RO         5847    i.Tracking_task     tracking.o
    0x080041e4   0x080041e4   0x00000040   Code   RO         5848    i.UART5_IRQHandler  tracking.o
    0x08004224   0x08004224   0x00000048   Code   RO         5689    i.USART2_IRQHandler  modbus.o
    0x0800426c   0x0800426c   0x00000030   Code   RO         5605    i.USART3_IRQHandler  esp8266.o
    0x0800429c   0x0800429c   0x00000020   Code   RO         5607    i.USART3_SendChar   esp8266.o
    0x080042bc   0x080042bc   0x00000016   Code   RO         5608    i.USART3_SendString  esp8266.o
    0x080042d2   0x080042d2   0x0000001c   Code   RO         5849    i.USART5_SEND       tracking.o
    0x080042ee   0x080042ee   0x0000001e   Code   RO         5020    i.USART_ClearITPendingBit  stm32f4xx_usart.o
    0x0800430c   0x0800430c   0x00000018   Code   RO         5023    i.USART_Cmd         stm32f4xx_usart.o
    0x08004324   0x08004324   0x0000001a   Code   RO         5026    i.USART_GetFlagStatus  stm32f4xx_usart.o
    0x0800433e   0x0800433e   0x00000054   Code   RO         5027    i.USART_GetITStatus  stm32f4xx_usart.o
    0x08004392   0x08004392   0x0000004a   Code   RO         5029    i.USART_ITConfig    stm32f4xx_usart.o
    0x080043dc   0x080043dc   0x000000d4   Code   RO         5030    i.USART_Init        stm32f4xx_usart.o
    0x080044b0   0x080044b0   0x0000000a   Code   RO         5037    i.USART_ReceiveData  stm32f4xx_usart.o
    0x080044ba   0x080044ba   0x00000008   Code   RO         5040    i.USART_SendData    stm32f4xx_usart.o
    0x080044c2   0x080044c2   0x00000004   Code   RO         5404    i.UsageFault_Handler  stm32f4xx_it.o
    0x080044c6   0x080044c6   0x00000030   Code   RO         6806    i.__ARM_fpclassify  m_wm.l(fpclassify.o)
    0x080044f6   0x080044f6   0x00000026   Code   RO         6709    i.__ARM_fpclassifyf  m_wm.l(fpclassifyf.o)
    0x0800451c   0x0800451c   0x00000048   Code   RO         6598    i.__hardfp_fmaxf    m_wm.l(fmaxf.o)
    0x08004564   0x08004564   0x00000048   Code   RO         6602    i.__hardfp_fminf    m_wm.l(fminf.o)
    0x080045ac   0x080045ac   0x000000b0   Code   RO         6562    i.__hardfp_fmodf    m_wm.l(fmodf.o)
    0x0800465c   0x0800465c   0x00000190   Code   RO         6574    i.__hardfp_sinf     m_wm.l(sinf.o)
    0x080047ec   0x080047ec   0x00000006   Code   RO         6712    i.__mathlib_flt_infnan  m_wm.l(funder.o)
    0x080047f2   0x080047f2   0x00000002   PAD
    0x080047f4   0x080047f4   0x00000010   Code   RO         6714    i.__mathlib_flt_invalid  m_wm.l(funder.o)
    0x08004804   0x08004804   0x00000010   Code   RO         6717    i.__mathlib_flt_underflow  m_wm.l(funder.o)
    0x08004814   0x08004814   0x00000154   Code   RO         6725    i.__mathlib_rredf2  m_wm.l(rredf.o)
    0x08004968   0x08004968   0x0000000e   Code   RO         6521    i._is_digit         c_w.l(__printf_wp.o)
    0x08004976   0x08004976   0x00000004   Code   RO         6102    i._sys_exit         usart.o
    0x0800497a   0x0800497a   0x00000018   Code   RO         6038    i.delay_ms          delay.o
    0x08004992   0x08004992   0x0000002c   Code   RO         6040    i.delay_us          delay.o
    0x080049be   0x080049be   0x00000002   PAD
    0x080049c0   0x080049c0   0x0000001c   Code   RO         6103    i.fputc             usart.o
    0x080049dc   0x080049dc   0x00000014   Code   RO         5283    i.main              main.o
    0x080049f0   0x080049f0   0x00000048   Code   RO         6300    i.systemInit        system.o
    0x08004a38   0x08004a38   0x0000002a   Code   RO         6182    i.target_limit_float  balance.o
    0x08004a62   0x08004a62   0x00000002   PAD
    0x08004a64   0x08004a64   0x000000b0   Code   RO         5930    i.uart2_init        usartx.o
    0x08004b14   0x08004b14   0x000000b0   Code   RO         5609    i.uart3_init        esp8266.o
    0x08004bc4   0x08004bc4   0x000000e0   Code   RO         5850    i.uart5_init        tracking.o
    0x08004ca4   0x08004ca4   0x00000018   Code   RO         5851    i.usart5_send       tracking.o
    0x08004cbc   0x08004cbc   0x0000002c   Code   RO         6798    locale$$code        c_w.l(lc_numeric_c.o)
    0x08004ce8   0x08004ce8   0x0000002c   Code   RO         6871    locale$$code        c_w.l(lc_ctype_c.o)
    0x08004d14   0x08004d14   0x00000062   Code   RO         6548    x$fpl$d2f           fz_wm.l(d2f.o)
    0x08004d76   0x08004d76   0x0000009c   Code   RO         6686    x$fpl$dnaninf       fz_wm.l(dnaninf.o)
    0x08004e12   0x08004e12   0x0000000c   Code   RO         6688    x$fpl$dretinf       fz_wm.l(dretinf.o)
    0x08004e1e   0x08004e1e   0x00000002   PAD
    0x08004e20   0x08004e20   0x00000056   Code   RO         6558    x$fpl$f2d           fz_wm.l(f2d.o)
    0x08004e76   0x08004e76   0x00000002   PAD
    0x08004e78   0x08004e78   0x00000052   Code   RO         6692    x$fpl$fcmp4         fz_wm.l(fcmp4.o)
    0x08004eca   0x08004eca   0x00000018   Code   RO         6802    x$fpl$fcmpinf       fz_wm.l(fcmpi.o)
    0x08004ee2   0x08004ee2   0x0000008c   Code   RO         6696    x$fpl$fnaninf       fz_wm.l(fnaninf.o)
    0x08004f6e   0x08004f6e   0x0000000a   Code   RO         6875    x$fpl$fpinit        fz_wm.l(fpinit.o)
    0x08004f78   0x08004f78   0x000000f4   Code   RO         6698    x$fpl$frem          fz_wm.l(frem_clz.o)
    0x0800506c   0x0800506c   0x0000000a   Code   RO         6700    x$fpl$fretinf       fz_wm.l(fretinf.o)
    0x08005076   0x08005076   0x00000004   Code   RO         6560    x$fpl$printf1       fz_wm.l(printf1.o)
    0x0800507a   0x0800507a   0x00000004   Code   RO         6702    x$fpl$printf2       fz_wm.l(printf2.o)
    0x0800507e   0x0800507e   0x00000000   Code   RO         6708    x$fpl$usenofp       fz_wm.l(usenofp.o)
    0x0800507e   0x0800507e   0x00000020   Data   RO         5692    .constdata          modbus.o
    0x0800509e   0x0800509e   0x00000002   PAD
    0x080050a0   0x080050a0   0x00000020   Data   RO         5853    .constdata          tracking.o
    0x080050c0   0x080050c0   0x000005f0   Data   RO         6483    .constdata          oled_data.o
    0x080056b0   0x080056b0   0x00000011   Data   RO         6529    .constdata          c_w.l(__printf_flags_ss_wp.o)
    0x080056c1   0x080056c1   0x00000003   PAD
    0x080056c4   0x080056c4   0x00000008   Data   RO         6630    .constdata          c_w.l(_printf_wctomb.o)
    0x080056cc   0x080056cc   0x00000028   Data   RO         6659    .constdata          c_w.l(_printf_hex_int_ll_ptr.o)
    0x080056f4   0x080056f4   0x00000020   Data   RO         6726    .constdata          m_wm.l(rredf.o)
    0x08005714   0x08005714   0x00000026   Data   RO         6758    .constdata          c_w.l(_printf_fp_hex.o)
    0x0800573a   0x0800573a   0x00000002   PAD
    0x0800573c   0x0800573c   0x00000094   Data   RO         6767    .constdata          c_w.l(bigflt0.o)
    0x080057d0   0x080057d0   0x00000020   Data   RO         6948    Region$$Table       anon$$obj.o
    0x080057f0   0x080057f0   0x0000001c   Data   RO         6797    locale$$data        c_w.l(lc_numeric_c.o)
    0x0800580c   0x0800580c   0x00000110   Data   RO         6870    locale$$data        c_w.l(lc_ctype_c.o)


    Execution Region RW_IRAM1 (Exec base: 0x20000000, Load base: 0x0800591c, Size: 0x00002360, Max: 0x00020000, ABSOLUTE, COMPRESSED[0x000000a4])

    Exec Addr    Load Addr    Size         Type   Attr      Idx    E Section Name        Object

    0x20000000   COMPRESSED   0x00000010   Data   RW         3108    .data               stm32f4xx_rcc.o
    0x20000010   COMPRESSED   0x00000094   Data   RW         5611    .data               esp8266.o
    0x200000a4   COMPRESSED   0x0000000d   Data   RW         5693    .data               modbus.o
    0x200000b1   COMPRESSED   0x0000000b   Data   RW         5854    .data               tracking.o
    0x200000bc   COMPRESSED   0x00000006   Data   RW         6106    .data               usart.o
    0x200000c2   COMPRESSED   0x00000002   PAD
    0x200000c4   COMPRESSED   0x00000030   Data   RW         6185    .data               balance.o
    0x200000f4   COMPRESSED   0x000000b0   Data   RW         6302    .data               system.o
    0x200001a4        -       0x00000fa0   Zero   RW         5610    .bss                esp8266.o
    0x20001144        -       0x00000048   Zero   RW         5691    .bss                modbus.o
    0x2000118c        -       0x000000c8   Zero   RW         5852    .bss                tracking.o
    0x20001254        -       0x000005bc   Zero   RW         6184    .bss                balance.o
    0x20001810        -       0x000000d8   Zero   RW         6301    .bss                system.o
    0x200018e8        -       0x00000018   Zero   RW         6337    .bss                robot_select_init.o
    0x20001900        -       0x00000400   Zero   RW         6383    .bss                oled.o
    0x20001d00        -       0x00000060   Zero   RW         6809    .bss                c_w.l(libspace.o)
    0x20001d60        -       0x00000200   Zero   RW            2    HEAP                startup_stm32f40_41xxx.o
    0x20001f60        -       0x00000400   Zero   RW            1    STACK               startup_stm32f40_41xxx.o


==============================================================================

Image component sizes


      Code (inc. data)   RO Data    RW Data    ZI Data      Debug   Object Name

      1622        172          0         48       1468      18162   balance.o
       556         16          0          0          0       1640   brushlessmotor.o
        68          0          0          0          0       1114   delay.o
       566         26          0          0          0       4253   encoder.o
       678        140          0        148       4000       6372   esp8266.o
       188         10          0          0          0       1235   key.o
        20          0          0          0          0     246541   main.o
       140         24          0          0          0     240951   misc.o
       388         42         32         13         72       5023   modbus.o
      1182         72          0          0       1024       6783   oled.o
         0          0       1520          0          0        780   oled_data.o
       140         16          0          0          0       1665   rgb.o
       328         70          0          0         24       1873   robot_select_init.o
        64         26        392          0       1536        912   startup_stm32f40_41xxx.o
         0          0          0          0          0      15408   stm32f4xx_dfsdm.o
       184         16          0          0          0       4756   stm32f4xx_exti.o
       242          0          0          0          0      10891   stm32f4xx_gpio.o
       444         14          0          0          0      14078   stm32f4xx_i2c.o
        26          0          0          0          0       4478   stm32f4xx_it.o
       328         36          0         16          0       4943   stm32f4xx_rcc.o
        64          4          0          0          0        680   stm32f4xx_syscfg.o
      1602         66          0          0          0      43885   stm32f4xx_tim.o
       468          8          0          0          0      12523   stm32f4xx_usart.o
        72          0          0        176        216       5115   system.o
       340         32          0          0          0      62605   system_stm32f4xx.o
       156          8          0          0          0       1170   timer.o
       736         86         32         11        200       6905   tracking.o
        32          4          0          6          0     240708   usart.o
       176         10          0          0          0        769   usartx.o

    ----------------------------------------------------------------------
     10844        898       2010        420       8540     966218   Object Totals
         0          0         32          0          0          0   (incl. Generated)
        34          0          2          2          0          0   (incl. Padding)

    ----------------------------------------------------------------------

      Code (inc. data)   RO Data    RW Data    ZI Data      Debug   Library Member Name

        24          4          0          0          0         84   __2printf.o
        90          0          0          0          0          0   __dczerorl2.o
         8          0          0          0          0         68   __main.o
       392          4         17          0          0         92   __printf_flags_ss_wp.o
        14          0          0          0          0         68   __printf_wp.o
         0          0          0          0          0          0   __rtentry.o
        12          0          0          0          0          0   __rtentry2.o
         6          0          0          0          0          0   __rtentry4.o
        52          8          0          0          0          0   __scatter.o
        28          0          0          0          0          0   __scatter_zi.o
         6          0          0          0          0          0   _printf_a.o
         6          0          0          0          0          0   _printf_c.o
        44          0          0          0          0        108   _printf_char.o
        48          6          0          0          0         96   _printf_char_common.o
        36          4          0          0          0         80   _printf_char_file.o
        40          0          0          0          0         68   _printf_charcount.o
         6          0          0          0          0          0   _printf_d.o
       120         16          0          0          0         92   _printf_dec.o
         6          0          0          0          0          0   _printf_e.o
         6          0          0          0          0          0   _printf_f.o
      1054          0          0          0          0        216   _printf_fp_dec.o
       764          8         38          0          0        100   _printf_fp_hex.o
       128         16          0          0          0         84   _printf_fp_infnan.o
         6          0          0          0          0          0   _printf_g.o
       148          4         40          0          0        160   _printf_hex_int_ll_ptr.o
         6          0          0          0          0          0   _printf_i.o
       178          0          0          0          0         88   _printf_intcommon.o
        10          0          0          0          0          0   _printf_l.o
         6          0          0          0          0          0   _printf_lc.o
        10          0          0          0          0          0   _printf_ll.o
         6          0          0          0          0          0   _printf_lld.o
         6          0          0          0          0          0   _printf_lli.o
         6          0          0          0          0          0   _printf_llo.o
         6          0          0          0          0          0   _printf_llu.o
         6          0          0          0          0          0   _printf_llx.o
       124         16          0          0          0         92   _printf_longlong_dec.o
         6          0          0          0          0          0   _printf_ls.o
         6          0          0          0          0          0   _printf_n.o
         6          0          0          0          0          0   _printf_o.o
       112         10          0          0          0        124   _printf_oct_int_ll.o
         6          0          0          0          0          0   _printf_p.o
        78          0          0          0          0        108   _printf_pad.o
         0          0          0          0          0          0   _printf_percent.o
         4          0          0          0          0          0   _printf_percent_end.o
         6          0          0          0          0          0   _printf_s.o
        82          0          0          0          0         80   _printf_str.o
        36          0          0          0          0         84   _printf_truncate.o
         6          0          0          0          0          0   _printf_u.o
        44          0          0          0          0        108   _printf_wchar.o
       188          6          8          0          0         92   _printf_wctomb.o
         6          0          0          0          0          0   _printf_x.o
        22          0          0          0          0        100   _rserrno.o
        10          0          0          0          0         68   _sputc.o
        64          0          0          0          0         92   _wcrtomb.o
       228          4        148          0          0         96   bigflt0.o
      1936        128          0          0          0        672   btod.o
        18          0          0          0          0         80   exit.o
         8          0          0          0          0         68   ferror.o
         6          0          0          0          0        152   heapauxi.o
        44         10        272          0          0         76   lc_ctype_c.o
        44         10         28          0          0         76   lc_numeric_c.o
         2          0          0          0          0          0   libinit.o
        34          0          0          0          0          0   libinit2.o
         2          0          0          0          0          0   libshutdown.o
         2          0          0          0          0          0   libshutdown2.o
         8          4          0          0         96         68   libspace.o
       138          0          0          0          0         80   lludiv10.o
        16          4          0          0          0         76   rt_ctype_table.o
         8          4          0          0          0         68   rt_errno_addr_intlibspace.o
         8          4          0          0          0         68   rt_locale_intlibspace.o
        68          0          0          0          0         68   rt_memclr.o
        78          0          0          0          0         80   rt_memclr_w.o
       138          0          0          0          0         68   rt_memcpy_v6.o
       100          0          0          0          0         80   rt_memcpy_w.o
         2          0          0          0          0          0   rtexit.o
        10          0          0          0          0          0   rtexit2.o
       128          0          0          0          0         68   strcmpv7m.o
        62          0          0          0          0         76   strlen.o
        74          0          0          0          0         80   sys_stackheap_outer.o
         2          0          0          0          0         68   use_no_semi.o
         2          0          0          0          0         68   use_no_semi_2.o
        36          4          0          0          0         76   vsprintf.o
        98          4          0          0          0        140   d2f.o
       156          4          0          0          0        140   dnaninf.o
        12          0          0          0          0        116   dretinf.o
        86          4          0          0          0        132   f2d.o
        82          4          0          0          0        160   fcmp4.o
        24          0          0          0          0        116   fcmpi.o
       140          4          0          0          0        132   fnaninf.o
        10          0          0          0          0        116   fpinit.o
       244          8          0          0          0        132   frem_clz.o
        10          0          0          0          0        116   fretinf.o
         4          0          0          0          0        116   printf1.o
         4          0          0          0          0        116   printf2.o
         0          0          0          0          0          0   usenofp.o
        72          0          0          0          0        148   fmaxf.o
        72          0          0          0          0        148   fminf.o
       176          0          0          0          0        168   fmodf.o
        48          0          0          0          0        124   fpclassify.o
        38          0          0          0          0        116   fpclassifyf.o
        38         12          0          0          0        348   funder.o
       340         24         32          0          0        160   rredf.o
       400         56          0          0          0        212   sinf.o

    ----------------------------------------------------------------------
      9370        394        588          0         96       7620   Library Totals
        24          0          5          0          0          0   (incl. Padding)

    ----------------------------------------------------------------------

      Code (inc. data)   RO Data    RW Data    ZI Data      Debug   Library Name

      7292        274        551          0         96       4664   c_w.l
       870         28          0          0          0       1532   fz_wm.l
      1184         92         32          0          0       1424   m_wm.l

    ----------------------------------------------------------------------
      9370        394        588          0         96       7620   Library Totals

    ----------------------------------------------------------------------

==============================================================================


      Code (inc. data)   RO Data    RW Data    ZI Data      Debug   

     20214       1292       2598        420       8636     955838   Grand Totals
     20214       1292       2598        164       8636     955838   ELF Image Totals (compressed)
     20214       1292       2598        164          0          0   ROM Totals

==============================================================================

    Total RO  Size (Code + RO Data)                22812 (  22.28kB)
    Total RW  Size (RW Data + ZI Data)              9056 (   8.84kB)
    Total ROM Size (Code + RO Data + RW Data)      22976 (  22.44kB)

==============================================================================

